  Identification des projets à restaurer...
C:\Users\LEGION\source\repos\PGSH\PGSH.ServiceDefaults\PGSH.ServiceDefaults.csproj : warning NU1902: Le package 'OpenTelemetry.Exporter.OpenTelemetryProtocol' 1.9.0 présente une vulnérabilité de gravité moyenne connue, https://github.com/advisories/GHSA-4625-4j76-fww9. [C:\Users\LEGION\source\repos\PGSH\PGSH.API\PGSH.API.csproj]
  Tous les projets sont à jour pour la restauration.
C:\Program Files\dotnet\sdk\9.0.310\Microsoft.Common.CurrentVersion.targets(5932,5): warning MSB3061: Impossible de supprimer le fichier « C:\Users\LEGION\source\repos\PGSH\PGSH.API\bin\Debug\net9.0\PGSH.API.exe ». Access to the path 'C:\Users\LEGION\source\repos\PGSH\PGSH.API\bin\Debug\net9.0\PGSH.API.exe' is denied. Le fichier est verrouillé par : "PGSH.API (22380)" [C:\Users\LEGION\source\repos\PGSH\PGSH.API\PGSH.API.csproj]
C:\Program Files\dotnet\sdk\9.0.310\Microsoft.Common.CurrentVersion.targets(5932,5): warning MSB3061: Impossible de supprimer le fichier « C:\Users\LEGION\source\repos\PGSH\PGSH.API\bin\Debug\net9.0\PGSH.API.dll ». Access to the path 'C:\Users\LEGION\source\repos\PGSH\PGSH.API\bin\Debug\net9.0\PGSH.API.dll' is denied. Le fichier est verrouillé par : "Microsoft Visual Studio 2022 (32344), PGSH.API (22380)" [C:\Users\LEGION\source\repos\PGSH\PGSH.API\PGSH.API.csproj]
C:\Program Files\dotnet\sdk\9.0.310\Microsoft.Common.CurrentVersion.targets(5932,5): warning MSB3061: Impossible de supprimer le fichier « C:\Users\LEGION\source\repos\PGSH\PGSH.API\bin\Debug\net9.0\Aspire.Keycloak.Authentication.dll ». Access to the path 'C:\Users\LEGION\source\repos\PGSH\PGSH.API\bin\Debug\net9.0\Aspire.Keycloak.Authentication.dll' is denied. Le fichier est verrouillé par : "PGSH.API (22380)" [C:\Users\LEGION\source\repos\PGSH\PGSH.API\PGSH.API.csproj]
C:\Program Files\dotnet\sdk\9.0.310\Microsoft.Common.CurrentVersion.targets(5932,5): warning MSB3061: Impossible de supprimer le fichier « C:\Users\LEGION\source\repos\PGSH\PGSH.API\bin\Debug\net9.0\Aspire.Npgsql.EntityFrameworkCore.PostgreSQL.dll ». Access to the path 'C:\Users\LEGION\source\repos\PGSH\PGSH.API\bin\Debug\net9.0\Aspire.Npgsql.EntityFrameworkCore.PostgreSQL.dll' is denied. Le fichier est verrouillé par : "PGSH.API (22380)" [C:\Users\LEGION\source\repos\PGSH\PGSH.API\PGSH.API.csproj]
C:\Program Files\dotnet\sdk\9.0.310\Microsoft.Common.CurrentVersion.targets(5932,5): warning MSB3061: Impossible de supprimer le fichier « C:\Users\LEGION\source\repos\PGSH\PGSH.API\bin\Debug\net9.0\FluentValidation.dll ». Access to the path 'C:\Users\LEGION\source\repos\PGSH\PGSH.API\bin\Debug\net9.0\FluentValidation.dll' is denied. Le fichier est verrouillé par : "Microsoft Visual Studio 2022 (32344), PGSH.API (22380)" [C:\Users\LEGION\source\repos\PGSH\PGSH.API\PGSH.API.csproj]
C:\Program Files\dotnet\sdk\9.0.310\Microsoft.Common.CurrentVersion.targets(5932,5): warning MSB3061: Impossible de supprimer le fichier « C:\Users\LEGION\source\repos\PGSH\PGSH.API\bin\Debug\net9.0\FluentValidation.DependencyInjectionExtensions.dll ». Access to the path 'C:\Users\LEGION\source\repos\PGSH\PGSH.API\bin\Debug\net9.0\FluentValidation.DependencyInjectionExtensions.dll' is denied. Le fichier est verrouillé par : "PGSH.API (22380)" [C:\Users\LEGION\source\repos\PGSH\PGSH.API\PGSH.API.csproj]
C:\Program Files\dotnet\sdk\9.0.310\Microsoft.Common.CurrentVersion.targets(5932,5): warning MSB3061: Impossible de supprimer le fichier « C:\Users\LEGION\source\repos\PGSH\PGSH.API\bin\Debug\net9.0\Google.Protobuf.dll ». Access to the path 'C:\Users\LEGION\source\repos\PGSH\PGSH.API\bin\Debug\net9.0\Google.Protobuf.dll' is denied. Le fichier est verrouillé par : "Microsoft Visual Studio 2022 (32344), PGSH.API (22380)" [C:\Users\LEGION\source\repos\PGSH\PGSH.API\PGSH.API.csproj]
C:\Program Files\dotnet\sdk\9.0.310\Microsoft.Common.CurrentVersion.targets(5932,5): warning MSB3061: Impossible de supprimer le fichier « C:\Users\LEGION\source\repos\PGSH\PGSH.API\bin\Debug\net9.0\Grpc.Core.Api.dll ». Access to the path 'C:\Users\LEGION\source\repos\PGSH\PGSH.API\bin\Debug\net9.0\Grpc.Core.Api.dll' is denied. Le fichier est verrouillé par : "PGSH.API (22380)" [C:\Users\LEGION\source\repos\PGSH\PGSH.API\PGSH.API.csproj]
C:\Program Files\dotnet\sdk\9.0.310\Microsoft.Common.CurrentVersion.targets(5932,5): warning MSB3061: Impossible de supprimer le fichier « C:\Users\LEGION\source\repos\PGSH\PGSH.API\bin\Debug\net9.0\Grpc.Net.Client.dll ». Access to the path 'C:\Users\LEGION\source\repos\PGSH\PGSH.API\bin\Debug\net9.0\Grpc.Net.Client.dll' is denied. Le fichier est verrouillé par : "Microsoft Visual Studio 2022 (32344), PGSH.API (22380)" [C:\Users\LEGION\source\repos\PGSH\PGSH.API\PGSH.API.csproj]
C:\Program Files\dotnet\sdk\9.0.310\Microsoft.Common.CurrentVersion.targets(5932,5): warning MSB3061: Impossible de supprimer le fichier « C:\Users\LEGION\source\repos\PGSH\PGSH.API\bin\Debug\net9.0\Grpc.Net.Common.dll ». Access to the path 'C:\Users\LEGION\source\repos\PGSH\PGSH.API\bin\Debug\net9.0\Grpc.Net.Common.dll' is denied. Le fichier est verrouillé par : "PGSH.API (22380)" [C:\Users\LEGION\source\repos\PGSH\PGSH.API\PGSH.API.csproj]
C:\Program Files\dotnet\sdk\9.0.310\Microsoft.Common.CurrentVersion.targets(5932,5): warning MSB3061: Impossible de supprimer le fichier « C:\Users\LEGION\source\repos\PGSH\PGSH.API\bin\Debug\net9.0\MediatR.dll ». Access to the path 'C:\Users\LEGION\source\repos\PGSH\PGSH.API\bin\Debug\net9.0\MediatR.dll' is denied. Le fichier est verrouillé par : "Microsoft Visual Studio 2022 (32344), PGSH.API (22380)" [C:\Users\LEGION\source\repos\PGSH\PGSH.API\PGSH.API.csproj]
C:\Program Files\dotnet\sdk\9.0.310\Microsoft.Common.CurrentVersion.targets(5932,5): warning MSB3061: Impossible de supprimer le fichier « C:\Users\LEGION\source\repos\PGSH\PGSH.API\bin\Debug\net9.0\MediatR.Contracts.dll ». Access to the path 'C:\Users\LEGION\source\repos\PGSH\PGSH.API\bin\Debug\net9.0\MediatR.Contracts.dll' is denied. Le fichier est verrouillé par : "PGSH.API (22380)" [C:\Users\LEGION\source\repos\PGSH\PGSH.API\PGSH.API.csproj]
C:\Program Files\dotnet\sdk\9.0.310\Microsoft.Common.CurrentVersion.targets(5932,5): warning MSB3061: Impossible de supprimer le fichier « C:\Users\LEGION\source\repos\PGSH\PGSH.API\bin\Debug\net9.0\Microsoft.AspNetCore.Authentication.JwtBearer.dll ». Access to the path 'C:\Users\LEGION\source\repos\PGSH\PGSH.API\bin\Debug\net9.0\Microsoft.AspNetCore.Authentication.JwtBearer.dll' is denied. Le fichier est verrouillé par : "PGSH.API (22380)" [C:\Users\LEGION\source\repos\PGSH\PGSH.API\PGSH.API.csproj]
C:\Program Files\dotnet\sdk\9.0.310\Microsoft.Common.CurrentVersion.targets(5932,5): warning MSB3061: Impossible de supprimer le fichier « C:\Users\LEGION\source\repos\PGSH\PGSH.API\bin\Debug\net9.0\Microsoft.AspNetCore.OpenApi.dll ». Access to the path 'C:\Users\LEGION\source\repos\PGSH\PGSH.API\bin\Debug\net9.0\Microsoft.AspNetCore.OpenApi.dll' is denied. Le fichier est verrouillé par : "Microsoft Visual Studio 2022 (32344), PGSH.API (22380)" [C:\Users\LEGION\source\repos\PGSH\PGSH.API\PGSH.API.csproj]
C:\Program Files\dotnet\sdk\9.0.310\Microsoft.Common.CurrentVersion.targets(5932,5): warning MSB3061: Impossible de supprimer le fichier « C:\Users\LEGION\source\repos\PGSH\PGSH.API\bin\Debug\net9.0\Microsoft.EntityFrameworkCore.dll ». Access to the path 'C:\Users\LEGION\source\repos\PGSH\PGSH.API\bin\Debug\net9.0\Microsoft.EntityFrameworkCore.dll' is denied. Le fichier est verrouillé par : "Microsoft Visual Studio 2022 (32344), PGSH.API (22380)" [C:\Users\LEGION\source\repos\PGSH\PGSH.API\PGSH.API.csproj]
C:\Program Files\dotnet\sdk\9.0.310\Microsoft.Common.CurrentVersion.targets(5932,5): warning MSB3061: Impossible de supprimer le fichier « C:\Users\LEGION\source\repos\PGSH\PGSH.API\bin\Debug\net9.0\Microsoft.EntityFrameworkCore.Abstractions.dll ». Access to the path 'C:\Users\LEGION\source\repos\PGSH\PGSH.API\bin\Debug\net9.0\Microsoft.EntityFrameworkCore.Abstractions.dll' is denied. Le fichier est verrouillé par : "PGSH.API (22380)" [C:\Users\LEGION\source\repos\PGSH\PGSH.API\PGSH.API.csproj]
C:\Program Files\dotnet\sdk\9.0.310\Microsoft.Common.CurrentVersion.targets(5932,5): warning MSB3061: Impossible de supprimer le fichier « C:\Users\LEGION\source\repos\PGSH\PGSH.API\bin\Debug\net9.0\Microsoft.EntityFrameworkCore.Relational.dll ». Access to the path 'C:\Users\LEGION\source\repos\PGSH\PGSH.API\bin\Debug\net9.0\Microsoft.EntityFrameworkCore.Relational.dll' is denied. Le fichier est verrouillé par : "Microsoft Visual Studio 2022 (32344), PGSH.API (22380)" [C:\Users\LEGION\source\repos\PGSH\PGSH.API\PGSH.API.csproj]
C:\Program Files\dotnet\sdk\9.0.310\Microsoft.Common.CurrentVersion.targets(5932,5): warning MSB3061: Impossible de supprimer le fichier « C:\Users\LEGION\source\repos\PGSH\PGSH.API\bin\Debug\net9.0\Microsoft.Extensions.DependencyModel.dll ». Access to the path 'C:\Users\LEGION\source\repos\PGSH\PGSH.API\bin\Debug\net9.0\Microsoft.Extensions.DependencyModel.dll' is denied. Le fichier est verrouillé par : "Microsoft Visual Studio 2022 (32344), PGSH.API (22380)" [C:\Users\LEGION\source\repos\PGSH\PGSH.API\PGSH.API.csproj]
C:\Program Files\dotnet\sdk\9.0.310\Microsoft.Common.CurrentVersion.targets(5932,5): warning MSB3061: Impossible de supprimer le fichier « C:\Users\LEGION\source\repos\PGSH\PGSH.API\bin\Debug\net9.0\Microsoft.Extensions.Diagnostics.ExceptionSummarization.dll ». Access to the path 'C:\Users\LEGION\source\repos\PGSH\PGSH.API\bin\Debug\net9.0\Microsoft.Extensions.Diagnostics.ExceptionSummarization.dll' is denied. Le fichier est verrouillé par : "PGSH.API (22380)" [C:\Users\LEGION\source\repos\PGSH\PGSH.API\PGSH.API.csproj]
C:\Program Files\dotnet\sdk\9.0.310\Microsoft.Common.CurrentVersion.targets(5932,5): warning MSB3061: Impossible de supprimer le fichier « C:\Users\LEGION\source\repos\PGSH\PGSH.API\bin\Debug\net9.0\Microsoft.Extensions.Diagnostics.HealthChecks.EntityFrameworkCore.dll ». Access to the path 'C:\Users\LEGION\source\repos\PGSH\PGSH.API\bin\Debug\net9.0\Microsoft.Extensions.Diagnostics.HealthChecks.EntityFrameworkCore.dll' is denied. Le fichier est verrouillé par : "PGSH.API (22380)" [C:\Users\LEGION\source\repos\PGSH\PGSH.API\PGSH.API.csproj]
C:\Program Files\dotnet\sdk\9.0.310\Microsoft.Common.CurrentVersion.targets(5932,5): warning MSB3061: Impossible de supprimer le fichier « C:\Users\LEGION\source\repos\PGSH\PGSH.API\bin\Debug\net9.0\Microsoft.Extensions.Http.Diagnostics.dll ». Access to the path 'C:\Users\LEGION\source\repos\PGSH\PGSH.API\bin\Debug\net9.0\Microsoft.Extensions.Http.Diagnostics.dll' is denied. Le fichier est verrouillé par : "Microsoft Visual Studio 2022 (32344), PGSH.API (22380)" [C:\Users\LEGION\source\repos\PGSH\PGSH.API\PGSH.API.csproj]
C:\Program Files\dotnet\sdk\9.0.310\Microsoft.Common.CurrentVersion.targets(5932,5): warning MSB3061: Impossible de supprimer le fichier « C:\Users\LEGION\source\repos\PGSH\PGSH.API\bin\Debug\net9.0\Microsoft.Extensions.Http.Resilience.dll ». Access to the path 'C:\Users\LEGION\source\repos\PGSH\PGSH.API\bin\Debug\net9.0\Microsoft.Extensions.Http.Resilience.dll' is denied. Le fichier est verrouillé par : "Microsoft Visual Studio 2022 (32344), PGSH.API (22380)" [C:\Users\LEGION\source\repos\PGSH\PGSH.API\PGSH.API.csproj]
C:\Program Files\dotnet\sdk\9.0.310\Microsoft.Common.CurrentVersion.targets(5932,5): warning MSB3061: Impossible de supprimer le fichier « C:\Users\LEGION\source\repos\PGSH\PGSH.API\bin\Debug\net9.0\Microsoft.Extensions.ServiceDiscovery.dll ». Access to the path 'C:\Users\LEGION\source\repos\PGSH\PGSH.API\bin\Debug\net9.0\Microsoft.Extensions.ServiceDiscovery.dll' is denied. Le fichier est verrouillé par : "Microsoft Visual Studio 2022 (32344), PGSH.API (22380)" [C:\Users\LEGION\source\repos\PGSH\PGSH.API\PGSH.API.csproj]
C:\Program Files\dotnet\sdk\9.0.310\Microsoft.Common.CurrentVersion.targets(5932,5): warning MSB3061: Impossible de supprimer le fichier « C:\Users\LEGION\source\repos\PGSH\PGSH.API\bin\Debug\net9.0\Microsoft.Extensions.ServiceDiscovery.Abstractions.dll ». Access to the path 'C:\Users\LEGION\source\repos\PGSH\PGSH.API\bin\Debug\net9.0\Microsoft.Extensions.ServiceDiscovery.Abstractions.dll' is denied. Le fichier est verrouillé par : "PGSH.API (22380)" [C:\Users\LEGION\source\repos\PGSH\PGSH.API\PGSH.API.csproj]
C:\Program Files\dotnet\sdk\9.0.310\Microsoft.Common.CurrentVersion.targets(5932,5): warning MSB3061: Impossible de supprimer le fichier « C:\Users\LEGION\source\repos\PGSH\PGSH.API\bin\Debug\net9.0\Microsoft.Extensions.Telemetry.dll ». Access to the path 'C:\Users\LEGION\source\repos\PGSH\PGSH.API\bin\Debug\net9.0\Microsoft.Extensions.Telemetry.dll' is denied. Le fichier est verrouillé par : "Microsoft Visual Studio 2022 (32344), PGSH.API (22380)" [C:\Users\LEGION\source\repos\PGSH\PGSH.API\PGSH.API.csproj]
C:\Program Files\dotnet\sdk\9.0.310\Microsoft.Common.CurrentVersion.targets(5932,5): warning MSB3061: Impossible de supprimer le fichier « C:\Users\LEGION\source\repos\PGSH\PGSH.API\bin\Debug\net9.0\Microsoft.Extensions.Telemetry.Abstractions.dll ». Access to the path 'C:\Users\LEGION\source\repos\PGSH\PGSH.API\bin\Debug\net9.0\Microsoft.Extensions.Telemetry.Abstractions.dll' is denied. Le fichier est verrouillé par : "PGSH.API (22380)" [C:\Users\LEGION\source\repos\PGSH\PGSH.API\PGSH.API.csproj]
C:\Program Files\dotnet\sdk\9.0.310\Microsoft.Common.CurrentVersion.targets(5932,5): warning MSB3061: Impossible de supprimer le fichier « C:\Users\LEGION\source\repos\PGSH\PGSH.API\bin\Debug\net9.0\Microsoft.IdentityModel.Abstractions.dll ». Access to the path 'C:\Users\LEGION\source\repos\PGSH\PGSH.API\bin\Debug\net9.0\Microsoft.IdentityModel.Abstractions.dll' is denied. Le fichier est verrouillé par : "PGSH.API (22380)" [C:\Users\LEGION\source\repos\PGSH\PGSH.API\PGSH.API.csproj]
C:\Program Files\dotnet\sdk\9.0.310\Microsoft.Common.CurrentVersion.targets(5932,5): warning MSB3061: Impossible de supprimer le fichier « C:\Users\LEGION\source\repos\PGSH\PGSH.API\bin\Debug\net9.0\Microsoft.IdentityModel.JsonWebTokens.dll ». Access to the path 'C:\Users\LEGION\source\repos\PGSH\PGSH.API\bin\Debug\net9.0\Microsoft.IdentityModel.JsonWebTokens.dll' is denied. Le fichier est verrouillé par : "Microsoft Visual Studio 2022 (32344), PGSH.API (22380)" [C:\Users\LEGION\source\repos\PGSH\PGSH.API\PGSH.API.csproj]
C:\Program Files\dotnet\sdk\9.0.310\Microsoft.Common.CurrentVersion.targets(5932,5): warning MSB3061: Impossible de supprimer le fichier « C:\Users\LEGION\source\repos\PGSH\PGSH.API\bin\Debug\net9.0\Microsoft.IdentityModel.Logging.dll ». Access to the path 'C:\Users\LEGION\source\repos\PGSH\PGSH.API\bin\Debug\net9.0\Microsoft.IdentityModel.Logging.dll' is denied. Le fichier est verrouillé par : "PGSH.API (22380)" [C:\Users\LEGION\source\repos\PGSH\PGSH.API\PGSH.API.csproj]
C:\Program Files\dotnet\sdk\9.0.310\Microsoft.Common.CurrentVersion.targets(5932,5): warning MSB3061: Impossible de supprimer le fichier « C:\Users\LEGION\source\repos\PGSH\PGSH.API\bin\Debug\net9.0\Microsoft.IdentityModel.Protocols.dll ». Access to the path 'C:\Users\LEGION\source\repos\PGSH\PGSH.API\bin\Debug\net9.0\Microsoft.IdentityModel.Protocols.dll' is denied. Le fichier est verrouillé par : "PGSH.API (22380)" [C:\Users\LEGION\source\repos\PGSH\PGSH.API\PGSH.API.csproj]
C:\Program Files\dotnet\sdk\9.0.310\Microsoft.Common.CurrentVersion.targets(5932,5): warning MSB3061: Impossible de supprimer le fichier « C:\Users\LEGION\source\repos\PGSH\PGSH.API\bin\Debug\net9.0\Microsoft.IdentityModel.Protocols.OpenIdConnect.dll ». Access to the path 'C:\Users\LEGION\source\repos\PGSH\PGSH.API\bin\Debug\net9.0\Microsoft.IdentityModel.Protocols.OpenIdConnect.dll' is denied. Le fichier est verrouillé par : "Microsoft Visual Studio 2022 (32344), PGSH.API (22380)" [C:\Users\LEGION\source\repos\PGSH\PGSH.API\PGSH.API.csproj]
C:\Program Files\dotnet\sdk\9.0.310\Microsoft.Common.CurrentVersion.targets(5932,5): warning MSB3061: Impossible de supprimer le fichier « C:\Users\LEGION\source\repos\PGSH\PGSH.API\bin\Debug\net9.0\Microsoft.IdentityModel.Tokens.dll ». Access to the path 'C:\Users\LEGION\source\repos\PGSH\PGSH.API\bin\Debug\net9.0\Microsoft.IdentityModel.Tokens.dll' is denied. Le fichier est verrouillé par : "Microsoft Visual Studio 2022 (32344), PGSH.API (22380)" [C:\Users\LEGION\source\repos\PGSH\PGSH.API\PGSH.API.csproj]
C:\Program Files\dotnet\sdk\9.0.310\Microsoft.Common.CurrentVersion.targets(5932,5): warning MSB3061: Impossible de supprimer le fichier « C:\Users\LEGION\source\repos\PGSH\PGSH.API\bin\Debug\net9.0\Microsoft.OpenApi.dll ». Access to the path 'C:\Users\LEGION\source\repos\PGSH\PGSH.API\bin\Debug\net9.0\Microsoft.OpenApi.dll' is denied. Le fichier est verrouillé par : "Microsoft Visual Studio 2022 (32344), PGSH.API (22380)" [C:\Users\LEGION\source\repos\PGSH\PGSH.API\PGSH.API.csproj]
C:\Program Files\dotnet\sdk\9.0.310\Microsoft.Common.CurrentVersion.targets(5932,5): warning MSB3061: Impossible de supprimer le fichier « C:\Users\LEGION\source\repos\PGSH\PGSH.API\bin\Debug\net9.0\Npgsql.dll ». Access to the path 'C:\Users\LEGION\source\repos\PGSH\PGSH.API\bin\Debug\net9.0\Npgsql.dll' is denied. Le fichier est verrouillé par : "Microsoft Visual Studio 2022 (32344), PGSH.API (22380)" [C:\Users\LEGION\source\repos\PGSH\PGSH.API\PGSH.API.csproj]
C:\Program Files\dotnet\sdk\9.0.310\Microsoft.Common.CurrentVersion.targets(5932,5): warning MSB3061: Impossible de supprimer le fichier « C:\Users\LEGION\source\repos\PGSH\PGSH.API\bin\Debug\net9.0\Npgsql.EntityFrameworkCore.PostgreSQL.dll ». Access to the path 'C:\Users\LEGION\source\repos\PGSH\PGSH.API\bin\Debug\net9.0\Npgsql.EntityFrameworkCore.PostgreSQL.dll' is denied. Le fichier est verrouillé par : "Microsoft Visual Studio 2022 (32344), PGSH.API (22380)" [C:\Users\LEGION\source\repos\PGSH\PGSH.API\PGSH.API.csproj]
C:\Program Files\dotnet\sdk\9.0.310\Microsoft.Common.CurrentVersion.targets(5932,5): warning MSB3061: Impossible de supprimer le fichier « C:\Users\LEGION\source\repos\PGSH\PGSH.API\bin\Debug\net9.0\Npgsql.OpenTelemetry.dll ». Access to the path 'C:\Users\LEGION\source\repos\PGSH\PGSH.API\bin\Debug\net9.0\Npgsql.OpenTelemetry.dll' is denied. Le fichier est verrouillé par : "PGSH.API (22380)" [C:\Users\LEGION\source\repos\PGSH\PGSH.API\PGSH.API.csproj]
C:\Program Files\dotnet\sdk\9.0.310\Microsoft.Common.CurrentVersion.targets(5932,5): warning MSB3061: Impossible de supprimer le fichier « C:\Users\LEGION\source\repos\PGSH\PGSH.API\bin\Debug\net9.0\OpenTelemetry.dll ». Access to the path 'C:\Users\LEGION\source\repos\PGSH\PGSH.API\bin\Debug\net9.0\OpenTelemetry.dll' is denied. Le fichier est verrouillé par : "Microsoft Visual Studio 2022 (32344), PGSH.API (22380)" [C:\Users\LEGION\source\repos\PGSH\PGSH.API\PGSH.API.csproj]
C:\Program Files\dotnet\sdk\9.0.310\Microsoft.Common.CurrentVersion.targets(5932,5): warning MSB3061: Impossible de supprimer le fichier « C:\Users\LEGION\source\repos\PGSH\PGSH.API\bin\Debug\net9.0\OpenTelemetry.Api.dll ». Access to the path 'C:\Users\LEGION\source\repos\PGSH\PGSH.API\bin\Debug\net9.0\OpenTelemetry.Api.dll' is denied. Le fichier est verrouillé par : "PGSH.API (22380)" [C:\Users\LEGION\source\repos\PGSH\PGSH.API\PGSH.API.csproj]
C:\Program Files\dotnet\sdk\9.0.310\Microsoft.Common.CurrentVersion.targets(5932,5): warning MSB3061: Impossible de supprimer le fichier « C:\Users\LEGION\source\repos\PGSH\PGSH.API\bin\Debug\net9.0\OpenTelemetry.Api.ProviderBuilderExtensions.dll ». Access to the path 'C:\Users\LEGION\source\repos\PGSH\PGSH.API\bin\Debug\net9.0\OpenTelemetry.Api.ProviderBuilderExtensions.dll' is denied. Le fichier est verrouillé par : "PGSH.API (22380)" [C:\Users\LEGION\source\repos\PGSH\PGSH.API\PGSH.API.csproj]
C:\Program Files\dotnet\sdk\9.0.310\Microsoft.Common.CurrentVersion.targets(5932,5): warning MSB3061: Impossible de supprimer le fichier « C:\Users\LEGION\source\repos\PGSH\PGSH.API\bin\Debug\net9.0\OpenTelemetry.Exporter.OpenTelemetryProtocol.dll ». Access to the path 'C:\Users\LEGION\source\repos\PGSH\PGSH.API\bin\Debug\net9.0\OpenTelemetry.Exporter.OpenTelemetryProtocol.dll' is denied. Le fichier est verrouillé par : "Microsoft Visual Studio 2022 (32344), PGSH.API (22380)" [C:\Users\LEGION\source\repos\PGSH\PGSH.API\PGSH.API.csproj]
C:\Program Files\dotnet\sdk\9.0.310\Microsoft.Common.CurrentVersion.targets(5932,5): warning MSB3061: Impossible de supprimer le fichier « C:\Users\LEGION\source\repos\PGSH\PGSH.API\bin\Debug\net9.0\OpenTelemetry.Extensions.Hosting.dll ». Access to the path 'C:\Users\LEGION\source\repos\PGSH\PGSH.API\bin\Debug\net9.0\OpenTelemetry.Extensions.Hosting.dll' is denied. Le fichier est verrouillé par : "PGSH.API (22380)" [C:\Users\LEGION\source\repos\PGSH\PGSH.API\PGSH.API.csproj]
C:\Program Files\dotnet\sdk\9.0.310\Microsoft.Common.CurrentVersion.targets(5932,5): warning MSB3061: Impossible de supprimer le fichier « C:\Users\LEGION\source\repos\PGSH\PGSH.API\bin\Debug\net9.0\OpenTelemetry.Instrumentation.AspNetCore.dll ». Access to the path 'C:\Users\LEGION\source\repos\PGSH\PGSH.API\bin\Debug\net9.0\OpenTelemetry.Instrumentation.AspNetCore.dll' is denied. Le fichier est verrouillé par : "PGSH.API (22380)" [C:\Users\LEGION\source\repos\PGSH\PGSH.API\PGSH.API.csproj]
C:\Program Files\dotnet\sdk\9.0.310\Microsoft.Common.CurrentVersion.targets(5932,5): warning MSB3061: Impossible de supprimer le fichier « C:\Users\LEGION\source\repos\PGSH\PGSH.API\bin\Debug\net9.0\OpenTelemetry.Instrumentation.Http.dll ». Access to the path 'C:\Users\LEGION\source\repos\PGSH\PGSH.API\bin\Debug\net9.0\OpenTelemetry.Instrumentation.Http.dll' is denied. Le fichier est verrouillé par : "PGSH.API (22380)" [C:\Users\LEGION\source\repos\PGSH\PGSH.API\PGSH.API.csproj]
C:\Program Files\dotnet\sdk\9.0.310\Microsoft.Common.CurrentVersion.targets(5932,5): warning MSB3061: Impossible de supprimer le fichier « C:\Users\LEGION\source\repos\PGSH\PGSH.API\bin\Debug\net9.0\OpenTelemetry.Instrumentation.Runtime.dll ». Access to the path 'C:\Users\LEGION\source\repos\PGSH\PGSH.API\bin\Debug\net9.0\OpenTelemetry.Instrumentation.Runtime.dll' is denied. Le fichier est verrouillé par : "PGSH.API (22380)" [C:\Users\LEGION\source\repos\PGSH\PGSH.API\PGSH.API.csproj]
C:\Program Files\dotnet\sdk\9.0.310\Microsoft.Common.CurrentVersion.targets(5932,5): warning MSB3061: Impossible de supprimer le fichier « C:\Users\LEGION\source\repos\PGSH\PGSH.API\bin\Debug\net9.0\Polly.Core.dll ». Access to the path 'C:\Users\LEGION\source\repos\PGSH\PGSH.API\bin\Debug\net9.0\Polly.Core.dll' is denied. Le fichier est verrouillé par : "Microsoft Visual Studio 2022 (32344), PGSH.API (22380)" [C:\Users\LEGION\source\repos\PGSH\PGSH.API\PGSH.API.csproj]
C:\Program Files\dotnet\sdk\9.0.310\Microsoft.Common.CurrentVersion.targets(5932,5): warning MSB3061: Impossible de supprimer le fichier « C:\Users\LEGION\source\repos\PGSH\PGSH.API\bin\Debug\net9.0\Polly.Extensions.dll ». Access to the path 'C:\Users\LEGION\source\repos\PGSH\PGSH.API\bin\Debug\net9.0\Polly.Extensions.dll' is denied. Le fichier est verrouillé par : "PGSH.API (22380)" [C:\Users\LEGION\source\repos\PGSH\PGSH.API\PGSH.API.csproj]
C:\Program Files\dotnet\sdk\9.0.310\Microsoft.Common.CurrentVersion.targets(5932,5): warning MSB3061: Impossible de supprimer le fichier « C:\Users\LEGION\source\repos\PGSH\PGSH.API\bin\Debug\net9.0\Polly.RateLimiting.dll ». Access to the path 'C:\Users\LEGION\source\repos\PGSH\PGSH.API\bin\Debug\net9.0\Polly.RateLimiting.dll' is denied. Le fichier est verrouillé par : "PGSH.API (22380)" [C:\Users\LEGION\source\repos\PGSH\PGSH.API\PGSH.API.csproj]
C:\Program Files\dotnet\sdk\9.0.310\Microsoft.Common.CurrentVersion.targets(5932,5): warning MSB3061: Impossible de supprimer le fichier « C:\Users\LEGION\source\repos\PGSH\PGSH.API\bin\Debug\net9.0\Scalar.AspNetCore.dll ». Access to the path 'C:\Users\LEGION\source\repos\PGSH\PGSH.API\bin\Debug\net9.0\Scalar.AspNetCore.dll' is denied. Le fichier est verrouillé par : "Microsoft Visual Studio 2022 (32344), PGSH.API (22380)" [C:\Users\LEGION\source\repos\PGSH\PGSH.API\PGSH.API.csproj]
C:\Program Files\dotnet\sdk\9.0.310\Microsoft.Common.CurrentVersion.targets(5932,5): warning MSB3061: Impossible de supprimer le fichier « C:\Users\LEGION\source\repos\PGSH\PGSH.API\bin\Debug\net9.0\Serilog.dll ». Access to the path 'C:\Users\LEGION\source\repos\PGSH\PGSH.API\bin\Debug\net9.0\Serilog.dll' is denied. Le fichier est verrouillé par : "Microsoft Visual Studio 2022 (32344), PGSH.API (22380)" [C:\Users\LEGION\source\repos\PGSH\PGSH.API\PGSH.API.csproj]
C:\Program Files\dotnet\sdk\9.0.310\Microsoft.Common.CurrentVersion.targets(5932,5): warning MSB3061: Impossible de supprimer le fichier « C:\Users\LEGION\source\repos\PGSH\PGSH.API\bin\Debug\net9.0\Serilog.AspNetCore.dll ». Access to the path 'C:\Users\LEGION\source\repos\PGSH\PGSH.API\bin\Debug\net9.0\Serilog.AspNetCore.dll' is denied. Le fichier est verrouillé par : "PGSH.API (22380)" [C:\Users\LEGION\source\repos\PGSH\PGSH.API\PGSH.API.csproj]
C:\Program Files\dotnet\sdk\9.0.310\Microsoft.Common.CurrentVersion.targets(5932,5): warning MSB3061: Impossible de supprimer le fichier « C:\Users\LEGION\source\repos\PGSH\PGSH.API\bin\Debug\net9.0\Serilog.Extensions.Hosting.dll ». Access to the path 'C:\Users\LEGION\source\repos\PGSH\PGSH.API\bin\Debug\net9.0\Serilog.Extensions.Hosting.dll' is denied. Le fichier est verrouillé par : "PGSH.API (22380)" [C:\Users\LEGION\source\repos\PGSH\PGSH.API\PGSH.API.csproj]
C:\Program Files\dotnet\sdk\9.0.310\Microsoft.Common.CurrentVersion.targets(5932,5): warning MSB3061: Impossible de supprimer le fichier « C:\Users\LEGION\source\repos\PGSH\PGSH.API\bin\Debug\net9.0\Serilog.Extensions.Logging.dll ». Access to the path 'C:\Users\LEGION\source\repos\PGSH\PGSH.API\bin\Debug\net9.0\Serilog.Extensions.Logging.dll' is denied. Le fichier est verrouillé par : "PGSH.API (22380)" [C:\Users\LEGION\source\repos\PGSH\PGSH.API\PGSH.API.csproj]
C:\Program Files\dotnet\sdk\9.0.310\Microsoft.Common.CurrentVersion.targets(5932,5): warning MSB3061: Impossible de supprimer le fichier « C:\Users\LEGION\source\repos\PGSH\PGSH.API\bin\Debug\net9.0\Serilog.Formatting.Compact.dll ». Access to the path 'C:\Users\LEGION\source\repos\PGSH\PGSH.API\bin\Debug\net9.0\Serilog.Formatting.Compact.dll' is denied. Le fichier est verrouillé par : "PGSH.API (22380)" [C:\Users\LEGION\source\repos\PGSH\PGSH.API\PGSH.API.csproj]
C:\Program Files\dotnet\sdk\9.0.310\Microsoft.Common.CurrentVersion.targets(5932,5): warning MSB3061: Impossible de supprimer le fichier « C:\Users\LEGION\source\repos\PGSH\PGSH.API\bin\Debug\net9.0\Serilog.Settings.Configuration.dll ». Access to the path 'C:\Users\LEGION\source\repos\PGSH\PGSH.API\bin\Debug\net9.0\Serilog.Settings.Configuration.dll' is denied. Le fichier est verrouillé par : "Microsoft Visual Studio 2022 (32344), PGSH.API (22380)" [C:\Users\LEGION\source\repos\PGSH\PGSH.API\PGSH.API.csproj]
C:\Program Files\dotnet\sdk\9.0.310\Microsoft.Common.CurrentVersion.targets(5932,5): warning MSB3061: Impossible de supprimer le fichier « C:\Users\LEGION\source\repos\PGSH\PGSH.API\bin\Debug\net9.0\Serilog.Sinks.Console.dll ». Access to the path 'C:\Users\LEGION\source\repos\PGSH\PGSH.API\bin\Debug\net9.0\Serilog.Sinks.Console.dll' is denied. Le fichier est verrouillé par : "PGSH.API (22380)" [C:\Users\LEGION\source\repos\PGSH\PGSH.API\PGSH.API.csproj]
C:\Program Files\dotnet\sdk\9.0.310\Microsoft.Common.CurrentVersion.targets(5932,5): warning MSB3061: Impossible de supprimer le fichier « C:\Users\LEGION\source\repos\PGSH\PGSH.API\bin\Debug\net9.0\Serilog.Sinks.Debug.dll ». Access to the path 'C:\Users\LEGION\source\repos\PGSH\PGSH.API\bin\Debug\net9.0\Serilog.Sinks.Debug.dll' is denied. Le fichier est verrouillé par : "PGSH.API (22380)" [C:\Users\LEGION\source\repos\PGSH\PGSH.API\PGSH.API.csproj]
C:\Program Files\dotnet\sdk\9.0.310\Microsoft.Common.CurrentVersion.targets(5932,5): warning MSB3061: Impossible de supprimer le fichier « C:\Users\LEGION\source\repos\PGSH\PGSH.API\bin\Debug\net9.0\Serilog.Sinks.File.dll ». Access to the path 'C:\Users\LEGION\source\repos\PGSH\PGSH.API\bin\Debug\net9.0\Serilog.Sinks.File.dll' is denied. Le fichier est verrouillé par : "PGSH.API (22380)" [C:\Users\LEGION\source\repos\PGSH\PGSH.API\PGSH.API.csproj]
C:\Program Files\dotnet\sdk\9.0.310\Microsoft.Common.CurrentVersion.targets(5932,5): warning MSB3061: Impossible de supprimer le fichier « C:\Users\LEGION\source\repos\PGSH\PGSH.API\bin\Debug\net9.0\Serilog.Sinks.Seq.dll ». Access to the path 'C:\Users\LEGION\source\repos\PGSH\PGSH.API\bin\Debug\net9.0\Serilog.Sinks.Seq.dll' is denied. Le fichier est verrouillé par : "PGSH.API (22380)" [C:\Users\LEGION\source\repos\PGSH\PGSH.API\PGSH.API.csproj]
C:\Program Files\dotnet\sdk\9.0.310\Microsoft.Common.CurrentVersion.targets(5932,5): warning MSB3061: Impossible de supprimer le fichier « C:\Users\LEGION\source\repos\PGSH\PGSH.API\bin\Debug\net9.0\Swashbuckle.AspNetCore.Swagger.dll ». Access to the path 'C:\Users\LEGION\source\repos\PGSH\PGSH.API\bin\Debug\net9.0\Swashbuckle.AspNetCore.Swagger.dll' is denied. Le fichier est verrouillé par : "PGSH.API (22380)" [C:\Users\LEGION\source\repos\PGSH\PGSH.API\PGSH.API.csproj]
C:\Program Files\dotnet\sdk\9.0.310\Microsoft.Common.CurrentVersion.targets(5932,5): warning MSB3061: Impossible de supprimer le fichier « C:\Users\LEGION\source\repos\PGSH\PGSH.API\bin\Debug\net9.0\Swashbuckle.AspNetCore.SwaggerGen.dll ». Access to the path 'C:\Users\LEGION\source\repos\PGSH\PGSH.API\bin\Debug\net9.0\Swashbuckle.AspNetCore.SwaggerGen.dll' is denied. Le fichier est verrouillé par : "Microsoft Visual Studio 2022 (32344), PGSH.API (22380)" [C:\Users\LEGION\source\repos\PGSH\PGSH.API\PGSH.API.csproj]
C:\Program Files\dotnet\sdk\9.0.310\Microsoft.Common.CurrentVersion.targets(5932,5): warning MSB3061: Impossible de supprimer le fichier « C:\Users\LEGION\source\repos\PGSH\PGSH.API\bin\Debug\net9.0\Swashbuckle.AspNetCore.SwaggerUI.dll ». Access to the path 'C:\Users\LEGION\source\repos\PGSH\PGSH.API\bin\Debug\net9.0\Swashbuckle.AspNetCore.SwaggerUI.dll' is denied. Le fichier est verrouillé par : "Microsoft Visual Studio 2022 (32344), PGSH.API (22380)" [C:\Users\LEGION\source\repos\PGSH\PGSH.API\PGSH.API.csproj]
C:\Program Files\dotnet\sdk\9.0.310\Microsoft.Common.CurrentVersion.targets(5932,5): warning MSB3061: Impossible de supprimer le fichier « C:\Users\LEGION\source\repos\PGSH\PGSH.API\bin\Debug\net9.0\System.IdentityModel.Tokens.Jwt.dll ». Access to the path 'C:\Users\LEGION\source\repos\PGSH\PGSH.API\bin\Debug\net9.0\System.IdentityModel.Tokens.Jwt.dll' is denied. Le fichier est verrouillé par : "Microsoft Visual Studio 2022 (32344), PGSH.API (22380)" [C:\Users\LEGION\source\repos\PGSH\PGSH.API\PGSH.API.csproj]
C:\Program Files\dotnet\sdk\9.0.310\Microsoft.Common.CurrentVersion.targets(5932,5): warning MSB3061: Impossible de supprimer le fichier « C:\Users\LEGION\source\repos\PGSH\PGSH.API\bin\Debug\net9.0\PGSH.Application.dll ». Access to the path 'C:\Users\LEGION\source\repos\PGSH\PGSH.API\bin\Debug\net9.0\PGSH.Application.dll' is denied. Le fichier est verrouillé par : "Microsoft Visual Studio 2022 (32344), PGSH.API (22380)" [C:\Users\LEGION\source\repos\PGSH\PGSH.API\PGSH.API.csproj]
C:\Program Files\dotnet\sdk\9.0.310\Microsoft.Common.CurrentVersion.targets(5932,5): warning MSB3061: Impossible de supprimer le fichier « C:\Users\LEGION\source\repos\PGSH\PGSH.API\bin\Debug\net9.0\PGSH.Domain.dll ». Access to the path 'C:\Users\LEGION\source\repos\PGSH\PGSH.API\bin\Debug\net9.0\PGSH.Domain.dll' is denied. Le fichier est verrouillé par : "PGSH.API (22380)" [C:\Users\LEGION\source\repos\PGSH\PGSH.API\PGSH.API.csproj]
C:\Program Files\dotnet\sdk\9.0.310\Microsoft.Common.CurrentVersion.targets(5932,5): warning MSB3061: Impossible de supprimer le fichier « C:\Users\LEGION\source\repos\PGSH\PGSH.API\bin\Debug\net9.0\PGSH.Infrastructure.dll ». Access to the path 'C:\Users\LEGION\source\repos\PGSH\PGSH.API\bin\Debug\net9.0\PGSH.Infrastructure.dll' is denied. Le fichier est verrouillé par : "Microsoft Visual Studio 2022 (32344), PGSH.API (22380)" [C:\Users\LEGION\source\repos\PGSH\PGSH.API\PGSH.API.csproj]
C:\Program Files\dotnet\sdk\9.0.310\Microsoft.Common.CurrentVersion.targets(5932,5): warning MSB3061: Impossible de supprimer le fichier « C:\Users\LEGION\source\repos\PGSH\PGSH.API\bin\Debug\net9.0\PGSH.ServiceDefaults.dll ». Access to the path 'C:\Users\LEGION\source\repos\PGSH\PGSH.API\bin\Debug\net9.0\PGSH.ServiceDefaults.dll' is denied. Le fichier est verrouillé par : "PGSH.API (22380)" [C:\Users\LEGION\source\repos\PGSH\PGSH.API\PGSH.API.csproj]
C:\Program Files\dotnet\sdk\9.0.310\Microsoft.Common.CurrentVersion.targets(5932,5): warning MSB3061: Impossible de supprimer le fichier « C:\Users\LEGION\source\repos\PGSH\PGSH.API\bin\Debug\net9.0\PGSH.SharedKernel.dll ». Access to the path 'C:\Users\LEGION\source\repos\PGSH\PGSH.API\bin\Debug\net9.0\PGSH.SharedKernel.dll' is denied. Le fichier est verrouillé par : "PGSH.API (22380)" [C:\Users\LEGION\source\repos\PGSH\PGSH.API\PGSH.API.csproj]
  PGSH.SharedKernel -> C:\Users\LEGION\source\repos\PGSH\PGSH.SharedKernel\bin\Debug\net9.0\PGSH.SharedKernel.dll
C:\Users\LEGION\source\repos\PGSH\PGSH.Domain\Hospitals\Center.cs(8,19): warning CS8618: Le propriété « Name » non-nullable doit contenir une valeur autre que Null lors de la fermeture du constructeur. Envisagez d’ajouter le modificateur « required » ou de déclarer le propriété comme pouvant accepter la valeur Null. [C:\Users\LEGION\source\repos\PGSH\PGSH.Domain\PGSH.Domain.csproj]
C:\Users\LEGION\source\repos\PGSH\PGSH.Domain\Hospitals\Hospital.cs(9,19): warning CS8618: Le propriété « Center » non-nullable doit contenir une valeur autre que Null lors de la fermeture du constructeur. Envisagez d’ajouter le modificateur « required » ou de déclarer le propriété comme pouvant accepter la valeur Null. [C:\Users\LEGION\source\repos\PGSH\PGSH.Domain\PGSH.Domain.csproj]
C:\Users\LEGION\source\repos\PGSH\PGSH.Domain\Hospitals\Hospital.cs(11,19): warning CS8618: Le propriété « Name » non-nullable doit contenir une valeur autre que Null lors de la fermeture du constructeur. Envisagez d’ajouter le modificateur « required » ou de déclarer le propriété comme pouvant accepter la valeur Null. [C:\Users\LEGION\source\repos\PGSH\PGSH.Domain\PGSH.Domain.csproj]
C:\Users\LEGION\source\repos\PGSH\PGSH.Domain\Hospitals\Hospital.cs(12,19): warning CS8618: Le propriété « City » non-nullable doit contenir une valeur autre que Null lors de la fermeture du constructeur. Envisagez d’ajouter le modificateur « required » ou de déclarer le propriété comme pouvant accepter la valeur Null. [C:\Users\LEGION\source\repos\PGSH\PGSH.Domain\PGSH.Domain.csproj]
C:\Users\LEGION\source\repos\PGSH\PGSH.Domain\Stages\AttendanceRecord.cs(11,26): warning CS8618: Le propriété « ServicePeriod » non-nullable doit contenir une valeur autre que Null lors de la fermeture du constructeur. Envisagez d’ajouter le modificateur « required » ou de déclarer le propriété comme pouvant accepter la valeur Null. [C:\Users\LEGION\source\repos\PGSH\PGSH.Domain\PGSH.Domain.csproj]
C:\Users\LEGION\source\repos\PGSH\PGSH.Domain\Stages\StageObjective.cs(7,19): warning CS8618: Le propriété « Label » non-nullable doit contenir une valeur autre que Null lors de la fermeture du constructeur. Envisagez d’ajouter le modificateur « required » ou de déclarer le propriété comme pouvant accepter la valeur Null. [C:\Users\LEGION\source\repos\PGSH\PGSH.Domain\PGSH.Domain.csproj]
C:\Users\LEGION\source\repos\PGSH\PGSH.Domain\Stages\StageObjective.cs(14,18): warning CS8618: Le propriété « Stage » non-nullable doit contenir une valeur autre que Null lors de la fermeture du constructeur. Envisagez d’ajouter le modificateur « required » ou de déclarer le propriété comme pouvant accepter la valeur Null. [C:\Users\LEGION\source\repos\PGSH\PGSH.Domain\PGSH.Domain.csproj]
C:\Users\LEGION\source\repos\PGSH\PGSH.Domain\Registrations\AcademicYear.cs(6,19): warning CS8618: Le propriété « Label » non-nullable doit contenir une valeur autre que Null lors de la fermeture du constructeur. Envisagez d’ajouter le modificateur « required » ou de déclarer le propriété comme pouvant accepter la valeur Null. [C:\Users\LEGION\source\repos\PGSH\PGSH.Domain\PGSH.Domain.csproj]
C:\Users\LEGION\source\repos\PGSH\PGSH.Domain\Users\Address.cs(11,51): warning CS8603: Existence possible d'un retour de référence null. [C:\Users\LEGION\source\repos\PGSH\PGSH.Domain\PGSH.Domain.csproj]
C:\Users\LEGION\source\repos\PGSH\PGSH.Domain\Students\History.cs(11,20): warning CS8618: Le propriété « Student » non-nullable doit contenir une valeur autre que Null lors de la fermeture du constructeur. Envisagez d’ajouter le modificateur « required » ou de déclarer le propriété comme pouvant accepter la valeur Null. [C:\Users\LEGION\source\repos\PGSH\PGSH.Domain\PGSH.Domain.csproj]
C:\Users\LEGION\source\repos\PGSH\PGSH.Domain\Registrations\Registration.cs(12,25): warning CS8618: Le propriété « AcademicYear » non-nullable doit contenir une valeur autre que Null lors de la fermeture du constructeur. Envisagez d’ajouter le modificateur « required » ou de déclarer le propriété comme pouvant accepter la valeur Null. [C:\Users\LEGION\source\repos\PGSH\PGSH.Domain\PGSH.Domain.csproj]
C:\Users\LEGION\source\repos\PGSH\PGSH.Domain\Registrations\Registration.cs(15,18): warning CS8618: Le propriété « Level » non-nullable doit contenir une valeur autre que Null lors de la fermeture du constructeur. Envisagez d’ajouter le modificateur « required » ou de déclarer le propriété comme pouvant accepter la valeur Null. [C:\Users\LEGION\source\repos\PGSH\PGSH.Domain\PGSH.Domain.csproj]
C:\Users\LEGION\source\repos\PGSH\PGSH.Domain\Registrations\Registration.cs(16,20): warning CS8618: Le propriété « Student » non-nullable doit contenir une valeur autre que Null lors de la fermeture du constructeur. Envisagez d’ajouter le modificateur « required » ou de déclarer le propriété comme pouvant accepter la valeur Null. [C:\Users\LEGION\source\repos\PGSH\PGSH.Domain\PGSH.Domain.csproj]
C:\Users\LEGION\source\repos\PGSH\PGSH.Domain\Stages\Cohort.cs(11,18): warning CS8618: Le propriété « Stage » non-nullable doit contenir une valeur autre que Null lors de la fermeture du constructeur. Envisagez d’ajouter le modificateur « required » ou de déclarer le propriété comme pouvant accepter la valeur Null. [C:\Users\LEGION\source\repos\PGSH\PGSH.Domain\PGSH.Domain.csproj]
C:\Users\LEGION\source\repos\PGSH\PGSH.Domain\Stages\Cohort.cs(13,26): warning CS8618: Le propriété « AcademicGroup » non-nullable doit contenir une valeur autre que Null lors de la fermeture du constructeur. Envisagez d’ajouter le modificateur « required » ou de déclarer le propriété comme pouvant accepter la valeur Null. [C:\Users\LEGION\source\repos\PGSH\PGSH.Domain\PGSH.Domain.csproj]
C:\Users\LEGION\source\repos\PGSH\PGSH.Domain\Hospitals\Service.cs(9,19): warning CS8618: Le propriété « Name » non-nullable doit contenir une valeur autre que Null lors de la fermeture du constructeur. Envisagez d’ajouter le modificateur « required » ou de déclarer le propriété comme pouvant accepter la valeur Null. [C:\Users\LEGION\source\repos\PGSH\PGSH.Domain\PGSH.Domain.csproj]
C:\Users\LEGION\source\repos\PGSH\PGSH.Domain\Hospitals\Service.cs(10,19): warning CS8618: Le propriété « Description » non-nullable doit contenir une valeur autre que Null lors de la fermeture du constructeur. Envisagez d’ajouter le modificateur « required » ou de déclarer le propriété comme pouvant accepter la valeur Null. [C:\Users\LEGION\source\repos\PGSH\PGSH.Domain\PGSH.Domain.csproj]
C:\Users\LEGION\source\repos\PGSH\PGSH.Domain\Hospitals\Service.cs(15,21): warning CS8618: Le propriété « Hospital » non-nullable doit contenir une valeur autre que Null lors de la fermeture du constructeur. Envisagez d’ajouter le modificateur « required » ou de déclarer le propriété comme pouvant accepter la valeur Null. [C:\Users\LEGION\source\repos\PGSH\PGSH.Domain\PGSH.Domain.csproj]
C:\Users\LEGION\source\repos\PGSH\PGSH.Domain\Stages\Cohort.cs(36,19): warning CS8618: Le propriété « Cohort » non-nullable doit contenir une valeur autre que Null lors de la fermeture du constructeur. Envisagez d’ajouter le modificateur « required » ou de déclarer le propriété comme pouvant accepter la valeur Null. [C:\Users\LEGION\source\repos\PGSH\PGSH.Domain\PGSH.Domain.csproj]
C:\Users\LEGION\source\repos\PGSH\PGSH.Domain\Stages\Cohort.cs(22,19): warning CS8618: Le propriété « Cohort » non-nullable doit contenir une valeur autre que Null lors de la fermeture du constructeur. Envisagez d’ajouter le modificateur « required » ou de déclarer le propriété comme pouvant accepter la valeur Null. [C:\Users\LEGION\source\repos\PGSH\PGSH.Domain\PGSH.Domain.csproj]
C:\Users\LEGION\source\repos\PGSH\PGSH.Domain\Stages\Cohort.cs(26,20): warning CS8618: Le propriété « Service » non-nullable doit contenir une valeur autre que Null lors de la fermeture du constructeur. Envisagez d’ajouter le modificateur « required » ou de déclarer le propriété comme pouvant accepter la valeur Null. [C:\Users\LEGION\source\repos\PGSH\PGSH.Domain\PGSH.Domain.csproj]
C:\Users\LEGION\source\repos\PGSH\PGSH.Domain\Stages\Stage.cs(8,19): warning CS8618: Le propriété « Name » non-nullable doit contenir une valeur autre que Null lors de la fermeture du constructeur. Envisagez d’ajouter le modificateur « required » ou de déclarer le propriété comme pouvant accepter la valeur Null. [C:\Users\LEGION\source\repos\PGSH\PGSH.Domain\PGSH.Domain.csproj]
C:\Users\LEGION\source\repos\PGSH\PGSH.Domain\Stages\Stage.cs(13,18): warning CS8618: Le propriété « Level » non-nullable doit contenir une valeur autre que Null lors de la fermeture du constructeur. Envisagez d’ajouter le modificateur « required » ou de déclarer le propriété comme pouvant accepter la valeur Null. [C:\Users\LEGION\source\repos\PGSH\PGSH.Domain\PGSH.Domain.csproj]
C:\Users\LEGION\source\repos\PGSH\PGSH.Domain\Stages\ServicePeriod.cs(40,30): warning CS8618: Le propriété « ServiceEvaluation » non-nullable doit contenir une valeur autre que Null lors de la fermeture du constructeur. Envisagez d’ajouter le modificateur « required » ou de déclarer le propriété comme pouvant accepter la valeur Null. [C:\Users\LEGION\source\repos\PGSH\PGSH.Domain\PGSH.Domain.csproj]
C:\Users\LEGION\source\repos\PGSH\PGSH.Domain\Stages\ServicePeriod.cs(44,27): warning CS8618: Le propriété « StageObjective » non-nullable doit contenir une valeur autre que Null lors de la fermeture du constructeur. Envisagez d’ajouter le modificateur « required » ou de déclarer le propriété comme pouvant accepter la valeur Null. [C:\Users\LEGION\source\repos\PGSH\PGSH.Domain\PGSH.Domain.csproj]
C:\Users\LEGION\source\repos\PGSH\PGSH.Domain\Stages\ServicePeriod.cs(28,26): warning CS8618: Le propriété « ServicePeriod » non-nullable doit contenir une valeur autre que Null lors de la fermeture du constructeur. Envisagez d’ajouter le modificateur « required » ou de déclarer le propriété comme pouvant accepter la valeur Null. [C:\Users\LEGION\source\repos\PGSH\PGSH.Domain\PGSH.Domain.csproj]
C:\Users\LEGION\source\repos\PGSH\PGSH.Domain\Stages\ServicePeriod.cs(9,33): warning CS8618: Le propriété « InternshipAssignment » non-nullable doit contenir une valeur autre que Null lors de la fermeture du constructeur. Envisagez d’ajouter le modificateur « required » ou de déclarer le propriété comme pouvant accepter la valeur Null. [C:\Users\LEGION\source\repos\PGSH\PGSH.Domain\PGSH.Domain.csproj]
C:\Users\LEGION\source\repos\PGSH\PGSH.Domain\Stages\ServicePeriod.cs(11,20): warning CS8618: Le propriété « Service » non-nullable doit contenir une valeur autre que Null lors de la fermeture du constructeur. Envisagez d’ajouter le modificateur « required » ou de déclarer le propriété comme pouvant accepter la valeur Null. [C:\Users\LEGION\source\repos\PGSH\PGSH.Domain\PGSH.Domain.csproj]
C:\Users\LEGION\source\repos\PGSH\PGSH.Domain\Students\Student.cs(12,19): warning CS8618: Le propriété « CNE » non-nullable doit contenir une valeur autre que Null lors de la fermeture du constructeur. Envisagez d’ajouter le modificateur « required » ou de déclarer le propriété comme pouvant accepter la valeur Null. [C:\Users\LEGION\source\repos\PGSH\PGSH.Domain\PGSH.Domain.csproj]
C:\Users\LEGION\source\repos\PGSH\PGSH.Domain\Students\Student.cs(14,19): warning CS8618: Le propriété « Appogee » non-nullable doit contenir une valeur autre que Null lors de la fermeture du constructeur. Envisagez d’ajouter le modificateur « required » ou de déclarer le propriété comme pouvant accepter la valeur Null. [C:\Users\LEGION\source\repos\PGSH\PGSH.Domain\PGSH.Domain.csproj]
C:\Users\LEGION\source\repos\PGSH\PGSH.Domain\Students\Student.cs(17,19): warning CS8618: Le propriété « BacYear » non-nullable doit contenir une valeur autre que Null lors de la fermeture du constructeur. Envisagez d’ajouter le modificateur « required » ou de déclarer le propriété comme pouvant accepter la valeur Null. [C:\Users\LEGION\source\repos\PGSH\PGSH.Domain\PGSH.Domain.csproj]
C:\Users\LEGION\source\repos\PGSH\PGSH.Domain\Stages\InternshipAssignment.cs(14,25): warning CS8618: Le propriété « Registration » non-nullable doit contenir une valeur autre que Null lors de la fermeture du constructeur. Envisagez d’ajouter le modificateur « required » ou de déclarer le propriété comme pouvant accepter la valeur Null. [C:\Users\LEGION\source\repos\PGSH\PGSH.Domain\PGSH.Domain.csproj]
C:\Users\LEGION\source\repos\PGSH\PGSH.Domain\Stages\InternshipAssignment.cs(17,19): warning CS8618: Le propriété « Cohort » non-nullable doit contenir une valeur autre que Null lors de la fermeture du constructeur. Envisagez d’ajouter le modificateur « required » ou de déclarer le propriété comme pouvant accepter la valeur Null. [C:\Users\LEGION\source\repos\PGSH\PGSH.Domain\PGSH.Domain.csproj]
  PGSH.ServiceDefaults -> C:\Users\LEGION\source\repos\PGSH\PGSH.ServiceDefaults\bin\Debug\net9.0\PGSH.ServiceDefaults.dll
  PGSH.Domain -> C:\Users\LEGION\source\repos\PGSH\PGSH.Domain\bin\Debug\net9.0\PGSH.Domain.dll
C:\Users\LEGION\source\repos\PGSH\PGSH.Application\Stages\Levels\GetMany\GetLevelsQueryHandler.cs(24,38): warning CS8602: Déréférencement d'une éventuelle référence null. [C:\Users\LEGION\source\repos\PGSH\PGSH.Application\PGSH.Application.csproj]
C:\Users\LEGION\source\repos\PGSH\PGSH.Application\Stages\GetMany\GetStagesQueryHandler.cs(30,94): warning CS8604: Existence possible d'un argument de référence null pour le paramètre 'LevelLabel' dans 'StageSummaryResponse.StageSummaryResponse(int Id, string Name, int Coefficient, int DurationInDays, string LevelLabel)'. [C:\Users\LEGION\source\repos\PGSH\PGSH.Application\PGSH.Application.csproj]
  PGSH.Application -> C:\Users\LEGION\source\repos\PGSH\PGSH.Application\bin\Debug\net9.0\PGSH.Application.dll
C:\Users\LEGION\source\repos\PGSH\PGSH.Infrastructure\Migrations\20260124112505_todoref-removal.cs(9,26): warning CS8981: Le nom de type 'todorefremoval' contient uniquement des caractères ascii en minuscules. De tels noms peuvent devenir réservés pour la langue. [C:\Users\LEGION\source\repos\PGSH\PGSH.Infrastructure\PGSH.Infrastructure.csproj]
C:\Users\LEGION\source\repos\PGSH\PGSH.Infrastructure\Migrations\20260124112505_todoref-removal.Designer.cs(17,19): warning CS8981: Le nom de type 'todorefremoval' contient uniquement des caractères ascii en minuscules. De tels noms peuvent devenir réservés pour la langue. [C:\Users\LEGION\source\repos\PGSH\PGSH.Infrastructure\PGSH.Infrastructure.csproj]
C:\Users\LEGION\source\repos\PGSH\PGSH.Infrastructure\Users\UserConfiguration.cs(137,51): warning CS8600: Conversion de littéral ayant une valeur null ou d'une éventuelle valeur null en type non-nullable. [C:\Users\LEGION\source\repos\PGSH\PGSH.Infrastructure\PGSH.Infrastructure.csproj]
C:\Users\LEGION\source\repos\PGSH\PGSH.Infrastructure\Users\UserConfiguration.cs(138,61): warning CS8600: Conversion de littéral ayant une valeur null ou d'une éventuelle valeur null en type non-nullable. [C:\Users\LEGION\source\repos\PGSH\PGSH.Infrastructure\PGSH.Infrastructure.csproj]
C:\Users\LEGION\source\repos\PGSH\PGSH.Infrastructure\Registrations\RegistrationConfiguration.cs(40,54): warning CS8600: Conversion de littéral ayant une valeur null ou d'une éventuelle valeur null en type non-nullable. [C:\Users\LEGION\source\repos\PGSH\PGSH.Infrastructure\PGSH.Infrastructure.csproj]
C:\Users\LEGION\source\repos\PGSH\PGSH.Infrastructure\Registrations\RegistrationConfiguration.cs(41,70): warning CS8600: Conversion de littéral ayant une valeur null ou d'une éventuelle valeur null en type non-nullable. [C:\Users\LEGION\source\repos\PGSH\PGSH.Infrastructure\PGSH.Infrastructure.csproj]
C:\Users\LEGION\source\repos\PGSH\PGSH.Infrastructure\Registrations\RegistrationConfiguration.cs(41,26): warning CS8603: Existence possible d'un retour de référence null. [C:\Users\LEGION\source\repos\PGSH\PGSH.Infrastructure\PGSH.Infrastructure.csproj]
  PGSH.Infrastructure -> C:\Users\LEGION\source\repos\PGSH\PGSH.Infrastructure\bin\Debug\net9.0\PGSH.Infrastructure.dll
C:\Program Files\dotnet\sdk\9.0.310\Microsoft.Common.CurrentVersion.targets(5093,5): warning MSB3026: Impossible de copier "C:\Users\LEGION\source\repos\PGSH\PGSH.ServiceDefaults\bin\Debug\net9.0\PGSH.ServiceDefaults.dll" vers "bin\Debug\net9.0\PGSH.ServiceDefaults.dll". Nouvelle tentative de l'opération 1 dans 1000 ms. The process cannot access the file 'C:\Users\LEGION\source\repos\PGSH\PGSH.API\bin\Debug\net9.0\PGSH.ServiceDefaults.dll' because it is being used by another process. Le fichier est verrouillé par : "PGSH.API (22380)" [C:\Users\LEGION\source\repos\PGSH\PGSH.API\PGSH.API.csproj]
C:\Program Files\dotnet\sdk\9.0.310\Microsoft.Common.CurrentVersion.targets(5093,5): warning MSB3026: Impossible de copier "C:\Users\LEGION\source\repos\PGSH\PGSH.SharedKernel\bin\Debug\net9.0\PGSH.SharedKernel.dll" vers "bin\Debug\net9.0\PGSH.SharedKernel.dll". Nouvelle tentative de l'opération 1 dans 1000 ms. The process cannot access the file 'C:\Users\LEGION\source\repos\PGSH\PGSH.API\bin\Debug\net9.0\PGSH.SharedKernel.dll' because it is being used by another process. Le fichier est verrouillé par : "PGSH.API (22380)" [C:\Users\LEGION\source\repos\PGSH\PGSH.API\PGSH.API.csproj]
C:\Program Files\dotnet\sdk\9.0.310\Microsoft.Common.CurrentVersion.targets(5093,5): warning MSB3026: Impossible de copier "C:\Users\LEGION\source\repos\PGSH\PGSH.Domain\bin\Debug\net9.0\PGSH.Domain.dll" vers "bin\Debug\net9.0\PGSH.Domain.dll". Nouvelle tentative de l'opération 1 dans 1000 ms. The process cannot access the file 'C:\Users\LEGION\source\repos\PGSH\PGSH.API\bin\Debug\net9.0\PGSH.Domain.dll' because it is being used by another process. Le fichier est verrouillé par : "PGSH.API (22380)" [C:\Users\LEGION\source\repos\PGSH\PGSH.API\PGSH.API.csproj]
C:\Program Files\dotnet\sdk\9.0.310\Microsoft.Common.CurrentVersion.targets(5093,5): warning MSB3026: Impossible de copier "C:\Users\LEGION\source\repos\PGSH\PGSH.Infrastructure\bin\Debug\net9.0\PGSH.Infrastructure.dll" vers "bin\Debug\net9.0\PGSH.Infrastructure.dll". Nouvelle tentative de l'opération 1 dans 1000 ms. The process cannot access the file 'C:\Users\LEGION\source\repos\PGSH\PGSH.API\bin\Debug\net9.0\PGSH.Infrastructure.dll' because it is being used by another process. Le fichier est verrouillé par : "Microsoft Visual Studio 2022 (32344), PGSH.API (22380)" [C:\Users\LEGION\source\repos\PGSH\PGSH.API\PGSH.API.csproj]
C:\Program Files\dotnet\sdk\9.0.310\Microsoft.Common.CurrentVersion.targets(5093,5): warning MSB3026: Impossible de copier "C:\Users\LEGION\source\repos\PGSH\PGSH.Application\bin\Debug\net9.0\PGSH.Application.dll" vers "bin\Debug\net9.0\PGSH.Application.dll". Nouvelle tentative de l'opération 1 dans 1000 ms. The process cannot access the file 'C:\Users\LEGION\source\repos\PGSH\PGSH.API\bin\Debug\net9.0\PGSH.Application.dll' because it is being used by another process. Le fichier est verrouillé par : "Microsoft Visual Studio 2022 (32344), PGSH.API (22380)" [C:\Users\LEGION\source\repos\PGSH\PGSH.API\PGSH.API.csproj]
C:\Program Files\dotnet\sdk\9.0.310\Microsoft.Common.CurrentVersion.targets(5093,5): warning MSB3026: Impossible de copier "C:\Users\LEGION\source\repos\PGSH\PGSH.SharedKernel\bin\Debug\net9.0\PGSH.SharedKernel.dll" vers "bin\Debug\net9.0\PGSH.SharedKernel.dll". Nouvelle tentative de l'opération 2 dans 1000 ms. The process cannot access the file 'C:\Users\LEGION\source\repos\PGSH\PGSH.API\bin\Debug\net9.0\PGSH.SharedKernel.dll' because it is being used by another process. Le fichier est verrouillé par : "PGSH.API (22380)" [C:\Users\LEGION\source\repos\PGSH\PGSH.API\PGSH.API.csproj]
C:\Program Files\dotnet\sdk\9.0.310\Microsoft.Common.CurrentVersion.targets(5093,5): warning MSB3026: Impossible de copier "C:\Users\LEGION\source\repos\PGSH\PGSH.Domain\bin\Debug\net9.0\PGSH.Domain.dll" vers "bin\Debug\net9.0\PGSH.Domain.dll". Nouvelle tentative de l'opération 2 dans 1000 ms. The process cannot access the file 'C:\Users\LEGION\source\repos\PGSH\PGSH.API\bin\Debug\net9.0\PGSH.Domain.dll' because it is being used by another process. Le fichier est verrouillé par : "PGSH.API (22380)" [C:\Users\LEGION\source\repos\PGSH\PGSH.API\PGSH.API.csproj]
C:\Program Files\dotnet\sdk\9.0.310\Microsoft.Common.CurrentVersion.targets(5093,5): warning MSB3026: Impossible de copier "C:\Users\LEGION\source\repos\PGSH\PGSH.ServiceDefaults\bin\Debug\net9.0\PGSH.ServiceDefaults.dll" vers "bin\Debug\net9.0\PGSH.ServiceDefaults.dll". Nouvelle tentative de l'opération 2 dans 1000 ms. The process cannot access the file 'C:\Users\LEGION\source\repos\PGSH\PGSH.API\bin\Debug\net9.0\PGSH.ServiceDefaults.dll' because it is being used by another process. Le fichier est verrouillé par : "PGSH.API (22380)" [C:\Users\LEGION\source\repos\PGSH\PGSH.API\PGSH.API.csproj]
C:\Program Files\dotnet\sdk\9.0.310\Microsoft.Common.CurrentVersion.targets(5093,5): warning MSB3026: Impossible de copier "C:\Users\LEGION\source\repos\PGSH\PGSH.Infrastructure\bin\Debug\net9.0\PGSH.Infrastructure.dll" vers "bin\Debug\net9.0\PGSH.Infrastructure.dll". Nouvelle tentative de l'opération 2 dans 1000 ms. The process cannot access the file 'C:\Users\LEGION\source\repos\PGSH\PGSH.API\bin\Debug\net9.0\PGSH.Infrastructure.dll' because it is being used by another process. Le fichier est verrouillé par : "Microsoft Visual Studio 2022 (32344), PGSH.API (22380)" [C:\Users\LEGION\source\repos\PGSH\PGSH.API\PGSH.API.csproj]
C:\Program Files\dotnet\sdk\9.0.310\Microsoft.Common.CurrentVersion.targets(5093,5): warning MSB3026: Impossible de copier "C:\Users\LEGION\source\repos\PGSH\PGSH.Application\bin\Debug\net9.0\PGSH.Application.dll" vers "bin\Debug\net9.0\PGSH.Application.dll". Nouvelle tentative de l'opération 2 dans 1000 ms. The process cannot access the file 'C:\Users\LEGION\source\repos\PGSH\PGSH.API\bin\Debug\net9.0\PGSH.Application.dll' because it is being used by another process. Le fichier est verrouillé par : "Microsoft Visual Studio 2022 (32344), PGSH.API (22380)" [C:\Users\LEGION\source\repos\PGSH\PGSH.API\PGSH.API.csproj]
C:\Program Files\dotnet\sdk\9.0.310\Microsoft.Common.CurrentVersion.targets(5093,5): warning MSB3026: Impossible de copier "C:\Users\LEGION\source\repos\PGSH\PGSH.SharedKernel\bin\Debug\net9.0\PGSH.SharedKernel.dll" vers "bin\Debug\net9.0\PGSH.SharedKernel.dll". Nouvelle tentative de l'opération 3 dans 1000 ms. The process cannot access the file 'C:\Users\LEGION\source\repos\PGSH\PGSH.API\bin\Debug\net9.0\PGSH.SharedKernel.dll' because it is being used by another process. Le fichier est verrouillé par : "PGSH.API (22380)" [C:\Users\LEGION\source\repos\PGSH\PGSH.API\PGSH.API.csproj]
C:\Program Files\dotnet\sdk\9.0.310\Microsoft.Common.CurrentVersion.targets(5093,5): warning MSB3026: Impossible de copier "C:\Users\LEGION\source\repos\PGSH\PGSH.Domain\bin\Debug\net9.0\PGSH.Domain.dll" vers "bin\Debug\net9.0\PGSH.Domain.dll". Nouvelle tentative de l'opération 3 dans 1000 ms. The process cannot access the file 'C:\Users\LEGION\source\repos\PGSH\PGSH.API\bin\Debug\net9.0\PGSH.Domain.dll' because it is being used by another process. Le fichier est verrouillé par : "PGSH.API (22380)" [C:\Users\LEGION\source\repos\PGSH\PGSH.API\PGSH.API.csproj]
C:\Program Files\dotnet\sdk\9.0.310\Microsoft.Common.CurrentVersion.targets(5093,5): warning MSB3026: Impossible de copier "C:\Users\LEGION\source\repos\PGSH\PGSH.ServiceDefaults\bin\Debug\net9.0\PGSH.ServiceDefaults.dll" vers "bin\Debug\net9.0\PGSH.ServiceDefaults.dll". Nouvelle tentative de l'opération 3 dans 1000 ms. The process cannot access the file 'C:\Users\LEGION\source\repos\PGSH\PGSH.API\bin\Debug\net9.0\PGSH.ServiceDefaults.dll' because it is being used by another process. Le fichier est verrouillé par : "PGSH.API (22380)" [C:\Users\LEGION\source\repos\PGSH\PGSH.API\PGSH.API.csproj]
C:\Program Files\dotnet\sdk\9.0.310\Microsoft.Common.CurrentVersion.targets(5093,5): warning MSB3026: Impossible de copier "C:\Users\LEGION\source\repos\PGSH\PGSH.Infrastructure\bin\Debug\net9.0\PGSH.Infrastructure.dll" vers "bin\Debug\net9.0\PGSH.Infrastructure.dll". Nouvelle tentative de l'opération 3 dans 1000 ms. The process cannot access the file 'C:\Users\LEGION\source\repos\PGSH\PGSH.API\bin\Debug\net9.0\PGSH.Infrastructure.dll' because it is being used by another process. Le fichier est verrouillé par : "Microsoft Visual Studio 2022 (32344), PGSH.API (22380)" [C:\Users\LEGION\source\repos\PGSH\PGSH.API\PGSH.API.csproj]
C:\Program Files\dotnet\sdk\9.0.310\Microsoft.Common.CurrentVersion.targets(5093,5): warning MSB3026: Impossible de copier "C:\Users\LEGION\source\repos\PGSH\PGSH.Application\bin\Debug\net9.0\PGSH.Application.dll" vers "bin\Debug\net9.0\PGSH.Application.dll". Nouvelle tentative de l'opération 3 dans 1000 ms. The process cannot access the file 'C:\Users\LEGION\source\repos\PGSH\PGSH.API\bin\Debug\net9.0\PGSH.Application.dll' because it is being used by another process. Le fichier est verrouillé par : "Microsoft Visual Studio 2022 (32344), PGSH.API (22380)" [C:\Users\LEGION\source\repos\PGSH\PGSH.API\PGSH.API.csproj]
C:\Program Files\dotnet\sdk\9.0.310\Microsoft.Common.CurrentVersion.targets(5093,5): warning MSB3026: Impossible de copier "C:\Users\LEGION\source\repos\PGSH\PGSH.Domain\bin\Debug\net9.0\PGSH.Domain.dll" vers "bin\Debug\net9.0\PGSH.Domain.dll". Nouvelle tentative de l'opération 4 dans 1000 ms. The process cannot access the file 'C:\Users\LEGION\source\repos\PGSH\PGSH.API\bin\Debug\net9.0\PGSH.Domain.dll' because it is being used by another process. Le fichier est verrouillé par : "PGSH.API (22380)" [C:\Users\LEGION\source\repos\PGSH\PGSH.API\PGSH.API.csproj]
C:\Program Files\dotnet\sdk\9.0.310\Microsoft.Common.CurrentVersion.targets(5093,5): warning MSB3026: Impossible de copier "C:\Users\LEGION\source\repos\PGSH\PGSH.ServiceDefaults\bin\Debug\net9.0\PGSH.ServiceDefaults.dll" vers "bin\Debug\net9.0\PGSH.ServiceDefaults.dll". Nouvelle tentative de l'opération 4 dans 1000 ms. The process cannot access the file 'C:\Users\LEGION\source\repos\PGSH\PGSH.API\bin\Debug\net9.0\PGSH.ServiceDefaults.dll' because it is being used by another process. Le fichier est verrouillé par : "PGSH.API (22380)" [C:\Users\LEGION\source\repos\PGSH\PGSH.API\PGSH.API.csproj]
C:\Program Files\dotnet\sdk\9.0.310\Microsoft.Common.CurrentVersion.targets(5093,5): warning MSB3026: Impossible de copier "C:\Users\LEGION\source\repos\PGSH\PGSH.SharedKernel\bin\Debug\net9.0\PGSH.SharedKernel.dll" vers "bin\Debug\net9.0\PGSH.SharedKernel.dll". Nouvelle tentative de l'opération 4 dans 1000 ms. The process cannot access the file 'C:\Users\LEGION\source\repos\PGSH\PGSH.API\bin\Debug\net9.0\PGSH.SharedKernel.dll' because it is being used by another process. Le fichier est verrouillé par : "PGSH.API (22380)" [C:\Users\LEGION\source\repos\PGSH\PGSH.API\PGSH.API.csproj]
C:\Program Files\dotnet\sdk\9.0.310\Microsoft.Common.CurrentVersion.targets(5093,5): warning MSB3026: Impossible de copier "C:\Users\LEGION\source\repos\PGSH\PGSH.Infrastructure\bin\Debug\net9.0\PGSH.Infrastructure.dll" vers "bin\Debug\net9.0\PGSH.Infrastructure.dll". Nouvelle tentative de l'opération 4 dans 1000 ms. The process cannot access the file 'C:\Users\LEGION\source\repos\PGSH\PGSH.API\bin\Debug\net9.0\PGSH.Infrastructure.dll' because it is being used by another process. Le fichier est verrouillé par : "Microsoft Visual Studio 2022 (32344), PGSH.API (22380)" [C:\Users\LEGION\source\repos\PGSH\PGSH.API\PGSH.API.csproj]
C:\Program Files\dotnet\sdk\9.0.310\Microsoft.Common.CurrentVersion.targets(5093,5): warning MSB3026: Impossible de copier "C:\Users\LEGION\source\repos\PGSH\PGSH.Application\bin\Debug\net9.0\PGSH.Application.dll" vers "bin\Debug\net9.0\PGSH.Application.dll". Nouvelle tentative de l'opération 4 dans 1000 ms. The process cannot access the file 'C:\Users\LEGION\source\repos\PGSH\PGSH.API\bin\Debug\net9.0\PGSH.Application.dll' because it is being used by another process. Le fichier est verrouillé par : "Microsoft Visual Studio 2022 (32344), PGSH.API (22380)" [C:\Users\LEGION\source\repos\PGSH\PGSH.API\PGSH.API.csproj]
C:\Program Files\dotnet\sdk\9.0.310\Microsoft.Common.CurrentVersion.targets(5093,5): warning MSB3026: Impossible de copier "C:\Users\LEGION\source\repos\PGSH\PGSH.Domain\bin\Debug\net9.0\PGSH.Domain.dll" vers "bin\Debug\net9.0\PGSH.Domain.dll". Nouvelle tentative de l'opération 5 dans 1000 ms. The process cannot access the file 'C:\Users\LEGION\source\repos\PGSH\PGSH.API\bin\Debug\net9.0\PGSH.Domain.dll' because it is being used by another process. Le fichier est verrouillé par : "PGSH.API (22380)" [C:\Users\LEGION\source\repos\PGSH\PGSH.API\PGSH.API.csproj]
C:\Program Files\dotnet\sdk\9.0.310\Microsoft.Common.CurrentVersion.targets(5093,5): warning MSB3026: Impossible de copier "C:\Users\LEGION\source\repos\PGSH\PGSH.ServiceDefaults\bin\Debug\net9.0\PGSH.ServiceDefaults.dll" vers "bin\Debug\net9.0\PGSH.ServiceDefaults.dll". Nouvelle tentative de l'opération 5 dans 1000 ms. The process cannot access the file 'C:\Users\LEGION\source\repos\PGSH\PGSH.API\bin\Debug\net9.0\PGSH.ServiceDefaults.dll' because it is being used by another process. Le fichier est verrouillé par : "PGSH.API (22380)" [C:\Users\LEGION\source\repos\PGSH\PGSH.API\PGSH.API.csproj]
C:\Program Files\dotnet\sdk\9.0.310\Microsoft.Common.CurrentVersion.targets(5093,5): warning MSB3026: Impossible de copier "C:\Users\LEGION\source\repos\PGSH\PGSH.SharedKernel\bin\Debug\net9.0\PGSH.SharedKernel.dll" vers "bin\Debug\net9.0\PGSH.SharedKernel.dll". Nouvelle tentative de l'opération 5 dans 1000 ms. The process cannot access the file 'C:\Users\LEGION\source\repos\PGSH\PGSH.API\bin\Debug\net9.0\PGSH.SharedKernel.dll' because it is being used by another process. Le fichier est verrouillé par : "PGSH.API (22380)" [C:\Users\LEGION\source\repos\PGSH\PGSH.API\PGSH.API.csproj]
C:\Program Files\dotnet\sdk\9.0.310\Microsoft.Common.CurrentVersion.targets(5093,5): warning MSB3026: Impossible de copier "C:\Users\LEGION\source\repos\PGSH\PGSH.Infrastructure\bin\Debug\net9.0\PGSH.Infrastructure.dll" vers "bin\Debug\net9.0\PGSH.Infrastructure.dll". Nouvelle tentative de l'opération 5 dans 1000 ms. The process cannot access the file 'C:\Users\LEGION\source\repos\PGSH\PGSH.API\bin\Debug\net9.0\PGSH.Infrastructure.dll' because it is being used by another process. Le fichier est verrouillé par : "Microsoft Visual Studio 2022 (32344), PGSH.API (22380)" [C:\Users\LEGION\source\repos\PGSH\PGSH.API\PGSH.API.csproj]
C:\Program Files\dotnet\sdk\9.0.310\Microsoft.Common.CurrentVersion.targets(5093,5): warning MSB3026: Impossible de copier "C:\Users\LEGION\source\repos\PGSH\PGSH.Application\bin\Debug\net9.0\PGSH.Application.dll" vers "bin\Debug\net9.0\PGSH.Application.dll". Nouvelle tentative de l'opération 5 dans 1000 ms. The process cannot access the file 'C:\Users\LEGION\source\repos\PGSH\PGSH.API\bin\Debug\net9.0\PGSH.Application.dll' because it is being used by another process. Le fichier est verrouillé par : "Microsoft Visual Studio 2022 (32344), PGSH.API (22380)" [C:\Users\LEGION\source\repos\PGSH\PGSH.API\PGSH.API.csproj]
C:\Program Files\dotnet\sdk\9.0.310\Microsoft.Common.CurrentVersion.targets(5093,5): warning MSB3026: Impossible de copier "C:\Users\LEGION\source\repos\PGSH\PGSH.ServiceDefaults\bin\Debug\net9.0\PGSH.ServiceDefaults.dll" vers "bin\Debug\net9.0\PGSH.ServiceDefaults.dll". Nouvelle tentative de l'opération 6 dans 1000 ms. The process cannot access the file 'C:\Users\LEGION\source\repos\PGSH\PGSH.API\bin\Debug\net9.0\PGSH.ServiceDefaults.dll' because it is being used by another process. Le fichier est verrouillé par : "PGSH.API (22380)" [C:\Users\LEGION\source\repos\PGSH\PGSH.API\PGSH.API.csproj]
C:\Program Files\dotnet\sdk\9.0.310\Microsoft.Common.CurrentVersion.targets(5093,5): warning MSB3026: Impossible de copier "C:\Users\LEGION\source\repos\PGSH\PGSH.SharedKernel\bin\Debug\net9.0\PGSH.SharedKernel.dll" vers "bin\Debug\net9.0\PGSH.SharedKernel.dll". Nouvelle tentative de l'opération 6 dans 1000 ms. The process cannot access the file 'C:\Users\LEGION\source\repos\PGSH\PGSH.API\bin\Debug\net9.0\PGSH.SharedKernel.dll' because it is being used by another process. Le fichier est verrouillé par : "PGSH.API (22380)" [C:\Users\LEGION\source\repos\PGSH\PGSH.API\PGSH.API.csproj]
C:\Program Files\dotnet\sdk\9.0.310\Microsoft.Common.CurrentVersion.targets(5093,5): warning MSB3026: Impossible de copier "C:\Users\LEGION\source\repos\PGSH\PGSH.Domain\bin\Debug\net9.0\PGSH.Domain.dll" vers "bin\Debug\net9.0\PGSH.Domain.dll". Nouvelle tentative de l'opération 6 dans 1000 ms. The process cannot access the file 'C:\Users\LEGION\source\repos\PGSH\PGSH.API\bin\Debug\net9.0\PGSH.Domain.dll' because it is being used by another process. Le fichier est verrouillé par : "PGSH.API (22380)" [C:\Users\LEGION\source\repos\PGSH\PGSH.API\PGSH.API.csproj]
C:\Program Files\dotnet\sdk\9.0.310\Microsoft.Common.CurrentVersion.targets(5093,5): warning MSB3026: Impossible de copier "C:\Users\LEGION\source\repos\PGSH\PGSH.Infrastructure\bin\Debug\net9.0\PGSH.Infrastructure.dll" vers "bin\Debug\net9.0\PGSH.Infrastructure.dll". Nouvelle tentative de l'opération 6 dans 1000 ms. The process cannot access the file 'C:\Users\LEGION\source\repos\PGSH\PGSH.API\bin\Debug\net9.0\PGSH.Infrastructure.dll' because it is being used by another process. Le fichier est verrouillé par : "Microsoft Visual Studio 2022 (32344), PGSH.API (22380)" [C:\Users\LEGION\source\repos\PGSH\PGSH.API\PGSH.API.csproj]
C:\Program Files\dotnet\sdk\9.0.310\Microsoft.Common.CurrentVersion.targets(5093,5): warning MSB3026: Impossible de copier "C:\Users\LEGION\source\repos\PGSH\PGSH.Application\bin\Debug\net9.0\PGSH.Application.dll" vers "bin\Debug\net9.0\PGSH.Application.dll". Nouvelle tentative de l'opération 6 dans 1000 ms. The process cannot access the file 'C:\Users\LEGION\source\repos\PGSH\PGSH.API\bin\Debug\net9.0\PGSH.Application.dll' because it is being used by another process. Le fichier est verrouillé par : "Microsoft Visual Studio 2022 (32344), PGSH.API (22380)" [C:\Users\LEGION\source\repos\PGSH\PGSH.API\PGSH.API.csproj]
C:\Program Files\dotnet\sdk\9.0.310\Microsoft.Common.CurrentVersion.targets(5093,5): warning MSB3026: Impossible de copier "C:\Users\LEGION\source\repos\PGSH\PGSH.Domain\bin\Debug\net9.0\PGSH.Domain.dll" vers "bin\Debug\net9.0\PGSH.Domain.dll". Nouvelle tentative de l'opération 7 dans 1000 ms. The process cannot access the file 'C:\Users\LEGION\source\repos\PGSH\PGSH.API\bin\Debug\net9.0\PGSH.Domain.dll' because it is being used by another process. Le fichier est verrouillé par : "PGSH.API (22380)" [C:\Users\LEGION\source\repos\PGSH\PGSH.API\PGSH.API.csproj]
C:\Program Files\dotnet\sdk\9.0.310\Microsoft.Common.CurrentVersion.targets(5093,5): warning MSB3026: Impossible de copier "C:\Users\LEGION\source\repos\PGSH\PGSH.SharedKernel\bin\Debug\net9.0\PGSH.SharedKernel.dll" vers "bin\Debug\net9.0\PGSH.SharedKernel.dll". Nouvelle tentative de l'opération 7 dans 1000 ms. The process cannot access the file 'C:\Users\LEGION\source\repos\PGSH\PGSH.API\bin\Debug\net9.0\PGSH.SharedKernel.dll' because it is being used by another process. Le fichier est verrouillé par : "PGSH.API (22380)" [C:\Users\LEGION\source\repos\PGSH\PGSH.API\PGSH.API.csproj]
C:\Program Files\dotnet\sdk\9.0.310\Microsoft.Common.CurrentVersion.targets(5093,5): warning MSB3026: Impossible de copier "C:\Users\LEGION\source\repos\PGSH\PGSH.ServiceDefaults\bin\Debug\net9.0\PGSH.ServiceDefaults.dll" vers "bin\Debug\net9.0\PGSH.ServiceDefaults.dll". Nouvelle tentative de l'opération 7 dans 1000 ms. The process cannot access the file 'C:\Users\LEGION\source\repos\PGSH\PGSH.API\bin\Debug\net9.0\PGSH.ServiceDefaults.dll' because it is being used by another process. Le fichier est verrouillé par : "PGSH.API (22380)" [C:\Users\LEGION\source\repos\PGSH\PGSH.API\PGSH.API.csproj]
C:\Program Files\dotnet\sdk\9.0.310\Microsoft.Common.CurrentVersion.targets(5093,5): warning MSB3026: Impossible de copier "C:\Users\LEGION\source\repos\PGSH\PGSH.Application\bin\Debug\net9.0\PGSH.Application.dll" vers "bin\Debug\net9.0\PGSH.Application.dll". Nouvelle tentative de l'opération 7 dans 1000 ms. The process cannot access the file 'C:\Users\LEGION\source\repos\PGSH\PGSH.API\bin\Debug\net9.0\PGSH.Application.dll' because it is being used by another process. Le fichier est verrouillé par : "Microsoft Visual Studio 2022 (32344), PGSH.API (22380)" [C:\Users\LEGION\source\repos\PGSH\PGSH.API\PGSH.API.csproj]
C:\Program Files\dotnet\sdk\9.0.310\Microsoft.Common.CurrentVersion.targets(5093,5): warning MSB3026: Impossible de copier "C:\Users\LEGION\source\repos\PGSH\PGSH.Infrastructure\bin\Debug\net9.0\PGSH.Infrastructure.dll" vers "bin\Debug\net9.0\PGSH.Infrastructure.dll". Nouvelle tentative de l'opération 7 dans 1000 ms. The process cannot access the file 'C:\Users\LEGION\source\repos\PGSH\PGSH.API\bin\Debug\net9.0\PGSH.Infrastructure.dll' because it is being used by another process. Le fichier est verrouillé par : "Microsoft Visual Studio 2022 (32344), PGSH.API (22380)" [C:\Users\LEGION\source\repos\PGSH\PGSH.API\PGSH.API.csproj]
C:\Program Files\dotnet\sdk\9.0.310\Microsoft.Common.CurrentVersion.targets(5093,5): warning MSB3026: Impossible de copier "C:\Users\LEGION\source\repos\PGSH\PGSH.Domain\bin\Debug\net9.0\PGSH.Domain.dll" vers "bin\Debug\net9.0\PGSH.Domain.dll". Nouvelle tentative de l'opération 8 dans 1000 ms. The process cannot access the file 'C:\Users\LEGION\source\repos\PGSH\PGSH.API\bin\Debug\net9.0\PGSH.Domain.dll' because it is being used by another process. Le fichier est verrouillé par : "PGSH.API (22380)" [C:\Users\LEGION\source\repos\PGSH\PGSH.API\PGSH.API.csproj]
C:\Program Files\dotnet\sdk\9.0.310\Microsoft.Common.CurrentVersion.targets(5093,5): warning MSB3026: Impossible de copier "C:\Users\LEGION\source\repos\PGSH\PGSH.ServiceDefaults\bin\Debug\net9.0\PGSH.ServiceDefaults.dll" vers "bin\Debug\net9.0\PGSH.ServiceDefaults.dll". Nouvelle tentative de l'opération 8 dans 1000 ms. The process cannot access the file 'C:\Users\LEGION\source\repos\PGSH\PGSH.API\bin\Debug\net9.0\PGSH.ServiceDefaults.dll' because it is being used by another process. Le fichier est verrouillé par : "PGSH.API (22380)" [C:\Users\LEGION\source\repos\PGSH\PGSH.API\PGSH.API.csproj]
C:\Program Files\dotnet\sdk\9.0.310\Microsoft.Common.CurrentVersion.targets(5093,5): warning MSB3026: Impossible de copier "C:\Users\LEGION\source\repos\PGSH\PGSH.SharedKernel\bin\Debug\net9.0\PGSH.SharedKernel.dll" vers "bin\Debug\net9.0\PGSH.SharedKernel.dll". Nouvelle tentative de l'opération 8 dans 1000 ms. The process cannot access the file 'C:\Users\LEGION\source\repos\PGSH\PGSH.API\bin\Debug\net9.0\PGSH.SharedKernel.dll' because it is being used by another process. Le fichier est verrouillé par : "PGSH.API (22380)" [C:\Users\LEGION\source\repos\PGSH\PGSH.API\PGSH.API.csproj]
C:\Program Files\dotnet\sdk\9.0.310\Microsoft.Common.CurrentVersion.targets(5093,5): warning MSB3026: Impossible de copier "C:\Users\LEGION\source\repos\PGSH\PGSH.Application\bin\Debug\net9.0\PGSH.Application.dll" vers "bin\Debug\net9.0\PGSH.Application.dll". Nouvelle tentative de l'opération 8 dans 1000 ms. The process cannot access the file 'C:\Users\LEGION\source\repos\PGSH\PGSH.API\bin\Debug\net9.0\PGSH.Application.dll' because it is being used by another process. Le fichier est verrouillé par : "Microsoft Visual Studio 2022 (32344), PGSH.API (22380)" [C:\Users\LEGION\source\repos\PGSH\PGSH.API\PGSH.API.csproj]
C:\Program Files\dotnet\sdk\9.0.310\Microsoft.Common.CurrentVersion.targets(5093,5): warning MSB3026: Impossible de copier "C:\Users\LEGION\source\repos\PGSH\PGSH.Infrastructure\bin\Debug\net9.0\PGSH.Infrastructure.dll" vers "bin\Debug\net9.0\PGSH.Infrastructure.dll". Nouvelle tentative de l'opération 8 dans 1000 ms. The process cannot access the file 'C:\Users\LEGION\source\repos\PGSH\PGSH.API\bin\Debug\net9.0\PGSH.Infrastructure.dll' because it is being used by another process. Le fichier est verrouillé par : "Microsoft Visual Studio 2022 (32344), PGSH.API (22380)" [C:\Users\LEGION\source\repos\PGSH\PGSH.API\PGSH.API.csproj]
C:\Program Files\dotnet\sdk\9.0.310\Microsoft.Common.CurrentVersion.targets(5093,5): warning MSB3026: Impossible de copier "C:\Users\LEGION\source\repos\PGSH\PGSH.ServiceDefaults\bin\Debug\net9.0\PGSH.ServiceDefaults.dll" vers "bin\Debug\net9.0\PGSH.ServiceDefaults.dll". Nouvelle tentative de l'opération 9 dans 1000 ms. The process cannot access the file 'C:\Users\LEGION\source\repos\PGSH\PGSH.API\bin\Debug\net9.0\PGSH.ServiceDefaults.dll' because it is being used by another process. Le fichier est verrouillé par : "PGSH.API (22380)" [C:\Users\LEGION\source\repos\PGSH\PGSH.API\PGSH.API.csproj]
C:\Program Files\dotnet\sdk\9.0.310\Microsoft.Common.CurrentVersion.targets(5093,5): warning MSB3026: Impossible de copier "C:\Users\LEGION\source\repos\PGSH\PGSH.Domain\bin\Debug\net9.0\PGSH.Domain.dll" vers "bin\Debug\net9.0\PGSH.Domain.dll". Nouvelle tentative de l'opération 9 dans 1000 ms. The process cannot access the file 'C:\Users\LEGION\source\repos\PGSH\PGSH.API\bin\Debug\net9.0\PGSH.Domain.dll' because it is being used by another process. Le fichier est verrouillé par : "PGSH.API (22380)" [C:\Users\LEGION\source\repos\PGSH\PGSH.API\PGSH.API.csproj]
C:\Program Files\dotnet\sdk\9.0.310\Microsoft.Common.CurrentVersion.targets(5093,5): warning MSB3026: Impossible de copier "C:\Users\LEGION\source\repos\PGSH\PGSH.SharedKernel\bin\Debug\net9.0\PGSH.SharedKernel.dll" vers "bin\Debug\net9.0\PGSH.SharedKernel.dll". Nouvelle tentative de l'opération 9 dans 1000 ms. The process cannot access the file 'C:\Users\LEGION\source\repos\PGSH\PGSH.API\bin\Debug\net9.0\PGSH.SharedKernel.dll' because it is being used by another process. Le fichier est verrouillé par : "PGSH.API (22380)" [C:\Users\LEGION\source\repos\PGSH\PGSH.API\PGSH.API.csproj]
C:\Program Files\dotnet\sdk\9.0.310\Microsoft.Common.CurrentVersion.targets(5093,5): warning MSB3026: Impossible de copier "C:\Users\LEGION\source\repos\PGSH\PGSH.Application\bin\Debug\net9.0\PGSH.Application.dll" vers "bin\Debug\net9.0\PGSH.Application.dll". Nouvelle tentative de l'opération 9 dans 1000 ms. The process cannot access the file 'C:\Users\LEGION\source\repos\PGSH\PGSH.API\bin\Debug\net9.0\PGSH.Application.dll' because it is being used by another process. Le fichier est verrouillé par : "Microsoft Visual Studio 2022 (32344), PGSH.API (22380)" [C:\Users\LEGION\source\repos\PGSH\PGSH.API\PGSH.API.csproj]
C:\Program Files\dotnet\sdk\9.0.310\Microsoft.Common.CurrentVersion.targets(5093,5): warning MSB3026: Impossible de copier "C:\Users\LEGION\source\repos\PGSH\PGSH.Infrastructure\bin\Debug\net9.0\PGSH.Infrastructure.dll" vers "bin\Debug\net9.0\PGSH.Infrastructure.dll". Nouvelle tentative de l'opération 9 dans 1000 ms. The process cannot access the file 'C:\Users\LEGION\source\repos\PGSH\PGSH.API\bin\Debug\net9.0\PGSH.Infrastructure.dll' because it is being used by another process. Le fichier est verrouillé par : "Microsoft Visual Studio 2022 (32344), PGSH.API (22380)" [C:\Users\LEGION\source\repos\PGSH\PGSH.API\PGSH.API.csproj]
C:\Program Files\dotnet\sdk\9.0.310\Microsoft.Common.CurrentVersion.targets(5093,5): warning MSB3026: Impossible de copier "C:\Users\LEGION\source\repos\PGSH\PGSH.Domain\bin\Debug\net9.0\PGSH.Domain.dll" vers "bin\Debug\net9.0\PGSH.Domain.dll". Nouvelle tentative de l'opération 10 dans 1000 ms. The process cannot access the file 'C:\Users\LEGION\source\repos\PGSH\PGSH.API\bin\Debug\net9.0\PGSH.Domain.dll' because it is being used by another process. Le fichier est verrouillé par : "PGSH.API (22380)" [C:\Users\LEGION\source\repos\PGSH\PGSH.API\PGSH.API.csproj]
C:\Program Files\dotnet\sdk\9.0.310\Microsoft.Common.CurrentVersion.targets(5093,5): warning MSB3026: Impossible de copier "C:\Users\LEGION\source\repos\PGSH\PGSH.ServiceDefaults\bin\Debug\net9.0\PGSH.ServiceDefaults.dll" vers "bin\Debug\net9.0\PGSH.ServiceDefaults.dll". Nouvelle tentative de l'opération 10 dans 1000 ms. The process cannot access the file 'C:\Users\LEGION\source\repos\PGSH\PGSH.API\bin\Debug\net9.0\PGSH.ServiceDefaults.dll' because it is being used by another process. Le fichier est verrouillé par : "PGSH.API (22380)" [C:\Users\LEGION\source\repos\PGSH\PGSH.API\PGSH.API.csproj]
C:\Program Files\dotnet\sdk\9.0.310\Microsoft.Common.CurrentVersion.targets(5093,5): warning MSB3026: Impossible de copier "C:\Users\LEGION\source\repos\PGSH\PGSH.SharedKernel\bin\Debug\net9.0\PGSH.SharedKernel.dll" vers "bin\Debug\net9.0\PGSH.SharedKernel.dll". Nouvelle tentative de l'opération 10 dans 1000 ms. The process cannot access the file 'C:\Users\LEGION\source\repos\PGSH\PGSH.API\bin\Debug\net9.0\PGSH.SharedKernel.dll' because it is being used by another process. Le fichier est verrouillé par : "PGSH.API (22380)" [C:\Users\LEGION\source\repos\PGSH\PGSH.API\PGSH.API.csproj]
C:\Program Files\dotnet\sdk\9.0.310\Microsoft.Common.CurrentVersion.targets(5093,5): warning MSB3026: Impossible de copier "C:\Users\LEGION\source\repos\PGSH\PGSH.Infrastructure\bin\Debug\net9.0\PGSH.Infrastructure.dll" vers "bin\Debug\net9.0\PGSH.Infrastructure.dll". Nouvelle tentative de l'opération 10 dans 1000 ms. The process cannot access the file 'C:\Users\LEGION\source\repos\PGSH\PGSH.API\bin\Debug\net9.0\PGSH.Infrastructure.dll' because it is being used by another process. Le fichier est verrouillé par : "Microsoft Visual Studio 2022 (32344), PGSH.API (22380)" [C:\Users\LEGION\source\repos\PGSH\PGSH.API\PGSH.API.csproj]
C:\Program Files\dotnet\sdk\9.0.310\Microsoft.Common.CurrentVersion.targets(5093,5): warning MSB3026: Impossible de copier "C:\Users\LEGION\source\repos\PGSH\PGSH.Application\bin\Debug\net9.0\PGSH.Application.dll" vers "bin\Debug\net9.0\PGSH.Application.dll". Nouvelle tentative de l'opération 10 dans 1000 ms. The process cannot access the file 'C:\Users\LEGION\source\repos\PGSH\PGSH.API\bin\Debug\net9.0\PGSH.Application.dll' because it is being used by another process. Le fichier est verrouillé par : "Microsoft Visual Studio 2022 (32344), PGSH.API (22380)" [C:\Users\LEGION\source\repos\PGSH\PGSH.API\PGSH.API.csproj]
C:\Program Files\dotnet\sdk\9.0.310\Microsoft.Common.CurrentVersion.targets(5093,5): error MSB3027: Impossible de copier "C:\Users\LEGION\source\repos\PGSH\PGSH.Domain\bin\Debug\net9.0\PGSH.Domain.dll" vers "bin\Debug\net9.0\PGSH.Domain.dll". Dépassement du nombre maximal de nouvelles tentatives de 10. Échec. Le fichier est verrouillé par : "PGSH.API (22380)" [C:\Users\LEGION\source\repos\PGSH\PGSH.API\PGSH.API.csproj]
C:\Program Files\dotnet\sdk\9.0.310\Microsoft.Common.CurrentVersion.targets(5093,5): error MSB3021: Impossible de copier le fichier "C:\Users\LEGION\source\repos\PGSH\PGSH.Domain\bin\Debug\net9.0\PGSH.Domain.dll" vers "bin\Debug\net9.0\PGSH.Domain.dll". The process cannot access the file 'C:\Users\LEGION\source\repos\PGSH\PGSH.API\bin\Debug\net9.0\PGSH.Domain.dll' because it is being used by another process. [C:\Users\LEGION\source\repos\PGSH\PGSH.API\PGSH.API.csproj]
C:\Program Files\dotnet\sdk\9.0.310\Microsoft.Common.CurrentVersion.targets(5093,5): error MSB3027: Impossible de copier "C:\Users\LEGION\source\repos\PGSH\PGSH.ServiceDefaults\bin\Debug\net9.0\PGSH.ServiceDefaults.dll" vers "bin\Debug\net9.0\PGSH.ServiceDefaults.dll". Dépassement du nombre maximal de nouvelles tentatives de 10. Échec. Le fichier est verrouillé par : "PGSH.API (22380)" [C:\Users\LEGION\source\repos\PGSH\PGSH.API\PGSH.API.csproj]
C:\Program Files\dotnet\sdk\9.0.310\Microsoft.Common.CurrentVersion.targets(5093,5): error MSB3021: Impossible de copier le fichier "C:\Users\LEGION\source\repos\PGSH\PGSH.ServiceDefaults\bin\Debug\net9.0\PGSH.ServiceDefaults.dll" vers "bin\Debug\net9.0\PGSH.ServiceDefaults.dll". The process cannot access the file 'C:\Users\LEGION\source\repos\PGSH\PGSH.API\bin\Debug\net9.0\PGSH.ServiceDefaults.dll' because it is being used by another process. [C:\Users\LEGION\source\repos\PGSH\PGSH.API\PGSH.API.csproj]
C:\Program Files\dotnet\sdk\9.0.310\Microsoft.Common.CurrentVersion.targets(5093,5): error MSB3027: Impossible de copier "C:\Users\LEGION\source\repos\PGSH\PGSH.SharedKernel\bin\Debug\net9.0\PGSH.SharedKernel.dll" vers "bin\Debug\net9.0\PGSH.SharedKernel.dll". Dépassement du nombre maximal de nouvelles tentatives de 10. Échec. Le fichier est verrouillé par : "PGSH.API (22380)" [C:\Users\LEGION\source\repos\PGSH\PGSH.API\PGSH.API.csproj]
C:\Program Files\dotnet\sdk\9.0.310\Microsoft.Common.CurrentVersion.targets(5093,5): error MSB3021: Impossible de copier le fichier "C:\Users\LEGION\source\repos\PGSH\PGSH.SharedKernel\bin\Debug\net9.0\PGSH.SharedKernel.dll" vers "bin\Debug\net9.0\PGSH.SharedKernel.dll". The process cannot access the file 'C:\Users\LEGION\source\repos\PGSH\PGSH.API\bin\Debug\net9.0\PGSH.SharedKernel.dll' because it is being used by another process. [C:\Users\LEGION\source\repos\PGSH\PGSH.API\PGSH.API.csproj]
C:\Program Files\dotnet\sdk\9.0.310\Microsoft.Common.CurrentVersion.targets(5093,5): error MSB3027: Impossible de copier "C:\Users\LEGION\source\repos\PGSH\PGSH.Infrastructure\bin\Debug\net9.0\PGSH.Infrastructure.dll" vers "bin\Debug\net9.0\PGSH.Infrastructure.dll". Dépassement du nombre maximal de nouvelles tentatives de 10. Échec. Le fichier est verrouillé par : "Microsoft Visual Studio 2022 (32344), PGSH.API (22380)" [C:\Users\LEGION\source\repos\PGSH\PGSH.API\PGSH.API.csproj]
C:\Program Files\dotnet\sdk\9.0.310\Microsoft.Common.CurrentVersion.targets(5093,5): error MSB3021: Impossible de copier le fichier "C:\Users\LEGION\source\repos\PGSH\PGSH.Infrastructure\bin\Debug\net9.0\PGSH.Infrastructure.dll" vers "bin\Debug\net9.0\PGSH.Infrastructure.dll". The process cannot access the file 'C:\Users\LEGION\source\repos\PGSH\PGSH.API\bin\Debug\net9.0\PGSH.Infrastructure.dll' because it is being used by another process. [C:\Users\LEGION\source\repos\PGSH\PGSH.API\PGSH.API.csproj]
C:\Program Files\dotnet\sdk\9.0.310\Microsoft.Common.CurrentVersion.targets(5093,5): error MSB3027: Impossible de copier "C:\Users\LEGION\source\repos\PGSH\PGSH.Application\bin\Debug\net9.0\PGSH.Application.dll" vers "bin\Debug\net9.0\PGSH.Application.dll". Dépassement du nombre maximal de nouvelles tentatives de 10. Échec. Le fichier est verrouillé par : "Microsoft Visual Studio 2022 (32344), PGSH.API (22380)" [C:\Users\LEGION\source\repos\PGSH\PGSH.API\PGSH.API.csproj]
C:\Program Files\dotnet\sdk\9.0.310\Microsoft.Common.CurrentVersion.targets(5093,5): error MSB3021: Impossible de copier le fichier "C:\Users\LEGION\source\repos\PGSH\PGSH.Application\bin\Debug\net9.0\PGSH.Application.dll" vers "bin\Debug\net9.0\PGSH.Application.dll". The process cannot access the file 'C:\Users\LEGION\source\repos\PGSH\PGSH.API\bin\Debug\net9.0\PGSH.Application.dll' because it is being used by another process. [C:\Users\LEGION\source\repos\PGSH\PGSH.API\PGSH.API.csproj]

ÉCHEC de la build.

C:\Users\LEGION\source\repos\PGSH\PGSH.ServiceDefaults\PGSH.ServiceDefaults.csproj : warning NU1902: Le package 'OpenTelemetry.Exporter.OpenTelemetryProtocol' 1.9.0 présente une vulnérabilité de gravité moyenne connue, https://github.com/advisories/GHSA-4625-4j76-fww9. [C:\Users\LEGION\source\repos\PGSH\PGSH.API\PGSH.API.csproj]
C:\Program Files\dotnet\sdk\9.0.310\Microsoft.Common.CurrentVersion.targets(5932,5): warning MSB3061: Impossible de supprimer le fichier « C:\Users\LEGION\source\repos\PGSH\PGSH.API\bin\Debug\net9.0\PGSH.API.exe ». Access to the path 'C:\Users\LEGION\source\repos\PGSH\PGSH.API\bin\Debug\net9.0\PGSH.API.exe' is denied. Le fichier est verrouillé par : "PGSH.API (22380)" [C:\Users\LEGION\source\repos\PGSH\PGSH.API\PGSH.API.csproj]
C:\Program Files\dotnet\sdk\9.0.310\Microsoft.Common.CurrentVersion.targets(5932,5): warning MSB3061: Impossible de supprimer le fichier « C:\Users\LEGION\source\repos\PGSH\PGSH.API\bin\Debug\net9.0\PGSH.API.dll ». Access to the path 'C:\Users\LEGION\source\repos\PGSH\PGSH.API\bin\Debug\net9.0\PGSH.API.dll' is denied. Le fichier est verrouillé par : "Microsoft Visual Studio 2022 (32344), PGSH.API (22380)" [C:\Users\LEGION\source\repos\PGSH\PGSH.API\PGSH.API.csproj]
C:\Program Files\dotnet\sdk\9.0.310\Microsoft.Common.CurrentVersion.targets(5932,5): warning MSB3061: Impossible de supprimer le fichier « C:\Users\LEGION\source\repos\PGSH\PGSH.API\bin\Debug\net9.0\Aspire.Keycloak.Authentication.dll ». Access to the path 'C:\Users\LEGION\source\repos\PGSH\PGSH.API\bin\Debug\net9.0\Aspire.Keycloak.Authentication.dll' is denied. Le fichier est verrouillé par : "PGSH.API (22380)" [C:\Users\LEGION\source\repos\PGSH\PGSH.API\PGSH.API.csproj]
C:\Program Files\dotnet\sdk\9.0.310\Microsoft.Common.CurrentVersion.targets(5932,5): warning MSB3061: Impossible de supprimer le fichier « C:\Users\LEGION\source\repos\PGSH\PGSH.API\bin\Debug\net9.0\Aspire.Npgsql.EntityFrameworkCore.PostgreSQL.dll ». Access to the path 'C:\Users\LEGION\source\repos\PGSH\PGSH.API\bin\Debug\net9.0\Aspire.Npgsql.EntityFrameworkCore.PostgreSQL.dll' is denied. Le fichier est verrouillé par : "PGSH.API (22380)" [C:\Users\LEGION\source\repos\PGSH\PGSH.API\PGSH.API.csproj]
C:\Program Files\dotnet\sdk\9.0.310\Microsoft.Common.CurrentVersion.targets(5932,5): warning MSB3061: Impossible de supprimer le fichier « C:\Users\LEGION\source\repos\PGSH\PGSH.API\bin\Debug\net9.0\FluentValidation.dll ». Access to the path 'C:\Users\LEGION\source\repos\PGSH\PGSH.API\bin\Debug\net9.0\FluentValidation.dll' is denied. Le fichier est verrouillé par : "Microsoft Visual Studio 2022 (32344), PGSH.API (22380)" [C:\Users\LEGION\source\repos\PGSH\PGSH.API\PGSH.API.csproj]
C:\Program Files\dotnet\sdk\9.0.310\Microsoft.Common.CurrentVersion.targets(5932,5): warning MSB3061: Impossible de supprimer le fichier « C:\Users\LEGION\source\repos\PGSH\PGSH.API\bin\Debug\net9.0\FluentValidation.DependencyInjectionExtensions.dll ». Access to the path 'C:\Users\LEGION\source\repos\PGSH\PGSH.API\bin\Debug\net9.0\FluentValidation.DependencyInjectionExtensions.dll' is denied. Le fichier est verrouillé par : "PGSH.API (22380)" [C:\Users\LEGION\source\repos\PGSH\PGSH.API\PGSH.API.csproj]
C:\Program Files\dotnet\sdk\9.0.310\Microsoft.Common.CurrentVersion.targets(5932,5): warning MSB3061: Impossible de supprimer le fichier « C:\Users\LEGION\source\repos\PGSH\PGSH.API\bin\Debug\net9.0\Google.Protobuf.dll ». Access to the path 'C:\Users\LEGION\source\repos\PGSH\PGSH.API\bin\Debug\net9.0\Google.Protobuf.dll' is denied. Le fichier est verrouillé par : "Microsoft Visual Studio 2022 (32344), PGSH.API (22380)" [C:\Users\LEGION\source\repos\PGSH\PGSH.API\PGSH.API.csproj]
C:\Program Files\dotnet\sdk\9.0.310\Microsoft.Common.CurrentVersion.targets(5932,5): warning MSB3061: Impossible de supprimer le fichier « C:\Users\LEGION\source\repos\PGSH\PGSH.API\bin\Debug\net9.0\Grpc.Core.Api.dll ». Access to the path 'C:\Users\LEGION\source\repos\PGSH\PGSH.API\bin\Debug\net9.0\Grpc.Core.Api.dll' is denied. Le fichier est verrouillé par : "PGSH.API (22380)" [C:\Users\LEGION\source\repos\PGSH\PGSH.API\PGSH.API.csproj]
C:\Program Files\dotnet\sdk\9.0.310\Microsoft.Common.CurrentVersion.targets(5932,5): warning MSB3061: Impossible de supprimer le fichier « C:\Users\LEGION\source\repos\PGSH\PGSH.API\bin\Debug\net9.0\Grpc.Net.Client.dll ». Access to the path 'C:\Users\LEGION\source\repos\PGSH\PGSH.API\bin\Debug\net9.0\Grpc.Net.Client.dll' is denied. Le fichier est verrouillé par : "Microsoft Visual Studio 2022 (32344), PGSH.API (22380)" [C:\Users\LEGION\source\repos\PGSH\PGSH.API\PGSH.API.csproj]
C:\Program Files\dotnet\sdk\9.0.310\Microsoft.Common.CurrentVersion.targets(5932,5): warning MSB3061: Impossible de supprimer le fichier « C:\Users\LEGION\source\repos\PGSH\PGSH.API\bin\Debug\net9.0\Grpc.Net.Common.dll ». Access to the path 'C:\Users\LEGION\source\repos\PGSH\PGSH.API\bin\Debug\net9.0\Grpc.Net.Common.dll' is denied. Le fichier est verrouillé par : "PGSH.API (22380)" [C:\Users\LEGION\source\repos\PGSH\PGSH.API\PGSH.API.csproj]
C:\Program Files\dotnet\sdk\9.0.310\Microsoft.Common.CurrentVersion.targets(5932,5): warning MSB3061: Impossible de supprimer le fichier « C:\Users\LEGION\source\repos\PGSH\PGSH.API\bin\Debug\net9.0\MediatR.dll ». Access to the path 'C:\Users\LEGION\source\repos\PGSH\PGSH.API\bin\Debug\net9.0\MediatR.dll' is denied. Le fichier est verrouillé par : "Microsoft Visual Studio 2022 (32344), PGSH.API (22380)" [C:\Users\LEGION\source\repos\PGSH\PGSH.API\PGSH.API.csproj]
C:\Program Files\dotnet\sdk\9.0.310\Microsoft.Common.CurrentVersion.targets(5932,5): warning MSB3061: Impossible de supprimer le fichier « C:\Users\LEGION\source\repos\PGSH\PGSH.API\bin\Debug\net9.0\MediatR.Contracts.dll ». Access to the path 'C:\Users\LEGION\source\repos\PGSH\PGSH.API\bin\Debug\net9.0\MediatR.Contracts.dll' is denied. Le fichier est verrouillé par : "PGSH.API (22380)" [C:\Users\LEGION\source\repos\PGSH\PGSH.API\PGSH.API.csproj]
C:\Program Files\dotnet\sdk\9.0.310\Microsoft.Common.CurrentVersion.targets(5932,5): warning MSB3061: Impossible de supprimer le fichier « C:\Users\LEGION\source\repos\PGSH\PGSH.API\bin\Debug\net9.0\Microsoft.AspNetCore.Authentication.JwtBearer.dll ». Access to the path 'C:\Users\LEGION\source\repos\PGSH\PGSH.API\bin\Debug\net9.0\Microsoft.AspNetCore.Authentication.JwtBearer.dll' is denied. Le fichier est verrouillé par : "PGSH.API (22380)" [C:\Users\LEGION\source\repos\PGSH\PGSH.API\PGSH.API.csproj]
C:\Program Files\dotnet\sdk\9.0.310\Microsoft.Common.CurrentVersion.targets(5932,5): warning MSB3061: Impossible de supprimer le fichier « C:\Users\LEGION\source\repos\PGSH\PGSH.API\bin\Debug\net9.0\Microsoft.AspNetCore.OpenApi.dll ». Access to the path 'C:\Users\LEGION\source\repos\PGSH\PGSH.API\bin\Debug\net9.0\Microsoft.AspNetCore.OpenApi.dll' is denied. Le fichier est verrouillé par : "Microsoft Visual Studio 2022 (32344), PGSH.API (22380)" [C:\Users\LEGION\source\repos\PGSH\PGSH.API\PGSH.API.csproj]
C:\Program Files\dotnet\sdk\9.0.310\Microsoft.Common.CurrentVersion.targets(5932,5): warning MSB3061: Impossible de supprimer le fichier « C:\Users\LEGION\source\repos\PGSH\PGSH.API\bin\Debug\net9.0\Microsoft.EntityFrameworkCore.dll ». Access to the path 'C:\Users\LEGION\source\repos\PGSH\PGSH.API\bin\Debug\net9.0\Microsoft.EntityFrameworkCore.dll' is denied. Le fichier est verrouillé par : "Microsoft Visual Studio 2022 (32344), PGSH.API (22380)" [C:\Users\LEGION\source\repos\PGSH\PGSH.API\PGSH.API.csproj]
C:\Program Files\dotnet\sdk\9.0.310\Microsoft.Common.CurrentVersion.targets(5932,5): warning MSB3061: Impossible de supprimer le fichier « C:\Users\LEGION\source\repos\PGSH\PGSH.API\bin\Debug\net9.0\Microsoft.EntityFrameworkCore.Abstractions.dll ». Access to the path 'C:\Users\LEGION\source\repos\PGSH\PGSH.API\bin\Debug\net9.0\Microsoft.EntityFrameworkCore.Abstractions.dll' is denied. Le fichier est verrouillé par : "PGSH.API (22380)" [C:\Users\LEGION\source\repos\PGSH\PGSH.API\PGSH.API.csproj]
C:\Program Files\dotnet\sdk\9.0.310\Microsoft.Common.CurrentVersion.targets(5932,5): warning MSB3061: Impossible de supprimer le fichier « C:\Users\LEGION\source\repos\PGSH\PGSH.API\bin\Debug\net9.0\Microsoft.EntityFrameworkCore.Relational.dll ». Access to the path 'C:\Users\LEGION\source\repos\PGSH\PGSH.API\bin\Debug\net9.0\Microsoft.EntityFrameworkCore.Relational.dll' is denied. Le fichier est verrouillé par : "Microsoft Visual Studio 2022 (32344), PGSH.API (22380)" [C:\Users\LEGION\source\repos\PGSH\PGSH.API\PGSH.API.csproj]
C:\Program Files\dotnet\sdk\9.0.310\Microsoft.Common.CurrentVersion.targets(5932,5): warning MSB3061: Impossible de supprimer le fichier « C:\Users\LEGION\source\repos\PGSH\PGSH.API\bin\Debug\net9.0\Microsoft.Extensions.DependencyModel.dll ». Access to the path 'C:\Users\LEGION\source\repos\PGSH\PGSH.API\bin\Debug\net9.0\Microsoft.Extensions.DependencyModel.dll' is denied. Le fichier est verrouillé par : "Microsoft Visual Studio 2022 (32344), PGSH.API (22380)" [C:\Users\LEGION\source\repos\PGSH\PGSH.API\PGSH.API.csproj]
C:\Program Files\dotnet\sdk\9.0.310\Microsoft.Common.CurrentVersion.targets(5932,5): warning MSB3061: Impossible de supprimer le fichier « C:\Users\LEGION\source\repos\PGSH\PGSH.API\bin\Debug\net9.0\Microsoft.Extensions.Diagnostics.ExceptionSummarization.dll ». Access to the path 'C:\Users\LEGION\source\repos\PGSH\PGSH.API\bin\Debug\net9.0\Microsoft.Extensions.Diagnostics.ExceptionSummarization.dll' is denied. Le fichier est verrouillé par : "PGSH.API (22380)" [C:\Users\LEGION\source\repos\PGSH\PGSH.API\PGSH.API.csproj]
C:\Program Files\dotnet\sdk\9.0.310\Microsoft.Common.CurrentVersion.targets(5932,5): warning MSB3061: Impossible de supprimer le fichier « C:\Users\LEGION\source\repos\PGSH\PGSH.API\bin\Debug\net9.0\Microsoft.Extensions.Diagnostics.HealthChecks.EntityFrameworkCore.dll ». Access to the path 'C:\Users\LEGION\source\repos\PGSH\PGSH.API\bin\Debug\net9.0\Microsoft.Extensions.Diagnostics.HealthChecks.EntityFrameworkCore.dll' is denied. Le fichier est verrouillé par : "PGSH.API (22380)" [C:\Users\LEGION\source\repos\PGSH\PGSH.API\PGSH.API.csproj]
C:\Program Files\dotnet\sdk\9.0.310\Microsoft.Common.CurrentVersion.targets(5932,5): warning MSB3061: Impossible de supprimer le fichier « C:\Users\LEGION\source\repos\PGSH\PGSH.API\bin\Debug\net9.0\Microsoft.Extensions.Http.Diagnostics.dll ». Access to the path 'C:\Users\LEGION\source\repos\PGSH\PGSH.API\bin\Debug\net9.0\Microsoft.Extensions.Http.Diagnostics.dll' is denied. Le fichier est verrouillé par : "Microsoft Visual Studio 2022 (32344), PGSH.API (22380)" [C:\Users\LEGION\source\repos\PGSH\PGSH.API\PGSH.API.csproj]
C:\Program Files\dotnet\sdk\9.0.310\Microsoft.Common.CurrentVersion.targets(5932,5): warning MSB3061: Impossible de supprimer le fichier « C:\Users\LEGION\source\repos\PGSH\PGSH.API\bin\Debug\net9.0\Microsoft.Extensions.Http.Resilience.dll ». Access to the path 'C:\Users\LEGION\source\repos\PGSH\PGSH.API\bin\Debug\net9.0\Microsoft.Extensions.Http.Resilience.dll' is denied. Le fichier est verrouillé par : "Microsoft Visual Studio 2022 (32344), PGSH.API (22380)" [C:\Users\LEGION\source\repos\PGSH\PGSH.API\PGSH.API.csproj]
C:\Program Files\dotnet\sdk\9.0.310\Microsoft.Common.CurrentVersion.targets(5932,5): warning MSB3061: Impossible de supprimer le fichier « C:\Users\LEGION\source\repos\PGSH\PGSH.API\bin\Debug\net9.0\Microsoft.Extensions.ServiceDiscovery.dll ». Access to the path 'C:\Users\LEGION\source\repos\PGSH\PGSH.API\bin\Debug\net9.0\Microsoft.Extensions.ServiceDiscovery.dll' is denied. Le fichier est verrouillé par : "Microsoft Visual Studio 2022 (32344), PGSH.API (22380)" [C:\Users\LEGION\source\repos\PGSH\PGSH.API\PGSH.API.csproj]
C:\Program Files\dotnet\sdk\9.0.310\Microsoft.Common.CurrentVersion.targets(5932,5): warning MSB3061: Impossible de supprimer le fichier « C:\Users\LEGION\source\repos\PGSH\PGSH.API\bin\Debug\net9.0\Microsoft.Extensions.ServiceDiscovery.Abstractions.dll ». Access to the path 'C:\Users\LEGION\source\repos\PGSH\PGSH.API\bin\Debug\net9.0\Microsoft.Extensions.ServiceDiscovery.Abstractions.dll' is denied. Le fichier est verrouillé par : "PGSH.API (22380)" [C:\Users\LEGION\source\repos\PGSH\PGSH.API\PGSH.API.csproj]
C:\Program Files\dotnet\sdk\9.0.310\Microsoft.Common.CurrentVersion.targets(5932,5): warning MSB3061: Impossible de supprimer le fichier « C:\Users\LEGION\source\repos\PGSH\PGSH.API\bin\Debug\net9.0\Microsoft.Extensions.Telemetry.dll ». Access to the path 'C:\Users\LEGION\source\repos\PGSH\PGSH.API\bin\Debug\net9.0\Microsoft.Extensions.Telemetry.dll' is denied. Le fichier est verrouillé par : "Microsoft Visual Studio 2022 (32344), PGSH.API (22380)" [C:\Users\LEGION\source\repos\PGSH\PGSH.API\PGSH.API.csproj]
C:\Program Files\dotnet\sdk\9.0.310\Microsoft.Common.CurrentVersion.targets(5932,5): warning MSB3061: Impossible de supprimer le fichier « C:\Users\LEGION\source\repos\PGSH\PGSH.API\bin\Debug\net9.0\Microsoft.Extensions.Telemetry.Abstractions.dll ». Access to the path 'C:\Users\LEGION\source\repos\PGSH\PGSH.API\bin\Debug\net9.0\Microsoft.Extensions.Telemetry.Abstractions.dll' is denied. Le fichier est verrouillé par : "PGSH.API (22380)" [C:\Users\LEGION\source\repos\PGSH\PGSH.API\PGSH.API.csproj]
C:\Program Files\dotnet\sdk\9.0.310\Microsoft.Common.CurrentVersion.targets(5932,5): warning MSB3061: Impossible de supprimer le fichier « C:\Users\LEGION\source\repos\PGSH\PGSH.API\bin\Debug\net9.0\Microsoft.IdentityModel.Abstractions.dll ». Access to the path 'C:\Users\LEGION\source\repos\PGSH\PGSH.API\bin\Debug\net9.0\Microsoft.IdentityModel.Abstractions.dll' is denied. Le fichier est verrouillé par : "PGSH.API (22380)" [C:\Users\LEGION\source\repos\PGSH\PGSH.API\PGSH.API.csproj]
C:\Program Files\dotnet\sdk\9.0.310\Microsoft.Common.CurrentVersion.targets(5932,5): warning MSB3061: Impossible de supprimer le fichier « C:\Users\LEGION\source\repos\PGSH\PGSH.API\bin\Debug\net9.0\Microsoft.IdentityModel.JsonWebTokens.dll ». Access to the path 'C:\Users\LEGION\source\repos\PGSH\PGSH.API\bin\Debug\net9.0\Microsoft.IdentityModel.JsonWebTokens.dll' is denied. Le fichier est verrouillé par : "Microsoft Visual Studio 2022 (32344), PGSH.API (22380)" [C:\Users\LEGION\source\repos\PGSH\PGSH.API\PGSH.API.csproj]
C:\Program Files\dotnet\sdk\9.0.310\Microsoft.Common.CurrentVersion.targets(5932,5): warning MSB3061: Impossible de supprimer le fichier « C:\Users\LEGION\source\repos\PGSH\PGSH.API\bin\Debug\net9.0\Microsoft.IdentityModel.Logging.dll ». Access to the path 'C:\Users\LEGION\source\repos\PGSH\PGSH.API\bin\Debug\net9.0\Microsoft.IdentityModel.Logging.dll' is denied. Le fichier est verrouillé par : "PGSH.API (22380)" [C:\Users\LEGION\source\repos\PGSH\PGSH.API\PGSH.API.csproj]
C:\Program Files\dotnet\sdk\9.0.310\Microsoft.Common.CurrentVersion.targets(5932,5): warning MSB3061: Impossible de supprimer le fichier « C:\Users\LEGION\source\repos\PGSH\PGSH.API\bin\Debug\net9.0\Microsoft.IdentityModel.Protocols.dll ». Access to the path 'C:\Users\LEGION\source\repos\PGSH\PGSH.API\bin\Debug\net9.0\Microsoft.IdentityModel.Protocols.dll' is denied. Le fichier est verrouillé par : "PGSH.API (22380)" [C:\Users\LEGION\source\repos\PGSH\PGSH.API\PGSH.API.csproj]
C:\Program Files\dotnet\sdk\9.0.310\Microsoft.Common.CurrentVersion.targets(5932,5): warning MSB3061: Impossible de supprimer le fichier « C:\Users\LEGION\source\repos\PGSH\PGSH.API\bin\Debug\net9.0\Microsoft.IdentityModel.Protocols.OpenIdConnect.dll ». Access to the path 'C:\Users\LEGION\source\repos\PGSH\PGSH.API\bin\Debug\net9.0\Microsoft.IdentityModel.Protocols.OpenIdConnect.dll' is denied. Le fichier est verrouillé par : "Microsoft Visual Studio 2022 (32344), PGSH.API (22380)" [C:\Users\LEGION\source\repos\PGSH\PGSH.API\PGSH.API.csproj]
C:\Program Files\dotnet\sdk\9.0.310\Microsoft.Common.CurrentVersion.targets(5932,5): warning MSB3061: Impossible de supprimer le fichier « C:\Users\LEGION\source\repos\PGSH\PGSH.API\bin\Debug\net9.0\Microsoft.IdentityModel.Tokens.dll ». Access to the path 'C:\Users\LEGION\source\repos\PGSH\PGSH.API\bin\Debug\net9.0\Microsoft.IdentityModel.Tokens.dll' is denied. Le fichier est verrouillé par : "Microsoft Visual Studio 2022 (32344), PGSH.API (22380)" [C:\Users\LEGION\source\repos\PGSH\PGSH.API\PGSH.API.csproj]
C:\Program Files\dotnet\sdk\9.0.310\Microsoft.Common.CurrentVersion.targets(5932,5): warning MSB3061: Impossible de supprimer le fichier « C:\Users\LEGION\source\repos\PGSH\PGSH.API\bin\Debug\net9.0\Microsoft.OpenApi.dll ». Access to the path 'C:\Users\LEGION\source\repos\PGSH\PGSH.API\bin\Debug\net9.0\Microsoft.OpenApi.dll' is denied. Le fichier est verrouillé par : "Microsoft Visual Studio 2022 (32344), PGSH.API (22380)" [C:\Users\LEGION\source\repos\PGSH\PGSH.API\PGSH.API.csproj]
C:\Program Files\dotnet\sdk\9.0.310\Microsoft.Common.CurrentVersion.targets(5932,5): warning MSB3061: Impossible de supprimer le fichier « C:\Users\LEGION\source\repos\PGSH\PGSH.API\bin\Debug\net9.0\Npgsql.dll ». Access to the path 'C:\Users\LEGION\source\repos\PGSH\PGSH.API\bin\Debug\net9.0\Npgsql.dll' is denied. Le fichier est verrouillé par : "Microsoft Visual Studio 2022 (32344), PGSH.API (22380)" [C:\Users\LEGION\source\repos\PGSH\PGSH.API\PGSH.API.csproj]
C:\Program Files\dotnet\sdk\9.0.310\Microsoft.Common.CurrentVersion.targets(5932,5): warning MSB3061: Impossible de supprimer le fichier « C:\Users\LEGION\source\repos\PGSH\PGSH.API\bin\Debug\net9.0\Npgsql.EntityFrameworkCore.PostgreSQL.dll ». Access to the path 'C:\Users\LEGION\source\repos\PGSH\PGSH.API\bin\Debug\net9.0\Npgsql.EntityFrameworkCore.PostgreSQL.dll' is denied. Le fichier est verrouillé par : "Microsoft Visual Studio 2022 (32344), PGSH.API (22380)" [C:\Users\LEGION\source\repos\PGSH\PGSH.API\PGSH.API.csproj]
C:\Program Files\dotnet\sdk\9.0.310\Microsoft.Common.CurrentVersion.targets(5932,5): warning MSB3061: Impossible de supprimer le fichier « C:\Users\LEGION\source\repos\PGSH\PGSH.API\bin\Debug\net9.0\Npgsql.OpenTelemetry.dll ». Access to the path 'C:\Users\LEGION\source\repos\PGSH\PGSH.API\bin\Debug\net9.0\Npgsql.OpenTelemetry.dll' is denied. Le fichier est verrouillé par : "PGSH.API (22380)" [C:\Users\LEGION\source\repos\PGSH\PGSH.API\PGSH.API.csproj]
C:\Program Files\dotnet\sdk\9.0.310\Microsoft.Common.CurrentVersion.targets(5932,5): warning MSB3061: Impossible de supprimer le fichier « C:\Users\LEGION\source\repos\PGSH\PGSH.API\bin\Debug\net9.0\OpenTelemetry.dll ». Access to the path 'C:\Users\LEGION\source\repos\PGSH\PGSH.API\bin\Debug\net9.0\OpenTelemetry.dll' is denied. Le fichier est verrouillé par : "Microsoft Visual Studio 2022 (32344), PGSH.API (22380)" [C:\Users\LEGION\source\repos\PGSH\PGSH.API\PGSH.API.csproj]
C:\Program Files\dotnet\sdk\9.0.310\Microsoft.Common.CurrentVersion.targets(5932,5): warning MSB3061: Impossible de supprimer le fichier « C:\Users\LEGION\source\repos\PGSH\PGSH.API\bin\Debug\net9.0\OpenTelemetry.Api.dll ». Access to the path 'C:\Users\LEGION\source\repos\PGSH\PGSH.API\bin\Debug\net9.0\OpenTelemetry.Api.dll' is denied. Le fichier est verrouillé par : "PGSH.API (22380)" [C:\Users\LEGION\source\repos\PGSH\PGSH.API\PGSH.API.csproj]
C:\Program Files\dotnet\sdk\9.0.310\Microsoft.Common.CurrentVersion.targets(5932,5): warning MSB3061: Impossible de supprimer le fichier « C:\Users\LEGION\source\repos\PGSH\PGSH.API\bin\Debug\net9.0\OpenTelemetry.Api.ProviderBuilderExtensions.dll ». Access to the path 'C:\Users\LEGION\source\repos\PGSH\PGSH.API\bin\Debug\net9.0\OpenTelemetry.Api.ProviderBuilderExtensions.dll' is denied. Le fichier est verrouillé par : "PGSH.API (22380)" [C:\Users\LEGION\source\repos\PGSH\PGSH.API\PGSH.API.csproj]
C:\Program Files\dotnet\sdk\9.0.310\Microsoft.Common.CurrentVersion.targets(5932,5): warning MSB3061: Impossible de supprimer le fichier « C:\Users\LEGION\source\repos\PGSH\PGSH.API\bin\Debug\net9.0\OpenTelemetry.Exporter.OpenTelemetryProtocol.dll ». Access to the path 'C:\Users\LEGION\source\repos\PGSH\PGSH.API\bin\Debug\net9.0\OpenTelemetry.Exporter.OpenTelemetryProtocol.dll' is denied. Le fichier est verrouillé par : "Microsoft Visual Studio 2022 (32344), PGSH.API (22380)" [C:\Users\LEGION\source\repos\PGSH\PGSH.API\PGSH.API.csproj]
C:\Program Files\dotnet\sdk\9.0.310\Microsoft.Common.CurrentVersion.targets(5932,5): warning MSB3061: Impossible de supprimer le fichier « C:\Users\LEGION\source\repos\PGSH\PGSH.API\bin\Debug\net9.0\OpenTelemetry.Extensions.Hosting.dll ». Access to the path 'C:\Users\LEGION\source\repos\PGSH\PGSH.API\bin\Debug\net9.0\OpenTelemetry.Extensions.Hosting.dll' is denied. Le fichier est verrouillé par : "PGSH.API (22380)" [C:\Users\LEGION\source\repos\PGSH\PGSH.API\PGSH.API.csproj]
C:\Program Files\dotnet\sdk\9.0.310\Microsoft.Common.CurrentVersion.targets(5932,5): warning MSB3061: Impossible de supprimer le fichier « C:\Users\LEGION\source\repos\PGSH\PGSH.API\bin\Debug\net9.0\OpenTelemetry.Instrumentation.AspNetCore.dll ». Access to the path 'C:\Users\LEGION\source\repos\PGSH\PGSH.API\bin\Debug\net9.0\OpenTelemetry.Instrumentation.AspNetCore.dll' is denied. Le fichier est verrouillé par : "PGSH.API (22380)" [C:\Users\LEGION\source\repos\PGSH\PGSH.API\PGSH.API.csproj]
C:\Program Files\dotnet\sdk\9.0.310\Microsoft.Common.CurrentVersion.targets(5932,5): warning MSB3061: Impossible de supprimer le fichier « C:\Users\LEGION\source\repos\PGSH\PGSH.API\bin\Debug\net9.0\OpenTelemetry.Instrumentation.Http.dll ». Access to the path 'C:\Users\LEGION\source\repos\PGSH\PGSH.API\bin\Debug\net9.0\OpenTelemetry.Instrumentation.Http.dll' is denied. Le fichier est verrouillé par : "PGSH.API (22380)" [C:\Users\LEGION\source\repos\PGSH\PGSH.API\PGSH.API.csproj]
C:\Program Files\dotnet\sdk\9.0.310\Microsoft.Common.CurrentVersion.targets(5932,5): warning MSB3061: Impossible de supprimer le fichier « C:\Users\LEGION\source\repos\PGSH\PGSH.API\bin\Debug\net9.0\OpenTelemetry.Instrumentation.Runtime.dll ». Access to the path 'C:\Users\LEGION\source\repos\PGSH\PGSH.API\bin\Debug\net9.0\OpenTelemetry.Instrumentation.Runtime.dll' is denied. Le fichier est verrouillé par : "PGSH.API (22380)" [C:\Users\LEGION\source\repos\PGSH\PGSH.API\PGSH.API.csproj]
C:\Program Files\dotnet\sdk\9.0.310\Microsoft.Common.CurrentVersion.targets(5932,5): warning MSB3061: Impossible de supprimer le fichier « C:\Users\LEGION\source\repos\PGSH\PGSH.API\bin\Debug\net9.0\Polly.Core.dll ». Access to the path 'C:\Users\LEGION\source\repos\PGSH\PGSH.API\bin\Debug\net9.0\Polly.Core.dll' is denied. Le fichier est verrouillé par : "Microsoft Visual Studio 2022 (32344), PGSH.API (22380)" [C:\Users\LEGION\source\repos\PGSH\PGSH.API\PGSH.API.csproj]
C:\Program Files\dotnet\sdk\9.0.310\Microsoft.Common.CurrentVersion.targets(5932,5): warning MSB3061: Impossible de supprimer le fichier « C:\Users\LEGION\source\repos\PGSH\PGSH.API\bin\Debug\net9.0\Polly.Extensions.dll ». Access to the path 'C:\Users\LEGION\source\repos\PGSH\PGSH.API\bin\Debug\net9.0\Polly.Extensions.dll' is denied. Le fichier est verrouillé par : "PGSH.API (22380)" [C:\Users\LEGION\source\repos\PGSH\PGSH.API\PGSH.API.csproj]
C:\Program Files\dotnet\sdk\9.0.310\Microsoft.Common.CurrentVersion.targets(5932,5): warning MSB3061: Impossible de supprimer le fichier « C:\Users\LEGION\source\repos\PGSH\PGSH.API\bin\Debug\net9.0\Polly.RateLimiting.dll ». Access to the path 'C:\Users\LEGION\source\repos\PGSH\PGSH.API\bin\Debug\net9.0\Polly.RateLimiting.dll' is denied. Le fichier est verrouillé par : "PGSH.API (22380)" [C:\Users\LEGION\source\repos\PGSH\PGSH.API\PGSH.API.csproj]
C:\Program Files\dotnet\sdk\9.0.310\Microsoft.Common.CurrentVersion.targets(5932,5): warning MSB3061: Impossible de supprimer le fichier « C:\Users\LEGION\source\repos\PGSH\PGSH.API\bin\Debug\net9.0\Scalar.AspNetCore.dll ». Access to the path 'C:\Users\LEGION\source\repos\PGSH\PGSH.API\bin\Debug\net9.0\Scalar.AspNetCore.dll' is denied. Le fichier est verrouillé par : "Microsoft Visual Studio 2022 (32344), PGSH.API (22380)" [C:\Users\LEGION\source\repos\PGSH\PGSH.API\PGSH.API.csproj]
C:\Program Files\dotnet\sdk\9.0.310\Microsoft.Common.CurrentVersion.targets(5932,5): warning MSB3061: Impossible de supprimer le fichier « C:\Users\LEGION\source\repos\PGSH\PGSH.API\bin\Debug\net9.0\Serilog.dll ». Access to the path 'C:\Users\LEGION\source\repos\PGSH\PGSH.API\bin\Debug\net9.0\Serilog.dll' is denied. Le fichier est verrouillé par : "Microsoft Visual Studio 2022 (32344), PGSH.API (22380)" [C:\Users\LEGION\source\repos\PGSH\PGSH.API\PGSH.API.csproj]
C:\Program Files\dotnet\sdk\9.0.310\Microsoft.Common.CurrentVersion.targets(5932,5): warning MSB3061: Impossible de supprimer le fichier « C:\Users\LEGION\source\repos\PGSH\PGSH.API\bin\Debug\net9.0\Serilog.AspNetCore.dll ». Access to the path 'C:\Users\LEGION\source\repos\PGSH\PGSH.API\bin\Debug\net9.0\Serilog.AspNetCore.dll' is denied. Le fichier est verrouillé par : "PGSH.API (22380)" [C:\Users\LEGION\source\repos\PGSH\PGSH.API\PGSH.API.csproj]
C:\Program Files\dotnet\sdk\9.0.310\Microsoft.Common.CurrentVersion.targets(5932,5): warning MSB3061: Impossible de supprimer le fichier « C:\Users\LEGION\source\repos\PGSH\PGSH.API\bin\Debug\net9.0\Serilog.Extensions.Hosting.dll ». Access to the path 'C:\Users\LEGION\source\repos\PGSH\PGSH.API\bin\Debug\net9.0\Serilog.Extensions.Hosting.dll' is denied. Le fichier est verrouillé par : "PGSH.API (22380)" [C:\Users\LEGION\source\repos\PGSH\PGSH.API\PGSH.API.csproj]
C:\Program Files\dotnet\sdk\9.0.310\Microsoft.Common.CurrentVersion.targets(5932,5): warning MSB3061: Impossible de supprimer le fichier « C:\Users\LEGION\source\repos\PGSH\PGSH.API\bin\Debug\net9.0\Serilog.Extensions.Logging.dll ». Access to the path 'C:\Users\LEGION\source\repos\PGSH\PGSH.API\bin\Debug\net9.0\Serilog.Extensions.Logging.dll' is denied. Le fichier est verrouillé par : "PGSH.API (22380)" [C:\Users\LEGION\source\repos\PGSH\PGSH.API\PGSH.API.csproj]
C:\Program Files\dotnet\sdk\9.0.310\Microsoft.Common.CurrentVersion.targets(5932,5): warning MSB3061: Impossible de supprimer le fichier « C:\Users\LEGION\source\repos\PGSH\PGSH.API\bin\Debug\net9.0\Serilog.Formatting.Compact.dll ». Access to the path 'C:\Users\LEGION\source\repos\PGSH\PGSH.API\bin\Debug\net9.0\Serilog.Formatting.Compact.dll' is denied. Le fichier est verrouillé par : "PGSH.API (22380)" [C:\Users\LEGION\source\repos\PGSH\PGSH.API\PGSH.API.csproj]
C:\Program Files\dotnet\sdk\9.0.310\Microsoft.Common.CurrentVersion.targets(5932,5): warning MSB3061: Impossible de supprimer le fichier « C:\Users\LEGION\source\repos\PGSH\PGSH.API\bin\Debug\net9.0\Serilog.Settings.Configuration.dll ». Access to the path 'C:\Users\LEGION\source\repos\PGSH\PGSH.API\bin\Debug\net9.0\Serilog.Settings.Configuration.dll' is denied. Le fichier est verrouillé par : "Microsoft Visual Studio 2022 (32344), PGSH.API (22380)" [C:\Users\LEGION\source\repos\PGSH\PGSH.API\PGSH.API.csproj]
C:\Program Files\dotnet\sdk\9.0.310\Microsoft.Common.CurrentVersion.targets(5932,5): warning MSB3061: Impossible de supprimer le fichier « C:\Users\LEGION\source\repos\PGSH\PGSH.API\bin\Debug\net9.0\Serilog.Sinks.Console.dll ». Access to the path 'C:\Users\LEGION\source\repos\PGSH\PGSH.API\bin\Debug\net9.0\Serilog.Sinks.Console.dll' is denied. Le fichier est verrouillé par : "PGSH.API (22380)" [C:\Users\LEGION\source\repos\PGSH\PGSH.API\PGSH.API.csproj]
C:\Program Files\dotnet\sdk\9.0.310\Microsoft.Common.CurrentVersion.targets(5932,5): warning MSB3061: Impossible de supprimer le fichier « C:\Users\LEGION\source\repos\PGSH\PGSH.API\bin\Debug\net9.0\Serilog.Sinks.Debug.dll ». Access to the path 'C:\Users\LEGION\source\repos\PGSH\PGSH.API\bin\Debug\net9.0\Serilog.Sinks.Debug.dll' is denied. Le fichier est verrouillé par : "PGSH.API (22380)" [C:\Users\LEGION\source\repos\PGSH\PGSH.API\PGSH.API.csproj]
C:\Program Files\dotnet\sdk\9.0.310\Microsoft.Common.CurrentVersion.targets(5932,5): warning MSB3061: Impossible de supprimer le fichier « C:\Users\LEGION\source\repos\PGSH\PGSH.API\bin\Debug\net9.0\Serilog.Sinks.File.dll ». Access to the path 'C:\Users\LEGION\source\repos\PGSH\PGSH.API\bin\Debug\net9.0\Serilog.Sinks.File.dll' is denied. Le fichier est verrouillé par : "PGSH.API (22380)" [C:\Users\LEGION\source\repos\PGSH\PGSH.API\PGSH.API.csproj]
C:\Program Files\dotnet\sdk\9.0.310\Microsoft.Common.CurrentVersion.targets(5932,5): warning MSB3061: Impossible de supprimer le fichier « C:\Users\LEGION\source\repos\PGSH\PGSH.API\bin\Debug\net9.0\Serilog.Sinks.Seq.dll ». Access to the path 'C:\Users\LEGION\source\repos\PGSH\PGSH.API\bin\Debug\net9.0\Serilog.Sinks.Seq.dll' is denied. Le fichier est verrouillé par : "PGSH.API (22380)" [C:\Users\LEGION\source\repos\PGSH\PGSH.API\PGSH.API.csproj]
C:\Program Files\dotnet\sdk\9.0.310\Microsoft.Common.CurrentVersion.targets(5932,5): warning MSB3061: Impossible de supprimer le fichier « C:\Users\LEGION\source\repos\PGSH\PGSH.API\bin\Debug\net9.0\Swashbuckle.AspNetCore.Swagger.dll ». Access to the path 'C:\Users\LEGION\source\repos\PGSH\PGSH.API\bin\Debug\net9.0\Swashbuckle.AspNetCore.Swagger.dll' is denied. Le fichier est verrouillé par : "PGSH.API (22380)" [C:\Users\LEGION\source\repos\PGSH\PGSH.API\PGSH.API.csproj]
C:\Program Files\dotnet\sdk\9.0.310\Microsoft.Common.CurrentVersion.targets(5932,5): warning MSB3061: Impossible de supprimer le fichier « C:\Users\LEGION\source\repos\PGSH\PGSH.API\bin\Debug\net9.0\Swashbuckle.AspNetCore.SwaggerGen.dll ». Access to the path 'C:\Users\LEGION\source\repos\PGSH\PGSH.API\bin\Debug\net9.0\Swashbuckle.AspNetCore.SwaggerGen.dll' is denied. Le fichier est verrouillé par : "Microsoft Visual Studio 2022 (32344), PGSH.API (22380)" [C:\Users\LEGION\source\repos\PGSH\PGSH.API\PGSH.API.csproj]
C:\Program Files\dotnet\sdk\9.0.310\Microsoft.Common.CurrentVersion.targets(5932,5): warning MSB3061: Impossible de supprimer le fichier « C:\Users\LEGION\source\repos\PGSH\PGSH.API\bin\Debug\net9.0\Swashbuckle.AspNetCore.SwaggerUI.dll ». Access to the path 'C:\Users\LEGION\source\repos\PGSH\PGSH.API\bin\Debug\net9.0\Swashbuckle.AspNetCore.SwaggerUI.dll' is denied. Le fichier est verrouillé par : "Microsoft Visual Studio 2022 (32344), PGSH.API (22380)" [C:\Users\LEGION\source\repos\PGSH\PGSH.API\PGSH.API.csproj]
C:\Program Files\dotnet\sdk\9.0.310\Microsoft.Common.CurrentVersion.targets(5932,5): warning MSB3061: Impossible de supprimer le fichier « C:\Users\LEGION\source\repos\PGSH\PGSH.API\bin\Debug\net9.0\System.IdentityModel.Tokens.Jwt.dll ». Access to the path 'C:\Users\LEGION\source\repos\PGSH\PGSH.API\bin\Debug\net9.0\System.IdentityModel.Tokens.Jwt.dll' is denied. Le fichier est verrouillé par : "Microsoft Visual Studio 2022 (32344), PGSH.API (22380)" [C:\Users\LEGION\source\repos\PGSH\PGSH.API\PGSH.API.csproj]
C:\Program Files\dotnet\sdk\9.0.310\Microsoft.Common.CurrentVersion.targets(5932,5): warning MSB3061: Impossible de supprimer le fichier « C:\Users\LEGION\source\repos\PGSH\PGSH.API\bin\Debug\net9.0\PGSH.Application.dll ». Access to the path 'C:\Users\LEGION\source\repos\PGSH\PGSH.API\bin\Debug\net9.0\PGSH.Application.dll' is denied. Le fichier est verrouillé par : "Microsoft Visual Studio 2022 (32344), PGSH.API (22380)" [C:\Users\LEGION\source\repos\PGSH\PGSH.API\PGSH.API.csproj]
C:\Program Files\dotnet\sdk\9.0.310\Microsoft.Common.CurrentVersion.targets(5932,5): warning MSB3061: Impossible de supprimer le fichier « C:\Users\LEGION\source\repos\PGSH\PGSH.API\bin\Debug\net9.0\PGSH.Domain.dll ». Access to the path 'C:\Users\LEGION\source\repos\PGSH\PGSH.API\bin\Debug\net9.0\PGSH.Domain.dll' is denied. Le fichier est verrouillé par : "PGSH.API (22380)" [C:\Users\LEGION\source\repos\PGSH\PGSH.API\PGSH.API.csproj]
C:\Program Files\dotnet\sdk\9.0.310\Microsoft.Common.CurrentVersion.targets(5932,5): warning MSB3061: Impossible de supprimer le fichier « C:\Users\LEGION\source\repos\PGSH\PGSH.API\bin\Debug\net9.0\PGSH.Infrastructure.dll ». Access to the path 'C:\Users\LEGION\source\repos\PGSH\PGSH.API\bin\Debug\net9.0\PGSH.Infrastructure.dll' is denied. Le fichier est verrouillé par : "Microsoft Visual Studio 2022 (32344), PGSH.API (22380)" [C:\Users\LEGION\source\repos\PGSH\PGSH.API\PGSH.API.csproj]
C:\Program Files\dotnet\sdk\9.0.310\Microsoft.Common.CurrentVersion.targets(5932,5): warning MSB3061: Impossible de supprimer le fichier « C:\Users\LEGION\source\repos\PGSH\PGSH.API\bin\Debug\net9.0\PGSH.ServiceDefaults.dll ». Access to the path 'C:\Users\LEGION\source\repos\PGSH\PGSH.API\bin\Debug\net9.0\PGSH.ServiceDefaults.dll' is denied. Le fichier est verrouillé par : "PGSH.API (22380)" [C:\Users\LEGION\source\repos\PGSH\PGSH.API\PGSH.API.csproj]
C:\Program Files\dotnet\sdk\9.0.310\Microsoft.Common.CurrentVersion.targets(5932,5): warning MSB3061: Impossible de supprimer le fichier « C:\Users\LEGION\source\repos\PGSH\PGSH.API\bin\Debug\net9.0\PGSH.SharedKernel.dll ». Access to the path 'C:\Users\LEGION\source\repos\PGSH\PGSH.API\bin\Debug\net9.0\PGSH.SharedKernel.dll' is denied. Le fichier est verrouillé par : "PGSH.API (22380)" [C:\Users\LEGION\source\repos\PGSH\PGSH.API\PGSH.API.csproj]
C:\Users\LEGION\source\repos\PGSH\PGSH.Domain\Hospitals\Center.cs(8,19): warning CS8618: Le propriété « Name » non-nullable doit contenir une valeur autre que Null lors de la fermeture du constructeur. Envisagez d’ajouter le modificateur « required » ou de déclarer le propriété comme pouvant accepter la valeur Null. [C:\Users\LEGION\source\repos\PGSH\PGSH.Domain\PGSH.Domain.csproj]
C:\Users\LEGION\source\repos\PGSH\PGSH.Domain\Hospitals\Hospital.cs(9,19): warning CS8618: Le propriété « Center » non-nullable doit contenir une valeur autre que Null lors de la fermeture du constructeur. Envisagez d’ajouter le modificateur « required » ou de déclarer le propriété comme pouvant accepter la valeur Null. [C:\Users\LEGION\source\repos\PGSH\PGSH.Domain\PGSH.Domain.csproj]
C:\Users\LEGION\source\repos\PGSH\PGSH.Domain\Hospitals\Hospital.cs(11,19): warning CS8618: Le propriété « Name » non-nullable doit contenir une valeur autre que Null lors de la fermeture du constructeur. Envisagez d’ajouter le modificateur « required » ou de déclarer le propriété comme pouvant accepter la valeur Null. [C:\Users\LEGION\source\repos\PGSH\PGSH.Domain\PGSH.Domain.csproj]
C:\Users\LEGION\source\repos\PGSH\PGSH.Domain\Hospitals\Hospital.cs(12,19): warning CS8618: Le propriété « City » non-nullable doit contenir une valeur autre que Null lors de la fermeture du constructeur. Envisagez d’ajouter le modificateur « required » ou de déclarer le propriété comme pouvant accepter la valeur Null. [C:\Users\LEGION\source\repos\PGSH\PGSH.Domain\PGSH.Domain.csproj]
C:\Users\LEGION\source\repos\PGSH\PGSH.Domain\Stages\AttendanceRecord.cs(11,26): warning CS8618: Le propriété « ServicePeriod » non-nullable doit contenir une valeur autre que Null lors de la fermeture du constructeur. Envisagez d’ajouter le modificateur « required » ou de déclarer le propriété comme pouvant accepter la valeur Null. [C:\Users\LEGION\source\repos\PGSH\PGSH.Domain\PGSH.Domain.csproj]
C:\Users\LEGION\source\repos\PGSH\PGSH.Domain\Stages\StageObjective.cs(7,19): warning CS8618: Le propriété « Label » non-nullable doit contenir une valeur autre que Null lors de la fermeture du constructeur. Envisagez d’ajouter le modificateur « required » ou de déclarer le propriété comme pouvant accepter la valeur Null. [C:\Users\LEGION\source\repos\PGSH\PGSH.Domain\PGSH.Domain.csproj]
C:\Users\LEGION\source\repos\PGSH\PGSH.Domain\Stages\StageObjective.cs(14,18): warning CS8618: Le propriété « Stage » non-nullable doit contenir une valeur autre que Null lors de la fermeture du constructeur. Envisagez d’ajouter le modificateur « required » ou de déclarer le propriété comme pouvant accepter la valeur Null. [C:\Users\LEGION\source\repos\PGSH\PGSH.Domain\PGSH.Domain.csproj]
C:\Users\LEGION\source\repos\PGSH\PGSH.Domain\Registrations\AcademicYear.cs(6,19): warning CS8618: Le propriété « Label » non-nullable doit contenir une valeur autre que Null lors de la fermeture du constructeur. Envisagez d’ajouter le modificateur « required » ou de déclarer le propriété comme pouvant accepter la valeur Null. [C:\Users\LEGION\source\repos\PGSH\PGSH.Domain\PGSH.Domain.csproj]
C:\Users\LEGION\source\repos\PGSH\PGSH.Domain\Users\Address.cs(11,51): warning CS8603: Existence possible d'un retour de référence null. [C:\Users\LEGION\source\repos\PGSH\PGSH.Domain\PGSH.Domain.csproj]
C:\Users\LEGION\source\repos\PGSH\PGSH.Domain\Students\History.cs(11,20): warning CS8618: Le propriété « Student » non-nullable doit contenir une valeur autre que Null lors de la fermeture du constructeur. Envisagez d’ajouter le modificateur « required » ou de déclarer le propriété comme pouvant accepter la valeur Null. [C:\Users\LEGION\source\repos\PGSH\PGSH.Domain\PGSH.Domain.csproj]
C:\Users\LEGION\source\repos\PGSH\PGSH.Domain\Registrations\Registration.cs(12,25): warning CS8618: Le propriété « AcademicYear » non-nullable doit contenir une valeur autre que Null lors de la fermeture du constructeur. Envisagez d’ajouter le modificateur « required » ou de déclarer le propriété comme pouvant accepter la valeur Null. [C:\Users\LEGION\source\repos\PGSH\PGSH.Domain\PGSH.Domain.csproj]
C:\Users\LEGION\source\repos\PGSH\PGSH.Domain\Registrations\Registration.cs(15,18): warning CS8618: Le propriété « Level » non-nullable doit contenir une valeur autre que Null lors de la fermeture du constructeur. Envisagez d’ajouter le modificateur « required » ou de déclarer le propriété comme pouvant accepter la valeur Null. [C:\Users\LEGION\source\repos\PGSH\PGSH.Domain\PGSH.Domain.csproj]
C:\Users\LEGION\source\repos\PGSH\PGSH.Domain\Registrations\Registration.cs(16,20): warning CS8618: Le propriété « Student » non-nullable doit contenir une valeur autre que Null lors de la fermeture du constructeur. Envisagez d’ajouter le modificateur « required » ou de déclarer le propriété comme pouvant accepter la valeur Null. [C:\Users\LEGION\source\repos\PGSH\PGSH.Domain\PGSH.Domain.csproj]
C:\Users\LEGION\source\repos\PGSH\PGSH.Domain\Stages\Cohort.cs(11,18): warning CS8618: Le propriété « Stage » non-nullable doit contenir une valeur autre que Null lors de la fermeture du constructeur. Envisagez d’ajouter le modificateur « required » ou de déclarer le propriété comme pouvant accepter la valeur Null. [C:\Users\LEGION\source\repos\PGSH\PGSH.Domain\PGSH.Domain.csproj]
C:\Users\LEGION\source\repos\PGSH\PGSH.Domain\Stages\Cohort.cs(13,26): warning CS8618: Le propriété « AcademicGroup » non-nullable doit contenir une valeur autre que Null lors de la fermeture du constructeur. Envisagez d’ajouter le modificateur « required » ou de déclarer le propriété comme pouvant accepter la valeur Null. [C:\Users\LEGION\source\repos\PGSH\PGSH.Domain\PGSH.Domain.csproj]
C:\Users\LEGION\source\repos\PGSH\PGSH.Domain\Hospitals\Service.cs(9,19): warning CS8618: Le propriété « Name » non-nullable doit contenir une valeur autre que Null lors de la fermeture du constructeur. Envisagez d’ajouter le modificateur « required » ou de déclarer le propriété comme pouvant accepter la valeur Null. [C:\Users\LEGION\source\repos\PGSH\PGSH.Domain\PGSH.Domain.csproj]
C:\Users\LEGION\source\repos\PGSH\PGSH.Domain\Hospitals\Service.cs(10,19): warning CS8618: Le propriété « Description » non-nullable doit contenir une valeur autre que Null lors de la fermeture du constructeur. Envisagez d’ajouter le modificateur « required » ou de déclarer le propriété comme pouvant accepter la valeur Null. [C:\Users\LEGION\source\repos\PGSH\PGSH.Domain\PGSH.Domain.csproj]
C:\Users\LEGION\source\repos\PGSH\PGSH.Domain\Hospitals\Service.cs(15,21): warning CS8618: Le propriété « Hospital » non-nullable doit contenir une valeur autre que Null lors de la fermeture du constructeur. Envisagez d’ajouter le modificateur « required » ou de déclarer le propriété comme pouvant accepter la valeur Null. [C:\Users\LEGION\source\repos\PGSH\PGSH.Domain\PGSH.Domain.csproj]
C:\Users\LEGION\source\repos\PGSH\PGSH.Domain\Stages\Cohort.cs(36,19): warning CS8618: Le propriété « Cohort » non-nullable doit contenir une valeur autre que Null lors de la fermeture du constructeur. Envisagez d’ajouter le modificateur « required » ou de déclarer le propriété comme pouvant accepter la valeur Null. [C:\Users\LEGION\source\repos\PGSH\PGSH.Domain\PGSH.Domain.csproj]
C:\Users\LEGION\source\repos\PGSH\PGSH.Domain\Stages\Cohort.cs(22,19): warning CS8618: Le propriété « Cohort » non-nullable doit contenir une valeur autre que Null lors de la fermeture du constructeur. Envisagez d’ajouter le modificateur « required » ou de déclarer le propriété comme pouvant accepter la valeur Null. [C:\Users\LEGION\source\repos\PGSH\PGSH.Domain\PGSH.Domain.csproj]
C:\Users\LEGION\source\repos\PGSH\PGSH.Domain\Stages\Cohort.cs(26,20): warning CS8618: Le propriété « Service » non-nullable doit contenir une valeur autre que Null lors de la fermeture du constructeur. Envisagez d’ajouter le modificateur « required » ou de déclarer le propriété comme pouvant accepter la valeur Null. [C:\Users\LEGION\source\repos\PGSH\PGSH.Domain\PGSH.Domain.csproj]
C:\Users\LEGION\source\repos\PGSH\PGSH.Domain\Stages\Stage.cs(8,19): warning CS8618: Le propriété « Name » non-nullable doit contenir une valeur autre que Null lors de la fermeture du constructeur. Envisagez d’ajouter le modificateur « required » ou de déclarer le propriété comme pouvant accepter la valeur Null. [C:\Users\LEGION\source\repos\PGSH\PGSH.Domain\PGSH.Domain.csproj]
C:\Users\LEGION\source\repos\PGSH\PGSH.Domain\Stages\Stage.cs(13,18): warning CS8618: Le propriété « Level » non-nullable doit contenir une valeur autre que Null lors de la fermeture du constructeur. Envisagez d’ajouter le modificateur « required » ou de déclarer le propriété comme pouvant accepter la valeur Null. [C:\Users\LEGION\source\repos\PGSH\PGSH.Domain\PGSH.Domain.csproj]
C:\Users\LEGION\source\repos\PGSH\PGSH.Domain\Stages\ServicePeriod.cs(40,30): warning CS8618: Le propriété « ServiceEvaluation » non-nullable doit contenir une valeur autre que Null lors de la fermeture du constructeur. Envisagez d’ajouter le modificateur « required » ou de déclarer le propriété comme pouvant accepter la valeur Null. [C:\Users\LEGION\source\repos\PGSH\PGSH.Domain\PGSH.Domain.csproj]
C:\Users\LEGION\source\repos\PGSH\PGSH.Domain\Stages\ServicePeriod.cs(44,27): warning CS8618: Le propriété « StageObjective » non-nullable doit contenir une valeur autre que Null lors de la fermeture du constructeur. Envisagez d’ajouter le modificateur « required » ou de déclarer le propriété comme pouvant accepter la valeur Null. [C:\Users\LEGION\source\repos\PGSH\PGSH.Domain\PGSH.Domain.csproj]
C:\Users\LEGION\source\repos\PGSH\PGSH.Domain\Stages\ServicePeriod.cs(28,26): warning CS8618: Le propriété « ServicePeriod » non-nullable doit contenir une valeur autre que Null lors de la fermeture du constructeur. Envisagez d’ajouter le modificateur « required » ou de déclarer le propriété comme pouvant accepter la valeur Null. [C:\Users\LEGION\source\repos\PGSH\PGSH.Domain\PGSH.Domain.csproj]
C:\Users\LEGION\source\repos\PGSH\PGSH.Domain\Stages\ServicePeriod.cs(9,33): warning CS8618: Le propriété « InternshipAssignment » non-nullable doit contenir une valeur autre que Null lors de la fermeture du constructeur. Envisagez d’ajouter le modificateur « required » ou de déclarer le propriété comme pouvant accepter la valeur Null. [C:\Users\LEGION\source\repos\PGSH\PGSH.Domain\PGSH.Domain.csproj]
C:\Users\LEGION\source\repos\PGSH\PGSH.Domain\Stages\ServicePeriod.cs(11,20): warning CS8618: Le propriété « Service » non-nullable doit contenir une valeur autre que Null lors de la fermeture du constructeur. Envisagez d’ajouter le modificateur « required » ou de déclarer le propriété comme pouvant accepter la valeur Null. [C:\Users\LEGION\source\repos\PGSH\PGSH.Domain\PGSH.Domain.csproj]
C:\Users\LEGION\source\repos\PGSH\PGSH.Domain\Students\Student.cs(12,19): warning CS8618: Le propriété « CNE » non-nullable doit contenir une valeur autre que Null lors de la fermeture du constructeur. Envisagez d’ajouter le modificateur « required » ou de déclarer le propriété comme pouvant accepter la valeur Null. [C:\Users\LEGION\source\repos\PGSH\PGSH.Domain\PGSH.Domain.csproj]
C:\Users\LEGION\source\repos\PGSH\PGSH.Domain\Students\Student.cs(14,19): warning CS8618: Le propriété « Appogee » non-nullable doit contenir une valeur autre que Null lors de la fermeture du constructeur. Envisagez d’ajouter le modificateur « required » ou de déclarer le propriété comme pouvant accepter la valeur Null. [C:\Users\LEGION\source\repos\PGSH\PGSH.Domain\PGSH.Domain.csproj]
C:\Users\LEGION\source\repos\PGSH\PGSH.Domain\Students\Student.cs(17,19): warning CS8618: Le propriété « BacYear » non-nullable doit contenir une valeur autre que Null lors de la fermeture du constructeur. Envisagez d’ajouter le modificateur « required » ou de déclarer le propriété comme pouvant accepter la valeur Null. [C:\Users\LEGION\source\repos\PGSH\PGSH.Domain\PGSH.Domain.csproj]
C:\Users\LEGION\source\repos\PGSH\PGSH.Domain\Stages\InternshipAssignment.cs(14,25): warning CS8618: Le propriété « Registration » non-nullable doit contenir une valeur autre que Null lors de la fermeture du constructeur. Envisagez d’ajouter le modificateur « required » ou de déclarer le propriété comme pouvant accepter la valeur Null. [C:\Users\LEGION\source\repos\PGSH\PGSH.Domain\PGSH.Domain.csproj]
C:\Users\LEGION\source\repos\PGSH\PGSH.Domain\Stages\InternshipAssignment.cs(17,19): warning CS8618: Le propriété « Cohort » non-nullable doit contenir une valeur autre que Null lors de la fermeture du constructeur. Envisagez d’ajouter le modificateur « required » ou de déclarer le propriété comme pouvant accepter la valeur Null. [C:\Users\LEGION\source\repos\PGSH\PGSH.Domain\PGSH.Domain.csproj]
C:\Users\LEGION\source\repos\PGSH\PGSH.Application\Stages\Levels\GetMany\GetLevelsQueryHandler.cs(24,38): warning CS8602: Déréférencement d'une éventuelle référence null. [C:\Users\LEGION\source\repos\PGSH\PGSH.Application\PGSH.Application.csproj]
C:\Users\LEGION\source\repos\PGSH\PGSH.Application\Stages\GetMany\GetStagesQueryHandler.cs(30,94): warning CS8604: Existence possible d'un argument de référence null pour le paramètre 'LevelLabel' dans 'StageSummaryResponse.StageSummaryResponse(int Id, string Name, int Coefficient, int DurationInDays, string LevelLabel)'. [C:\Users\LEGION\source\repos\PGSH\PGSH.Application\PGSH.Application.csproj]
C:\Users\LEGION\source\repos\PGSH\PGSH.Infrastructure\Migrations\20260124112505_todoref-removal.cs(9,26): warning CS8981: Le nom de type 'todorefremoval' contient uniquement des caractères ascii en minuscules. De tels noms peuvent devenir réservés pour la langue. [C:\Users\LEGION\source\repos\PGSH\PGSH.Infrastructure\PGSH.Infrastructure.csproj]
C:\Users\LEGION\source\repos\PGSH\PGSH.Infrastructure\Migrations\20260124112505_todoref-removal.Designer.cs(17,19): warning CS8981: Le nom de type 'todorefremoval' contient uniquement des caractères ascii en minuscules. De tels noms peuvent devenir réservés pour la langue. [C:\Users\LEGION\source\repos\PGSH\PGSH.Infrastructure\PGSH.Infrastructure.csproj]
C:\Users\LEGION\source\repos\PGSH\PGSH.Infrastructure\Users\UserConfiguration.cs(137,51): warning CS8600: Conversion de littéral ayant une valeur null ou d'une éventuelle valeur null en type non-nullable. [C:\Users\LEGION\source\repos\PGSH\PGSH.Infrastructure\PGSH.Infrastructure.csproj]
C:\Users\LEGION\source\repos\PGSH\PGSH.Infrastructure\Users\UserConfiguration.cs(138,61): warning CS8600: Conversion de littéral ayant une valeur null ou d'une éventuelle valeur null en type non-nullable. [C:\Users\LEGION\source\repos\PGSH\PGSH.Infrastructure\PGSH.Infrastructure.csproj]
C:\Users\LEGION\source\repos\PGSH\PGSH.Infrastructure\Registrations\RegistrationConfiguration.cs(40,54): warning CS8600: Conversion de littéral ayant une valeur null ou d'une éventuelle valeur null en type non-nullable. [C:\Users\LEGION\source\repos\PGSH\PGSH.Infrastructure\PGSH.Infrastructure.csproj]
C:\Users\LEGION\source\repos\PGSH\PGSH.Infrastructure\Registrations\RegistrationConfiguration.cs(41,70): warning CS8600: Conversion de littéral ayant une valeur null ou d'une éventuelle valeur null en type non-nullable. [C:\Users\LEGION\source\repos\PGSH\PGSH.Infrastructure\PGSH.Infrastructure.csproj]
C:\Users\LEGION\source\repos\PGSH\PGSH.Infrastructure\Registrations\RegistrationConfiguration.cs(41,26): warning CS8603: Existence possible d'un retour de référence null. [C:\Users\LEGION\source\repos\PGSH\PGSH.Infrastructure\PGSH.Infrastructure.csproj]
C:\Program Files\dotnet\sdk\9.0.310\Microsoft.Common.CurrentVersion.targets(5093,5): warning MSB3026: Impossible de copier "C:\Users\LEGION\source\repos\PGSH\PGSH.ServiceDefaults\bin\Debug\net9.0\PGSH.ServiceDefaults.dll" vers "bin\Debug\net9.0\PGSH.ServiceDefaults.dll". Nouvelle tentative de l'opération 1 dans 1000 ms. The process cannot access the file 'C:\Users\LEGION\source\repos\PGSH\PGSH.API\bin\Debug\net9.0\PGSH.ServiceDefaults.dll' because it is being used by another process. Le fichier est verrouillé par : "PGSH.API (22380)" [C:\Users\LEGION\source\repos\PGSH\PGSH.API\PGSH.API.csproj]
C:\Program Files\dotnet\sdk\9.0.310\Microsoft.Common.CurrentVersion.targets(5093,5): warning MSB3026: Impossible de copier "C:\Users\LEGION\source\repos\PGSH\PGSH.SharedKernel\bin\Debug\net9.0\PGSH.SharedKernel.dll" vers "bin\Debug\net9.0\PGSH.SharedKernel.dll". Nouvelle tentative de l'opération 1 dans 1000 ms. The process cannot access the file 'C:\Users\LEGION\source\repos\PGSH\PGSH.API\bin\Debug\net9.0\PGSH.SharedKernel.dll' because it is being used by another process. Le fichier est verrouillé par : "PGSH.API (22380)" [C:\Users\LEGION\source\repos\PGSH\PGSH.API\PGSH.API.csproj]
C:\Program Files\dotnet\sdk\9.0.310\Microsoft.Common.CurrentVersion.targets(5093,5): warning MSB3026: Impossible de copier "C:\Users\LEGION\source\repos\PGSH\PGSH.Domain\bin\Debug\net9.0\PGSH.Domain.dll" vers "bin\Debug\net9.0\PGSH.Domain.dll". Nouvelle tentative de l'opération 1 dans 1000 ms. The process cannot access the file 'C:\Users\LEGION\source\repos\PGSH\PGSH.API\bin\Debug\net9.0\PGSH.Domain.dll' because it is being used by another process. Le fichier est verrouillé par : "PGSH.API (22380)" [C:\Users\LEGION\source\repos\PGSH\PGSH.API\PGSH.API.csproj]
C:\Program Files\dotnet\sdk\9.0.310\Microsoft.Common.CurrentVersion.targets(5093,5): warning MSB3026: Impossible de copier "C:\Users\LEGION\source\repos\PGSH\PGSH.Infrastructure\bin\Debug\net9.0\PGSH.Infrastructure.dll" vers "bin\Debug\net9.0\PGSH.Infrastructure.dll". Nouvelle tentative de l'opération 1 dans 1000 ms. The process cannot access the file 'C:\Users\LEGION\source\repos\PGSH\PGSH.API\bin\Debug\net9.0\PGSH.Infrastructure.dll' because it is being used by another process. Le fichier est verrouillé par : "Microsoft Visual Studio 2022 (32344), PGSH.API (22380)" [C:\Users\LEGION\source\repos\PGSH\PGSH.API\PGSH.API.csproj]
C:\Program Files\dotnet\sdk\9.0.310\Microsoft.Common.CurrentVersion.targets(5093,5): warning MSB3026: Impossible de copier "C:\Users\LEGION\source\repos\PGSH\PGSH.Application\bin\Debug\net9.0\PGSH.Application.dll" vers "bin\Debug\net9.0\PGSH.Application.dll". Nouvelle tentative de l'opération 1 dans 1000 ms. The process cannot access the file 'C:\Users\LEGION\source\repos\PGSH\PGSH.API\bin\Debug\net9.0\PGSH.Application.dll' because it is being used by another process. Le fichier est verrouillé par : "Microsoft Visual Studio 2022 (32344), PGSH.API (22380)" [C:\Users\LEGION\source\repos\PGSH\PGSH.API\PGSH.API.csproj]
C:\Program Files\dotnet\sdk\9.0.310\Microsoft.Common.CurrentVersion.targets(5093,5): warning MSB3026: Impossible de copier "C:\Users\LEGION\source\repos\PGSH\PGSH.SharedKernel\bin\Debug\net9.0\PGSH.SharedKernel.dll" vers "bin\Debug\net9.0\PGSH.SharedKernel.dll". Nouvelle tentative de l'opération 2 dans 1000 ms. The process cannot access the file 'C:\Users\LEGION\source\repos\PGSH\PGSH.API\bin\Debug\net9.0\PGSH.SharedKernel.dll' because it is being used by another process. Le fichier est verrouillé par : "PGSH.API (22380)" [C:\Users\LEGION\source\repos\PGSH\PGSH.API\PGSH.API.csproj]
C:\Program Files\dotnet\sdk\9.0.310\Microsoft.Common.CurrentVersion.targets(5093,5): warning MSB3026: Impossible de copier "C:\Users\LEGION\source\repos\PGSH\PGSH.Domain\bin\Debug\net9.0\PGSH.Domain.dll" vers "bin\Debug\net9.0\PGSH.Domain.dll". Nouvelle tentative de l'opération 2 dans 1000 ms. The process cannot access the file 'C:\Users\LEGION\source\repos\PGSH\PGSH.API\bin\Debug\net9.0\PGSH.Domain.dll' because it is being used by another process. Le fichier est verrouillé par : "PGSH.API (22380)" [C:\Users\LEGION\source\repos\PGSH\PGSH.API\PGSH.API.csproj]
C:\Program Files\dotnet\sdk\9.0.310\Microsoft.Common.CurrentVersion.targets(5093,5): warning MSB3026: Impossible de copier "C:\Users\LEGION\source\repos\PGSH\PGSH.ServiceDefaults\bin\Debug\net9.0\PGSH.ServiceDefaults.dll" vers "bin\Debug\net9.0\PGSH.ServiceDefaults.dll". Nouvelle tentative de l'opération 2 dans 1000 ms. The process cannot access the file 'C:\Users\LEGION\source\repos\PGSH\PGSH.API\bin\Debug\net9.0\PGSH.ServiceDefaults.dll' because it is being used by another process. Le fichier est verrouillé par : "PGSH.API (22380)" [C:\Users\LEGION\source\repos\PGSH\PGSH.API\PGSH.API.csproj]
C:\Program Files\dotnet\sdk\9.0.310\Microsoft.Common.CurrentVersion.targets(5093,5): warning MSB3026: Impossible de copier "C:\Users\LEGION\source\repos\PGSH\PGSH.Infrastructure\bin\Debug\net9.0\PGSH.Infrastructure.dll" vers "bin\Debug\net9.0\PGSH.Infrastructure.dll". Nouvelle tentative de l'opération 2 dans 1000 ms. The process cannot access the file 'C:\Users\LEGION\source\repos\PGSH\PGSH.API\bin\Debug\net9.0\PGSH.Infrastructure.dll' because it is being used by another process. Le fichier est verrouillé par : "Microsoft Visual Studio 2022 (32344), PGSH.API (22380)" [C:\Users\LEGION\source\repos\PGSH\PGSH.API\PGSH.API.csproj]
C:\Program Files\dotnet\sdk\9.0.310\Microsoft.Common.CurrentVersion.targets(5093,5): warning MSB3026: Impossible de copier "C:\Users\LEGION\source\repos\PGSH\PGSH.Application\bin\Debug\net9.0\PGSH.Application.dll" vers "bin\Debug\net9.0\PGSH.Application.dll". Nouvelle tentative de l'opération 2 dans 1000 ms. The process cannot access the file 'C:\Users\LEGION\source\repos\PGSH\PGSH.API\bin\Debug\net9.0\PGSH.Application.dll' because it is being used by another process. Le fichier est verrouillé par : "Microsoft Visual Studio 2022 (32344), PGSH.API (22380)" [C:\Users\LEGION\source\repos\PGSH\PGSH.API\PGSH.API.csproj]
C:\Program Files\dotnet\sdk\9.0.310\Microsoft.Common.CurrentVersion.targets(5093,5): warning MSB3026: Impossible de copier "C:\Users\LEGION\source\repos\PGSH\PGSH.SharedKernel\bin\Debug\net9.0\PGSH.SharedKernel.dll" vers "bin\Debug\net9.0\PGSH.SharedKernel.dll". Nouvelle tentative de l'opération 3 dans 1000 ms. The process cannot access the file 'C:\Users\LEGION\source\repos\PGSH\PGSH.API\bin\Debug\net9.0\PGSH.SharedKernel.dll' because it is being used by another process. Le fichier est verrouillé par : "PGSH.API (22380)" [C:\Users\LEGION\source\repos\PGSH\PGSH.API\PGSH.API.csproj]
C:\Program Files\dotnet\sdk\9.0.310\Microsoft.Common.CurrentVersion.targets(5093,5): warning MSB3026: Impossible de copier "C:\Users\LEGION\source\repos\PGSH\PGSH.Domain\bin\Debug\net9.0\PGSH.Domain.dll" vers "bin\Debug\net9.0\PGSH.Domain.dll". Nouvelle tentative de l'opération 3 dans 1000 ms. The process cannot access the file 'C:\Users\LEGION\source\repos\PGSH\PGSH.API\bin\Debug\net9.0\PGSH.Domain.dll' because it is being used by another process. Le fichier est verrouillé par : "PGSH.API (22380)" [C:\Users\LEGION\source\repos\PGSH\PGSH.API\PGSH.API.csproj]
C:\Program Files\dotnet\sdk\9.0.310\Microsoft.Common.CurrentVersion.targets(5093,5): warning MSB3026: Impossible de copier "C:\Users\LEGION\source\repos\PGSH\PGSH.ServiceDefaults\bin\Debug\net9.0\PGSH.ServiceDefaults.dll" vers "bin\Debug\net9.0\PGSH.ServiceDefaults.dll". Nouvelle tentative de l'opération 3 dans 1000 ms. The process cannot access the file 'C:\Users\LEGION\source\repos\PGSH\PGSH.API\bin\Debug\net9.0\PGSH.ServiceDefaults.dll' because it is being used by another process. Le fichier est verrouillé par : "PGSH.API (22380)" [C:\Users\LEGION\source\repos\PGSH\PGSH.API\PGSH.API.csproj]
C:\Program Files\dotnet\sdk\9.0.310\Microsoft.Common.CurrentVersion.targets(5093,5): warning MSB3026: Impossible de copier "C:\Users\LEGION\source\repos\PGSH\PGSH.Infrastructure\bin\Debug\net9.0\PGSH.Infrastructure.dll" vers "bin\Debug\net9.0\PGSH.Infrastructure.dll". Nouvelle tentative de l'opération 3 dans 1000 ms. The process cannot access the file 'C:\Users\LEGION\source\repos\PGSH\PGSH.API\bin\Debug\net9.0\PGSH.Infrastructure.dll' because it is being used by another process. Le fichier est verrouillé par : "Microsoft Visual Studio 2022 (32344), PGSH.API (22380)" [C:\Users\LEGION\source\repos\PGSH\PGSH.API\PGSH.API.csproj]
C:\Program Files\dotnet\sdk\9.0.310\Microsoft.Common.CurrentVersion.targets(5093,5): warning MSB3026: Impossible de copier "C:\Users\LEGION\source\repos\PGSH\PGSH.Application\bin\Debug\net9.0\PGSH.Application.dll" vers "bin\Debug\net9.0\PGSH.Application.dll". Nouvelle tentative de l'opération 3 dans 1000 ms. The process cannot access the file 'C:\Users\LEGION\source\repos\PGSH\PGSH.API\bin\Debug\net9.0\PGSH.Application.dll' because it is being used by another process. Le fichier est verrouillé par : "Microsoft Visual Studio 2022 (32344), PGSH.API (22380)" [C:\Users\LEGION\source\repos\PGSH\PGSH.API\PGSH.API.csproj]
C:\Program Files\dotnet\sdk\9.0.310\Microsoft.Common.CurrentVersion.targets(5093,5): warning MSB3026: Impossible de copier "C:\Users\LEGION\source\repos\PGSH\PGSH.Domain\bin\Debug\net9.0\PGSH.Domain.dll" vers "bin\Debug\net9.0\PGSH.Domain.dll". Nouvelle tentative de l'opération 4 dans 1000 ms. The process cannot access the file 'C:\Users\LEGION\source\repos\PGSH\PGSH.API\bin\Debug\net9.0\PGSH.Domain.dll' because it is being used by another process. Le fichier est verrouillé par : "PGSH.API (22380)" [C:\Users\LEGION\source\repos\PGSH\PGSH.API\PGSH.API.csproj]
C:\Program Files\dotnet\sdk\9.0.310\Microsoft.Common.CurrentVersion.targets(5093,5): warning MSB3026: Impossible de copier "C:\Users\LEGION\source\repos\PGSH\PGSH.ServiceDefaults\bin\Debug\net9.0\PGSH.ServiceDefaults.dll" vers "bin\Debug\net9.0\PGSH.ServiceDefaults.dll". Nouvelle tentative de l'opération 4 dans 1000 ms. The process cannot access the file 'C:\Users\LEGION\source\repos\PGSH\PGSH.API\bin\Debug\net9.0\PGSH.ServiceDefaults.dll' because it is being used by another process. Le fichier est verrouillé par : "PGSH.API (22380)" [C:\Users\LEGION\source\repos\PGSH\PGSH.API\PGSH.API.csproj]
C:\Program Files\dotnet\sdk\9.0.310\Microsoft.Common.CurrentVersion.targets(5093,5): warning MSB3026: Impossible de copier "C:\Users\LEGION\source\repos\PGSH\PGSH.SharedKernel\bin\Debug\net9.0\PGSH.SharedKernel.dll" vers "bin\Debug\net9.0\PGSH.SharedKernel.dll". Nouvelle tentative de l'opération 4 dans 1000 ms. The process cannot access the file 'C:\Users\LEGION\source\repos\PGSH\PGSH.API\bin\Debug\net9.0\PGSH.SharedKernel.dll' because it is being used by another process. Le fichier est verrouillé par : "PGSH.API (22380)" [C:\Users\LEGION\source\repos\PGSH\PGSH.API\PGSH.API.csproj]
C:\Program Files\dotnet\sdk\9.0.310\Microsoft.Common.CurrentVersion.targets(5093,5): warning MSB3026: Impossible de copier "C:\Users\LEGION\source\repos\PGSH\PGSH.Infrastructure\bin\Debug\net9.0\PGSH.Infrastructure.dll" vers "bin\Debug\net9.0\PGSH.Infrastructure.dll". Nouvelle tentative de l'opération 4 dans 1000 ms. The process cannot access the file 'C:\Users\LEGION\source\repos\PGSH\PGSH.API\bin\Debug\net9.0\PGSH.Infrastructure.dll' because it is being used by another process. Le fichier est verrouillé par : "Microsoft Visual Studio 2022 (32344), PGSH.API (22380)" [C:\Users\LEGION\source\repos\PGSH\PGSH.API\PGSH.API.csproj]
C:\Program Files\dotnet\sdk\9.0.310\Microsoft.Common.CurrentVersion.targets(5093,5): warning MSB3026: Impossible de copier "C:\Users\LEGION\source\repos\PGSH\PGSH.Application\bin\Debug\net9.0\PGSH.Application.dll" vers "bin\Debug\net9.0\PGSH.Application.dll". Nouvelle tentative de l'opération 4 dans 1000 ms. The process cannot access the file 'C:\Users\LEGION\source\repos\PGSH\PGSH.API\bin\Debug\net9.0\PGSH.Application.dll' because it is being used by another process. Le fichier est verrouillé par : "Microsoft Visual Studio 2022 (32344), PGSH.API (22380)" [C:\Users\LEGION\source\repos\PGSH\PGSH.API\PGSH.API.csproj]
C:\Program Files\dotnet\sdk\9.0.310\Microsoft.Common.CurrentVersion.targets(5093,5): warning MSB3026: Impossible de copier "C:\Users\LEGION\source\repos\PGSH\PGSH.Domain\bin\Debug\net9.0\PGSH.Domain.dll" vers "bin\Debug\net9.0\PGSH.Domain.dll". Nouvelle tentative de l'opération 5 dans 1000 ms. The process cannot access the file 'C:\Users\LEGION\source\repos\PGSH\PGSH.API\bin\Debug\net9.0\PGSH.Domain.dll' because it is being used by another process. Le fichier est verrouillé par : "PGSH.API (22380)" [C:\Users\LEGION\source\repos\PGSH\PGSH.API\PGSH.API.csproj]
C:\Program Files\dotnet\sdk\9.0.310\Microsoft.Common.CurrentVersion.targets(5093,5): warning MSB3026: Impossible de copier "C:\Users\LEGION\source\repos\PGSH\PGSH.ServiceDefaults\bin\Debug\net9.0\PGSH.ServiceDefaults.dll" vers "bin\Debug\net9.0\PGSH.ServiceDefaults.dll". Nouvelle tentative de l'opération 5 dans 1000 ms. The process cannot access the file 'C:\Users\LEGION\source\repos\PGSH\PGSH.API\bin\Debug\net9.0\PGSH.ServiceDefaults.dll' because it is being used by another process. Le fichier est verrouillé par : "PGSH.API (22380)" [C:\Users\LEGION\source\repos\PGSH\PGSH.API\PGSH.API.csproj]
C:\Program Files\dotnet\sdk\9.0.310\Microsoft.Common.CurrentVersion.targets(5093,5): warning MSB3026: Impossible de copier "C:\Users\LEGION\source\repos\PGSH\PGSH.SharedKernel\bin\Debug\net9.0\PGSH.SharedKernel.dll" vers "bin\Debug\net9.0\PGSH.SharedKernel.dll". Nouvelle tentative de l'opération 5 dans 1000 ms. The process cannot access the file 'C:\Users\LEGION\source\repos\PGSH\PGSH.API\bin\Debug\net9.0\PGSH.SharedKernel.dll' because it is being used by another process. Le fichier est verrouillé par : "PGSH.API (22380)" [C:\Users\LEGION\source\repos\PGSH\PGSH.API\PGSH.API.csproj]
C:\Program Files\dotnet\sdk\9.0.310\Microsoft.Common.CurrentVersion.targets(5093,5): warning MSB3026: Impossible de copier "C:\Users\LEGION\source\repos\PGSH\PGSH.Infrastructure\bin\Debug\net9.0\PGSH.Infrastructure.dll" vers "bin\Debug\net9.0\PGSH.Infrastructure.dll". Nouvelle tentative de l'opération 5 dans 1000 ms. The process cannot access the file 'C:\Users\LEGION\source\repos\PGSH\PGSH.API\bin\Debug\net9.0\PGSH.Infrastructure.dll' because it is being used by another process. Le fichier est verrouillé par : "Microsoft Visual Studio 2022 (32344), PGSH.API (22380)" [C:\Users\LEGION\source\repos\PGSH\PGSH.API\PGSH.API.csproj]
C:\Program Files\dotnet\sdk\9.0.310\Microsoft.Common.CurrentVersion.targets(5093,5): warning MSB3026: Impossible de copier "C:\Users\LEGION\source\repos\PGSH\PGSH.Application\bin\Debug\net9.0\PGSH.Application.dll" vers "bin\Debug\net9.0\PGSH.Application.dll". Nouvelle tentative de l'opération 5 dans 1000 ms. The process cannot access the file 'C:\Users\LEGION\source\repos\PGSH\PGSH.API\bin\Debug\net9.0\PGSH.Application.dll' because it is being used by another process. Le fichier est verrouillé par : "Microsoft Visual Studio 2022 (32344), PGSH.API (22380)" [C:\Users\LEGION\source\repos\PGSH\PGSH.API\PGSH.API.csproj]
C:\Program Files\dotnet\sdk\9.0.310\Microsoft.Common.CurrentVersion.targets(5093,5): warning MSB3026: Impossible de copier "C:\Users\LEGION\source\repos\PGSH\PGSH.ServiceDefaults\bin\Debug\net9.0\PGSH.ServiceDefaults.dll" vers "bin\Debug\net9.0\PGSH.ServiceDefaults.dll". Nouvelle tentative de l'opération 6 dans 1000 ms. The process cannot access the file 'C:\Users\LEGION\source\repos\PGSH\PGSH.API\bin\Debug\net9.0\PGSH.ServiceDefaults.dll' because it is being used by another process. Le fichier est verrouillé par : "PGSH.API (22380)" [C:\Users\LEGION\source\repos\PGSH\PGSH.API\PGSH.API.csproj]
C:\Program Files\dotnet\sdk\9.0.310\Microsoft.Common.CurrentVersion.targets(5093,5): warning MSB3026: Impossible de copier "C:\Users\LEGION\source\repos\PGSH\PGSH.SharedKernel\bin\Debug\net9.0\PGSH.SharedKernel.dll" vers "bin\Debug\net9.0\PGSH.SharedKernel.dll". Nouvelle tentative de l'opération 6 dans 1000 ms. The process cannot access the file 'C:\Users\LEGION\source\repos\PGSH\PGSH.API\bin\Debug\net9.0\PGSH.SharedKernel.dll' because it is being used by another process. Le fichier est verrouillé par : "PGSH.API (22380)" [C:\Users\LEGION\source\repos\PGSH\PGSH.API\PGSH.API.csproj]
C:\Program Files\dotnet\sdk\9.0.310\Microsoft.Common.CurrentVersion.targets(5093,5): warning MSB3026: Impossible de copier "C:\Users\LEGION\source\repos\PGSH\PGSH.Domain\bin\Debug\net9.0\PGSH.Domain.dll" vers "bin\Debug\net9.0\PGSH.Domain.dll". Nouvelle tentative de l'opération 6 dans 1000 ms. The process cannot access the file 'C:\Users\LEGION\source\repos\PGSH\PGSH.API\bin\Debug\net9.0\PGSH.Domain.dll' because it is being used by another process. Le fichier est verrouillé par : "PGSH.API (22380)" [C:\Users\LEGION\source\repos\PGSH\PGSH.API\PGSH.API.csproj]
C:\Program Files\dotnet\sdk\9.0.310\Microsoft.Common.CurrentVersion.targets(5093,5): warning MSB3026: Impossible de copier "C:\Users\LEGION\source\repos\PGSH\PGSH.Infrastructure\bin\Debug\net9.0\PGSH.Infrastructure.dll" vers "bin\Debug\net9.0\PGSH.Infrastructure.dll". Nouvelle tentative de l'opération 6 dans 1000 ms. The process cannot access the file 'C:\Users\LEGION\source\repos\PGSH\PGSH.API\bin\Debug\net9.0\PGSH.Infrastructure.dll' because it is being used by another process. Le fichier est verrouillé par : "Microsoft Visual Studio 2022 (32344), PGSH.API (22380)" [C:\Users\LEGION\source\repos\PGSH\PGSH.API\PGSH.API.csproj]
C:\Program Files\dotnet\sdk\9.0.310\Microsoft.Common.CurrentVersion.targets(5093,5): warning MSB3026: Impossible de copier "C:\Users\LEGION\source\repos\PGSH\PGSH.Application\bin\Debug\net9.0\PGSH.Application.dll" vers "bin\Debug\net9.0\PGSH.Application.dll". Nouvelle tentative de l'opération 6 dans 1000 ms. The process cannot access the file 'C:\Users\LEGION\source\repos\PGSH\PGSH.API\bin\Debug\net9.0\PGSH.Application.dll' because it is being used by another process. Le fichier est verrouillé par : "Microsoft Visual Studio 2022 (32344), PGSH.API (22380)" [C:\Users\LEGION\source\repos\PGSH\PGSH.API\PGSH.API.csproj]
C:\Program Files\dotnet\sdk\9.0.310\Microsoft.Common.CurrentVersion.targets(5093,5): warning MSB3026: Impossible de copier "C:\Users\LEGION\source\repos\PGSH\PGSH.Domain\bin\Debug\net9.0\PGSH.Domain.dll" vers "bin\Debug\net9.0\PGSH.Domain.dll". Nouvelle tentative de l'opération 7 dans 1000 ms. The process cannot access the file 'C:\Users\LEGION\source\repos\PGSH\PGSH.API\bin\Debug\net9.0\PGSH.Domain.dll' because it is being used by another process. Le fichier est verrouillé par : "PGSH.API (22380)" [C:\Users\LEGION\source\repos\PGSH\PGSH.API\PGSH.API.csproj]
C:\Program Files\dotnet\sdk\9.0.310\Microsoft.Common.CurrentVersion.targets(5093,5): warning MSB3026: Impossible de copier "C:\Users\LEGION\source\repos\PGSH\PGSH.SharedKernel\bin\Debug\net9.0\PGSH.SharedKernel.dll" vers "bin\Debug\net9.0\PGSH.SharedKernel.dll". Nouvelle tentative de l'opération 7 dans 1000 ms. The process cannot access the file 'C:\Users\LEGION\source\repos\PGSH\PGSH.API\bin\Debug\net9.0\PGSH.SharedKernel.dll' because it is being used by another process. Le fichier est verrouillé par : "PGSH.API (22380)" [C:\Users\LEGION\source\repos\PGSH\PGSH.API\PGSH.API.csproj]
C:\Program Files\dotnet\sdk\9.0.310\Microsoft.Common.CurrentVersion.targets(5093,5): warning MSB3026: Impossible de copier "C:\Users\LEGION\source\repos\PGSH\PGSH.ServiceDefaults\bin\Debug\net9.0\PGSH.ServiceDefaults.dll" vers "bin\Debug\net9.0\PGSH.ServiceDefaults.dll". Nouvelle tentative de l'opération 7 dans 1000 ms. The process cannot access the file 'C:\Users\LEGION\source\repos\PGSH\PGSH.API\bin\Debug\net9.0\PGSH.ServiceDefaults.dll' because it is being used by another process. Le fichier est verrouillé par : "PGSH.API (22380)" [C:\Users\LEGION\source\repos\PGSH\PGSH.API\PGSH.API.csproj]
C:\Program Files\dotnet\sdk\9.0.310\Microsoft.Common.CurrentVersion.targets(5093,5): warning MSB3026: Impossible de copier "C:\Users\LEGION\source\repos\PGSH\PGSH.Application\bin\Debug\net9.0\PGSH.Application.dll" vers "bin\Debug\net9.0\PGSH.Application.dll". Nouvelle tentative de l'opération 7 dans 1000 ms. The process cannot access the file 'C:\Users\LEGION\source\repos\PGSH\PGSH.API\bin\Debug\net9.0\PGSH.Application.dll' because it is being used by another process. Le fichier est verrouillé par : "Microsoft Visual Studio 2022 (32344), PGSH.API (22380)" [C:\Users\LEGION\source\repos\PGSH\PGSH.API\PGSH.API.csproj]
C:\Program Files\dotnet\sdk\9.0.310\Microsoft.Common.CurrentVersion.targets(5093,5): warning MSB3026: Impossible de copier "C:\Users\LEGION\source\repos\PGSH\PGSH.Infrastructure\bin\Debug\net9.0\PGSH.Infrastructure.dll" vers "bin\Debug\net9.0\PGSH.Infrastructure.dll". Nouvelle tentative de l'opération 7 dans 1000 ms. The process cannot access the file 'C:\Users\LEGION\source\repos\PGSH\PGSH.API\bin\Debug\net9.0\PGSH.Infrastructure.dll' because it is being used by another process. Le fichier est verrouillé par : "Microsoft Visual Studio 2022 (32344), PGSH.API (22380)" [C:\Users\LEGION\source\repos\PGSH\PGSH.API\PGSH.API.csproj]
C:\Program Files\dotnet\sdk\9.0.310\Microsoft.Common.CurrentVersion.targets(5093,5): warning MSB3026: Impossible de copier "C:\Users\LEGION\source\repos\PGSH\PGSH.Domain\bin\Debug\net9.0\PGSH.Domain.dll" vers "bin\Debug\net9.0\PGSH.Domain.dll". Nouvelle tentative de l'opération 8 dans 1000 ms. The process cannot access the file 'C:\Users\LEGION\source\repos\PGSH\PGSH.API\bin\Debug\net9.0\PGSH.Domain.dll' because it is being used by another process. Le fichier est verrouillé par : "PGSH.API (22380)" [C:\Users\LEGION\source\repos\PGSH\PGSH.API\PGSH.API.csproj]
C:\Program Files\dotnet\sdk\9.0.310\Microsoft.Common.CurrentVersion.targets(5093,5): warning MSB3026: Impossible de copier "C:\Users\LEGION\source\repos\PGSH\PGSH.ServiceDefaults\bin\Debug\net9.0\PGSH.ServiceDefaults.dll" vers "bin\Debug\net9.0\PGSH.ServiceDefaults.dll". Nouvelle tentative de l'opération 8 dans 1000 ms. The process cannot access the file 'C:\Users\LEGION\source\repos\PGSH\PGSH.API\bin\Debug\net9.0\PGSH.ServiceDefaults.dll' because it is being used by another process. Le fichier est verrouillé par : "PGSH.API (22380)" [C:\Users\LEGION\source\repos\PGSH\PGSH.API\PGSH.API.csproj]
C:\Program Files\dotnet\sdk\9.0.310\Microsoft.Common.CurrentVersion.targets(5093,5): warning MSB3026: Impossible de copier "C:\Users\LEGION\source\repos\PGSH\PGSH.SharedKernel\bin\Debug\net9.0\PGSH.SharedKernel.dll" vers "bin\Debug\net9.0\PGSH.SharedKernel.dll". Nouvelle tentative de l'opération 8 dans 1000 ms. The process cannot access the file 'C:\Users\LEGION\source\repos\PGSH\PGSH.API\bin\Debug\net9.0\PGSH.SharedKernel.dll' because it is being used by another process. Le fichier est verrouillé par : "PGSH.API (22380)" [C:\Users\LEGION\source\repos\PGSH\PGSH.API\PGSH.API.csproj]
C:\Program Files\dotnet\sdk\9.0.310\Microsoft.Common.CurrentVersion.targets(5093,5): warning MSB3026: Impossible de copier "C:\Users\LEGION\source\repos\PGSH\PGSH.Application\bin\Debug\net9.0\PGSH.Application.dll" vers "bin\Debug\net9.0\PGSH.Application.dll". Nouvelle tentative de l'opération 8 dans 1000 ms. The process cannot access the file 'C:\Users\LEGION\source\repos\PGSH\PGSH.API\bin\Debug\net9.0\PGSH.Application.dll' because it is being used by another process. Le fichier est verrouillé par : "Microsoft Visual Studio 2022 (32344), PGSH.API (22380)" [C:\Users\LEGION\source\repos\PGSH\PGSH.API\PGSH.API.csproj]
C:\Program Files\dotnet\sdk\9.0.310\Microsoft.Common.CurrentVersion.targets(5093,5): warning MSB3026: Impossible de copier "C:\Users\LEGION\source\repos\PGSH\PGSH.Infrastructure\bin\Debug\net9.0\PGSH.Infrastructure.dll" vers "bin\Debug\net9.0\PGSH.Infrastructure.dll". Nouvelle tentative de l'opération 8 dans 1000 ms. The process cannot access the file 'C:\Users\LEGION\source\repos\PGSH\PGSH.API\bin\Debug\net9.0\PGSH.Infrastructure.dll' because it is being used by another process. Le fichier est verrouillé par : "Microsoft Visual Studio 2022 (32344), PGSH.API (22380)" [C:\Users\LEGION\source\repos\PGSH\PGSH.API\PGSH.API.csproj]
C:\Program Files\dotnet\sdk\9.0.310\Microsoft.Common.CurrentVersion.targets(5093,5): warning MSB3026: Impossible de copier "C:\Users\LEGION\source\repos\PGSH\PGSH.ServiceDefaults\bin\Debug\net9.0\PGSH.ServiceDefaults.dll" vers "bin\Debug\net9.0\PGSH.ServiceDefaults.dll". Nouvelle tentative de l'opération 9 dans 1000 ms. The process cannot access the file 'C:\Users\LEGION\source\repos\PGSH\PGSH.API\bin\Debug\net9.0\PGSH.ServiceDefaults.dll' because it is being used by another process. Le fichier est verrouillé par : "PGSH.API (22380)" [C:\Users\LEGION\source\repos\PGSH\PGSH.API\PGSH.API.csproj]
C:\Program Files\dotnet\sdk\9.0.310\Microsoft.Common.CurrentVersion.targets(5093,5): warning MSB3026: Impossible de copier "C:\Users\LEGION\source\repos\PGSH\PGSH.Domain\bin\Debug\net9.0\PGSH.Domain.dll" vers "bin\Debug\net9.0\PGSH.Domain.dll". Nouvelle tentative de l'opération 9 dans 1000 ms. The process cannot access the file 'C:\Users\LEGION\source\repos\PGSH\PGSH.API\bin\Debug\net9.0\PGSH.Domain.dll' because it is being used by another process. Le fichier est verrouillé par : "PGSH.API (22380)" [C:\Users\LEGION\source\repos\PGSH\PGSH.API\PGSH.API.csproj]
C:\Program Files\dotnet\sdk\9.0.310\Microsoft.Common.CurrentVersion.targets(5093,5): warning MSB3026: Impossible de copier "C:\Users\LEGION\source\repos\PGSH\PGSH.SharedKernel\bin\Debug\net9.0\PGSH.SharedKernel.dll" vers "bin\Debug\net9.0\PGSH.SharedKernel.dll". Nouvelle tentative de l'opération 9 dans 1000 ms. The process cannot access the file 'C:\Users\LEGION\source\repos\PGSH\PGSH.API\bin\Debug\net9.0\PGSH.SharedKernel.dll' because it is being used by another process. Le fichier est verrouillé par : "PGSH.API (22380)" [C:\Users\LEGION\source\repos\PGSH\PGSH.API\PGSH.API.csproj]
C:\Program Files\dotnet\sdk\9.0.310\Microsoft.Common.CurrentVersion.targets(5093,5): warning MSB3026: Impossible de copier "C:\Users\LEGION\source\repos\PGSH\PGSH.Application\bin\Debug\net9.0\PGSH.Application.dll" vers "bin\Debug\net9.0\PGSH.Application.dll". Nouvelle tentative de l'opération 9 dans 1000 ms. The process cannot access the file 'C:\Users\LEGION\source\repos\PGSH\PGSH.API\bin\Debug\net9.0\PGSH.Application.dll' because it is being used by another process. Le fichier est verrouillé par : "Microsoft Visual Studio 2022 (32344), PGSH.API (22380)" [C:\Users\LEGION\source\repos\PGSH\PGSH.API\PGSH.API.csproj]
C:\Program Files\dotnet\sdk\9.0.310\Microsoft.Common.CurrentVersion.targets(5093,5): warning MSB3026: Impossible de copier "C:\Users\LEGION\source\repos\PGSH\PGSH.Infrastructure\bin\Debug\net9.0\PGSH.Infrastructure.dll" vers "bin\Debug\net9.0\PGSH.Infrastructure.dll". Nouvelle tentative de l'opération 9 dans 1000 ms. The process cannot access the file 'C:\Users\LEGION\source\repos\PGSH\PGSH.API\bin\Debug\net9.0\PGSH.Infrastructure.dll' because it is being used by another process. Le fichier est verrouillé par : "Microsoft Visual Studio 2022 (32344), PGSH.API (22380)" [C:\Users\LEGION\source\repos\PGSH\PGSH.API\PGSH.API.csproj]
C:\Program Files\dotnet\sdk\9.0.310\Microsoft.Common.CurrentVersion.targets(5093,5): warning MSB3026: Impossible de copier "C:\Users\LEGION\source\repos\PGSH\PGSH.Domain\bin\Debug\net9.0\PGSH.Domain.dll" vers "bin\Debug\net9.0\PGSH.Domain.dll". Nouvelle tentative de l'opération 10 dans 1000 ms. The process cannot access the file 'C:\Users\LEGION\source\repos\PGSH\PGSH.API\bin\Debug\net9.0\PGSH.Domain.dll' because it is being used by another process. Le fichier est verrouillé par : "PGSH.API (22380)" [C:\Users\LEGION\source\repos\PGSH\PGSH.API\PGSH.API.csproj]
C:\Program Files\dotnet\sdk\9.0.310\Microsoft.Common.CurrentVersion.targets(5093,5): warning MSB3026: Impossible de copier "C:\Users\LEGION\source\repos\PGSH\PGSH.ServiceDefaults\bin\Debug\net9.0\PGSH.ServiceDefaults.dll" vers "bin\Debug\net9.0\PGSH.ServiceDefaults.dll". Nouvelle tentative de l'opération 10 dans 1000 ms. The process cannot access the file 'C:\Users\LEGION\source\repos\PGSH\PGSH.API\bin\Debug\net9.0\PGSH.ServiceDefaults.dll' because it is being used by another process. Le fichier est verrouillé par : "PGSH.API (22380)" [C:\Users\LEGION\source\repos\PGSH\PGSH.API\PGSH.API.csproj]
C:\Program Files\dotnet\sdk\9.0.310\Microsoft.Common.CurrentVersion.targets(5093,5): warning MSB3026: Impossible de copier "C:\Users\LEGION\source\repos\PGSH\PGSH.SharedKernel\bin\Debug\net9.0\PGSH.SharedKernel.dll" vers "bin\Debug\net9.0\PGSH.SharedKernel.dll". Nouvelle tentative de l'opération 10 dans 1000 ms. The process cannot access the file 'C:\Users\LEGION\source\repos\PGSH\PGSH.API\bin\Debug\net9.0\PGSH.SharedKernel.dll' because it is being used by another process. Le fichier est verrouillé par : "PGSH.API (22380)" [C:\Users\LEGION\source\repos\PGSH\PGSH.API\PGSH.API.csproj]
C:\Program Files\dotnet\sdk\9.0.310\Microsoft.Common.CurrentVersion.targets(5093,5): warning MSB3026: Impossible de copier "C:\Users\LEGION\source\repos\PGSH\PGSH.Infrastructure\bin\Debug\net9.0\PGSH.Infrastructure.dll" vers "bin\Debug\net9.0\PGSH.Infrastructure.dll". Nouvelle tentative de l'opération 10 dans 1000 ms. The process cannot access the file 'C:\Users\LEGION\source\repos\PGSH\PGSH.API\bin\Debug\net9.0\PGSH.Infrastructure.dll' because it is being used by another process. Le fichier est verrouillé par : "Microsoft Visual Studio 2022 (32344), PGSH.API (22380)" [C:\Users\LEGION\source\repos\PGSH\PGSH.API\PGSH.API.csproj]
C:\Program Files\dotnet\sdk\9.0.310\Microsoft.Common.CurrentVersion.targets(5093,5): warning MSB3026: Impossible de copier "C:\Users\LEGION\source\repos\PGSH\PGSH.Application\bin\Debug\net9.0\PGSH.Application.dll" vers "bin\Debug\net9.0\PGSH.Application.dll". Nouvelle tentative de l'opération 10 dans 1000 ms. The process cannot access the file 'C:\Users\LEGION\source\repos\PGSH\PGSH.API\bin\Debug\net9.0\PGSH.Application.dll' because it is being used by another process. Le fichier est verrouillé par : "Microsoft Visual Studio 2022 (32344), PGSH.API (22380)" [C:\Users\LEGION\source\repos\PGSH\PGSH.API\PGSH.API.csproj]
C:\Program Files\dotnet\sdk\9.0.310\Microsoft.Common.CurrentVersion.targets(5093,5): error MSB3027: Impossible de copier "C:\Users\LEGION\source\repos\PGSH\PGSH.Domain\bin\Debug\net9.0\PGSH.Domain.dll" vers "bin\Debug\net9.0\PGSH.Domain.dll". Dépassement du nombre maximal de nouvelles tentatives de 10. Échec. Le fichier est verrouillé par : "PGSH.API (22380)" [C:\Users\LEGION\source\repos\PGSH\PGSH.API\PGSH.API.csproj]
C:\Program Files\dotnet\sdk\9.0.310\Microsoft.Common.CurrentVersion.targets(5093,5): error MSB3021: Impossible de copier le fichier "C:\Users\LEGION\source\repos\PGSH\PGSH.Domain\bin\Debug\net9.0\PGSH.Domain.dll" vers "bin\Debug\net9.0\PGSH.Domain.dll". The process cannot access the file 'C:\Users\LEGION\source\repos\PGSH\PGSH.API\bin\Debug\net9.0\PGSH.Domain.dll' because it is being used by another process. [C:\Users\LEGION\source\repos\PGSH\PGSH.API\PGSH.API.csproj]
C:\Program Files\dotnet\sdk\9.0.310\Microsoft.Common.CurrentVersion.targets(5093,5): error MSB3027: Impossible de copier "C:\Users\LEGION\source\repos\PGSH\PGSH.ServiceDefaults\bin\Debug\net9.0\PGSH.ServiceDefaults.dll" vers "bin\Debug\net9.0\PGSH.ServiceDefaults.dll". Dépassement du nombre maximal de nouvelles tentatives de 10. Échec. Le fichier est verrouillé par : "PGSH.API (22380)" [C:\Users\LEGION\source\repos\PGSH\PGSH.API\PGSH.API.csproj]
C:\Program Files\dotnet\sdk\9.0.310\Microsoft.Common.CurrentVersion.targets(5093,5): error MSB3021: Impossible de copier le fichier "C:\Users\LEGION\source\repos\PGSH\PGSH.ServiceDefaults\bin\Debug\net9.0\PGSH.ServiceDefaults.dll" vers "bin\Debug\net9.0\PGSH.ServiceDefaults.dll". The process cannot access the file 'C:\Users\LEGION\source\repos\PGSH\PGSH.API\bin\Debug\net9.0\PGSH.ServiceDefaults.dll' because it is being used by another process. [C:\Users\LEGION\source\repos\PGSH\PGSH.API\PGSH.API.csproj]
C:\Program Files\dotnet\sdk\9.0.310\Microsoft.Common.CurrentVersion.targets(5093,5): error MSB3027: Impossible de copier "C:\Users\LEGION\source\repos\PGSH\PGSH.SharedKernel\bin\Debug\net9.0\PGSH.SharedKernel.dll" vers "bin\Debug\net9.0\PGSH.SharedKernel.dll". Dépassement du nombre maximal de nouvelles tentatives de 10. Échec. Le fichier est verrouillé par : "PGSH.API (22380)" [C:\Users\LEGION\source\repos\PGSH\PGSH.API\PGSH.API.csproj]
C:\Program Files\dotnet\sdk\9.0.310\Microsoft.Common.CurrentVersion.targets(5093,5): error MSB3021: Impossible de copier le fichier "C:\Users\LEGION\source\repos\PGSH\PGSH.SharedKernel\bin\Debug\net9.0\PGSH.SharedKernel.dll" vers "bin\Debug\net9.0\PGSH.SharedKernel.dll". The process cannot access the file 'C:\Users\LEGION\source\repos\PGSH\PGSH.API\bin\Debug\net9.0\PGSH.SharedKernel.dll' because it is being used by another process. [C:\Users\LEGION\source\repos\PGSH\PGSH.API\PGSH.API.csproj]
C:\Program Files\dotnet\sdk\9.0.310\Microsoft.Common.CurrentVersion.targets(5093,5): error MSB3027: Impossible de copier "C:\Users\LEGION\source\repos\PGSH\PGSH.Infrastructure\bin\Debug\net9.0\PGSH.Infrastructure.dll" vers "bin\Debug\net9.0\PGSH.Infrastructure.dll". Dépassement du nombre maximal de nouvelles tentatives de 10. Échec. Le fichier est verrouillé par : "Microsoft Visual Studio 2022 (32344), PGSH.API (22380)" [C:\Users\LEGION\source\repos\PGSH\PGSH.API\PGSH.API.csproj]
C:\Program Files\dotnet\sdk\9.0.310\Microsoft.Common.CurrentVersion.targets(5093,5): error MSB3021: Impossible de copier le fichier "C:\Users\LEGION\source\repos\PGSH\PGSH.Infrastructure\bin\Debug\net9.0\PGSH.Infrastructure.dll" vers "bin\Debug\net9.0\PGSH.Infrastructure.dll". The process cannot access the file 'C:\Users\LEGION\source\repos\PGSH\PGSH.API\bin\Debug\net9.0\PGSH.Infrastructure.dll' because it is being used by another process. [C:\Users\LEGION\source\repos\PGSH\PGSH.API\PGSH.API.csproj]
C:\Program Files\dotnet\sdk\9.0.310\Microsoft.Common.CurrentVersion.targets(5093,5): error MSB3027: Impossible de copier "C:\Users\LEGION\source\repos\PGSH\PGSH.Application\bin\Debug\net9.0\PGSH.Application.dll" vers "bin\Debug\net9.0\PGSH.Application.dll". Dépassement du nombre maximal de nouvelles tentatives de 10. Échec. Le fichier est verrouillé par : "Microsoft Visual Studio 2022 (32344), PGSH.API (22380)" [C:\Users\LEGION\source\repos\PGSH\PGSH.API\PGSH.API.csproj]
C:\Program Files\dotnet\sdk\9.0.310\Microsoft.Common.CurrentVersion.targets(5093,5): error MSB3021: Impossible de copier le fichier "C:\Users\LEGION\source\repos\PGSH\PGSH.Application\bin\Debug\net9.0\PGSH.Application.dll" vers "bin\Debug\net9.0\PGSH.Application.dll". The process cannot access the file 'C:\Users\LEGION\source\repos\PGSH\PGSH.API\bin\Debug\net9.0\PGSH.Application.dll' because it is being used by another process. [C:\Users\LEGION\source\repos\PGSH\PGSH.API\PGSH.API.csproj]
    160 Avertissement(s)
    10 Erreur(s)

Temps écoulé 00:00:39.51

Des mises à jour de la charge de travail sont disponibles. Exécutez `dotnet workload list` pour plus d’informations.
